Archive member included to satisfy reference by file (symbol)

e:/stm32cubeide_1.7.0/stm32cubeide/plugins/com.st.stm32cube.ide.mcu.externaltools.gnu-tools-for-stm32.9-2020-q2-update.win32_2.0.0.202105311346/tools/bin/../lib/gcc/arm-none-eabi/9.3.1/../../../../arm-none-eabi/lib/thumb/v7e-m+dp/hard\libc_nano.a(lib_a-errno.o)
                              ./Core/Src/syscalls.o (__errno)
e:/stm32cubeide_1.7.0/stm32cubeide/plugins/com.st.stm32cube.ide.mcu.externaltools.gnu-tools-for-stm32.9-2020-q2-update.win32_2.0.0.202105311346/tools/bin/../lib/gcc/arm-none-eabi/9.3.1/../../../../arm-none-eabi/lib/thumb/v7e-m+dp/hard\libc_nano.a(lib_a-exit.o)
                              e:/stm32cubeide_1.7.0/stm32cubeide/plugins/com.st.stm32cube.ide.mcu.externaltools.gnu-tools-for-stm32.9-2020-q2-update.win32_2.0.0.202105311346/tools/bin/../lib/gcc/arm-none-eabi/9.3.1/../../../../arm-none-eabi/lib/thumb/v7e-m+dp/hard/crt0.o (exit)
e:/stm32cubeide_1.7.0/stm32cubeide/plugins/com.st.stm32cube.ide.mcu.externaltools.gnu-tools-for-stm32.9-2020-q2-update.win32_2.0.0.202105311346/tools/bin/../lib/gcc/arm-none-eabi/9.3.1/../../../../arm-none-eabi/lib/thumb/v7e-m+dp/hard\libc_nano.a(lib_a-impure.o)
                              e:/stm32cubeide_1.7.0/stm32cubeide/plugins/com.st.stm32cube.ide.mcu.externaltools.gnu-tools-for-stm32.9-2020-q2-update.win32_2.0.0.202105311346/tools/bin/../lib/gcc/arm-none-eabi/9.3.1/../../../../arm-none-eabi/lib/thumb/v7e-m+dp/hard\libc_nano.a(lib_a-exit.o) (_global_impure_ptr)
e:/stm32cubeide_1.7.0/stm32cubeide/plugins/com.st.stm32cube.ide.mcu.externaltools.gnu-tools-for-stm32.9-2020-q2-update.win32_2.0.0.202105311346/tools/bin/../lib/gcc/arm-none-eabi/9.3.1/../../../../arm-none-eabi/lib/thumb/v7e-m+dp/hard\libc_nano.a(lib_a-init.o)
                              e:/stm32cubeide_1.7.0/stm32cubeide/plugins/com.st.stm32cube.ide.mcu.externaltools.gnu-tools-for-stm32.9-2020-q2-update.win32_2.0.0.202105311346/tools/bin/../lib/gcc/arm-none-eabi/9.3.1/../../../../arm-none-eabi/lib/thumb/v7e-m+dp/hard/crt0.o (__libc_init_array)
e:/stm32cubeide_1.7.0/stm32cubeide/plugins/com.st.stm32cube.ide.mcu.externaltools.gnu-tools-for-stm32.9-2020-q2-update.win32_2.0.0.202105311346/tools/bin/../lib/gcc/arm-none-eabi/9.3.1/../../../../arm-none-eabi/lib/thumb/v7e-m+dp/hard\libc_nano.a(lib_a-memcmp.o)
                              ./Core/Src/hid_bootloader.o (memcmp)
e:/stm32cubeide_1.7.0/stm32cubeide/plugins/com.st.stm32cube.ide.mcu.externaltools.gnu-tools-for-stm32.9-2020-q2-update.win32_2.0.0.202105311346/tools/bin/../lib/gcc/arm-none-eabi/9.3.1/../../../../arm-none-eabi/lib/thumb/v7e-m+dp/hard\libc_nano.a(lib_a-memset.o)
                              e:/stm32cubeide_1.7.0/stm32cubeide/plugins/com.st.stm32cube.ide.mcu.externaltools.gnu-tools-for-stm32.9-2020-q2-update.win32_2.0.0.202105311346/tools/bin/../lib/gcc/arm-none-eabi/9.3.1/../../../../arm-none-eabi/lib/thumb/v7e-m+dp/hard/crt0.o (memset)
e:/stm32cubeide_1.7.0/stm32cubeide/plugins/com.st.stm32cube.ide.mcu.externaltools.gnu-tools-for-stm32.9-2020-q2-update.win32_2.0.0.202105311346/tools/bin/../lib/gcc/arm-none-eabi/9.3.1/../../../../arm-none-eabi/lib/thumb/v7e-m+dp/hard\libc_nano.a(lib_a-sprintf.o)
                              ./Core/Src/hid_bootloader.o (sprintf)
e:/stm32cubeide_1.7.0/stm32cubeide/plugins/com.st.stm32cube.ide.mcu.externaltools.gnu-tools-for-stm32.9-2020-q2-update.win32_2.0.0.202105311346/tools/bin/../lib/gcc/arm-none-eabi/9.3.1/../../../../arm-none-eabi/lib/thumb/v7e-m+dp/hard\libc_nano.a(lib_a-nano-svfprintf.o)
                              e:/stm32cubeide_1.7.0/stm32cubeide/plugins/com.st.stm32cube.ide.mcu.externaltools.gnu-tools-for-stm32.9-2020-q2-update.win32_2.0.0.202105311346/tools/bin/../lib/gcc/arm-none-eabi/9.3.1/../../../../arm-none-eabi/lib/thumb/v7e-m+dp/hard\libc_nano.a(lib_a-sprintf.o) (_svfprintf_r)
e:/stm32cubeide_1.7.0/stm32cubeide/plugins/com.st.stm32cube.ide.mcu.externaltools.gnu-tools-for-stm32.9-2020-q2-update.win32_2.0.0.202105311346/tools/bin/../lib/gcc/arm-none-eabi/9.3.1/../../../../arm-none-eabi/lib/thumb/v7e-m+dp/hard\libc_nano.a(lib_a-nano-vfprintf_i.o)
                              e:/stm32cubeide_1.7.0/stm32cubeide/plugins/com.st.stm32cube.ide.mcu.externaltools.gnu-tools-for-stm32.9-2020-q2-update.win32_2.0.0.202105311346/tools/bin/../lib/gcc/arm-none-eabi/9.3.1/../../../../arm-none-eabi/lib/thumb/v7e-m+dp/hard\libc_nano.a(lib_a-nano-svfprintf.o) (_printf_i)
e:/stm32cubeide_1.7.0/stm32cubeide/plugins/com.st.stm32cube.ide.mcu.externaltools.gnu-tools-for-stm32.9-2020-q2-update.win32_2.0.0.202105311346/tools/bin/../lib/gcc/arm-none-eabi/9.3.1/../../../../arm-none-eabi/lib/thumb/v7e-m+dp/hard\libc_nano.a(lib_a-memchr.o)
                              e:/stm32cubeide_1.7.0/stm32cubeide/plugins/com.st.stm32cube.ide.mcu.externaltools.gnu-tools-for-stm32.9-2020-q2-update.win32_2.0.0.202105311346/tools/bin/../lib/gcc/arm-none-eabi/9.3.1/../../../../arm-none-eabi/lib/thumb/v7e-m+dp/hard\libc_nano.a(lib_a-nano-svfprintf.o) (memchr)
[...]
Memory Configuration

Name             Origin             Length             Attributes
FLASH            0x0000000008000000 0x0000000000200000 xr
DTCMRAM          0x0000000020000000 0x0000000000020000 xrw
RAM_D1           0x0000000024000000 0x0000000000080000 xrw
RAM_D2           0x0000000030000000 0x0000000000048000 xrw
RAM_D3           0x0000000038000000 0x0000000000010000 xrw
ITCMRAM          0x0000000000000000 0x0000000000010000 xrw
*default*        0x0000000000000000 0xffffffffffffffff

Linker script and memory map

LOAD e:/stm32cubeide_1.7.0/stm32cubeide/plugins/com.st.stm32cube.ide.mcu.externaltools.gnu-tools-for-stm32.9-2020-q2-update.win32_2.0.0.202105311346/tools/bin/../lib/gcc/arm-none-eabi/9.3.1/thumb/v7e-m+dp/hard/crti.o
LOAD e:/stm32cubeide_1.7.0/stm32cubeide/plugins/com.st.stm32cube.ide.mcu.externaltools.gnu-tools-for-stm32.9-2020-q2-update.win32_2.0.0.202105311346/tools/bin/../lib/gcc/arm-none-eabi/9.3.1/thumb/v7e-m+dp/hard/crtbegin.o
LOAD e:/stm32cubeide_1.7.0/stm32cubeide/plugins/com.st.stm32cube.ide.mcu.externaltools.gnu-tools-for-stm32.9-2020-q2-update.win32_2.0.0.202105311346/tools/bin/../lib/gcc/arm-none-eabi/9.3.1/../../../../arm-none-eabi/lib/thumb/v7e-m+dp/hard/crt0.o
LOAD ./Core/Src/debug.o
LOAD ./Core/Src/gpio.o
LOAD ./Core/Src/hid_bootloader.o
LOAD ./Core/Src/main.o
LOAD ./Core/Src/quadspi.o
LOAD ./Core/Src/rtc.o
LOAD ./Core/Src/stm32h7xx_hal_msp.o
LOAD ./Core/Src/stm32h7xx_it.o
LOAD ./Core/Src/syscalls.o
LOAD ./Core/Src/sysmem.o
LOAD ./Core/Src/system_stm32h7xx.o
LOAD ./Core/Startup/startup_stm32h743vitx.o
LOAD ./Drivers/BSP/w25qxx/w25qxx_qspi.o
LOAD ./Drivers/STM32H7xx_HAL_Driver/Src/stm32h7xx_hal.o
LOAD ./Drivers/STM32H7xx_HAL_Driver/Src/stm32h7xx_hal_cortex.o
LOAD ./Drivers/STM32H7xx_HAL_Driver/Src/stm32h7xx_hal_dma.o
LOAD ./Drivers/STM32H7xx_HAL_Driver/Src/stm32h7xx_hal_dma_ex.o
LOAD ./Drivers/STM32H7xx_HAL_Driver/Src/stm32h7xx_hal_exti.o
LOAD ./Drivers/STM32H7xx_HAL_Driver/Src/stm32h7xx_hal_flash.o
LOAD ./Drivers/STM32H7xx_HAL_Driver/Src/stm32h7xx_hal_flash_ex.o
LOAD ./Drivers/STM32H7xx_HAL_Driver/Src/stm32h7xx_hal_gpio.o
LOAD ./Drivers/STM32H7xx_HAL_Driver/Src/stm32h7xx_hal_hsem.o
LOAD ./Drivers/STM32H7xx_HAL_Driver/Src/stm32h7xx_hal_i2c.o
LOAD ./Drivers/STM32H7xx_HAL_Driver/Src/stm32h7xx_hal_i2c_ex.o
LOAD ./Drivers/STM32H7xx_HAL_Driver/Src/stm32h7xx_hal_mdma.o
LOAD ./Drivers/STM32H7xx_HAL_Driver/Src/stm32h7xx_hal_pcd.o
LOAD ./Drivers/STM32H7xx_HAL_Driver/Src/stm32h7xx_hal_pcd_ex.o
LOAD ./Drivers/STM32H7xx_HAL_Driver/Src/stm32h7xx_hal_pwr.o
LOAD ./Drivers/STM32H7xx_HAL_Driver/Src/stm32h7xx_hal_pwr_ex.o
LOAD ./Drivers/STM32H7xx_HAL_Driver/Src/stm32h7xx_hal_qspi.o
LOAD ./Drivers/STM32H7xx_HAL_Driver/Src/stm32h7xx_hal_rcc.o
LOAD ./Drivers/STM32H7xx_HAL_Driver/Src/stm32h7xx_hal_rcc_ex.o
LOAD ./Drivers/STM32H7xx_HAL_Driver/Src/stm32h7xx_hal_rtc.o
LOAD ./Drivers/STM32H7xx_HAL_Driver/Src/stm32h7xx_hal_rtc_ex.o
LOAD ./Drivers/STM32H7xx_HAL_Driver/Src/stm32h7xx_hal_tim.o
LOAD ./Drivers/STM32H7xx_HAL_Driver/Src/stm32h7xx_hal_tim_ex.o
LOAD ./Drivers/STM32H7xx_HAL_Driver/Src/stm32h7xx_ll_usb.o
LOAD ./Middlewares/ST/STM32_USB_Device_Library/Class/CustomHID/Src/usbd_customhid.o
LOAD ./Middlewares/ST/STM32_USB_Device_Library/Core/Src/usbd_core.o
LOAD ./Middlewares/ST/STM32_USB_Device_Library/Core/Src/usbd_ctlreq.o
LOAD ./Middlewares/ST/STM32_USB_Device_Library/Core/Src/usbd_ioreq.o
LOAD ./USB_DEVICE/App/usb_device.o
LOAD ./USB_DEVICE/App/usbd_custom_hid_if.o
LOAD ./USB_DEVICE/App/usbd_desc.o
LOAD ./USB_DEVICE/Target/usbd_conf.o
START GROUP
LOAD e:/stm32cubeide_1.7.0/stm32cubeide/plugins/com.st.stm32cube.ide.mcu.externaltools.gnu-tools-for-stm32.9-2020-q2-update.win32_2.0.0.202105311346/tools/bin/../lib/gcc/arm-none-eabi/9.3.1/../../../../arm-none-eabi/lib/thumb/v7e-m+dp/hard\libc_nano.a
LOAD e:/stm32cubeide_1.7.0/stm32cubeide/plugins/com.st.stm32cube.ide.mcu.externaltools.gnu-tools-for-stm32.9-2020-q2-update.win32_2.0.0.202105311346/tools/bin/../lib/gcc/arm-none-eabi/9.3.1/../../../../arm-none-eabi/lib/thumb/v7e-m+dp/hard\libm.a
END GROUP
START GROUP
LOAD e:/stm32cubeide_1.7.0/stm32cubeide/plugins/com.st.stm32cube.ide.mcu.externaltools.gnu-tools-for-stm32.9-2020-q2-update.win32_2.0.0.202105311346/tools/bin/../lib/gcc/arm-none-eabi/9.3.1/thumb/v7e-m+dp/hard\libgcc.a
LOAD e:/stm32cubeide_1.7.0/stm32cubeide/plugins/com.st.stm32cube.ide.mcu.externaltools.gnu-tools-for-stm32.9-2020-q2-update.win32_2.0.0.202105311346/tools/bin/../lib/gcc/arm-none-eabi/9.3.1/../../../../arm-none-eabi/lib/thumb/v7e-m+dp/hard\libc_nano.a
END GROUP
START GROUP
LOAD e:/stm32cubeide_1.7.0/stm32cubeide/plugins/com.st.stm32cube.ide.mcu.externaltools.gnu-tools-for-stm32.9-2020-q2-update.win32_2.0.0.202105311346/tools/bin/../lib/gcc/arm-none-eabi/9.3.1/thumb/v7e-m+dp/hard\libgcc.a
LOAD e:/stm32cubeide_1.7.0/stm32cubeide/plugins/com.st.stm32cube.ide.mcu.externaltools.gnu-tools-for-stm32.9-2020-q2-update.win32_2.0.0.202105311346/tools/bin/../lib/gcc/arm-none-eabi/9.3.1/../../../../arm-none-eabi/lib/thumb/v7e-m+dp/hard\libc_nano.a
LOAD e:/stm32cubeide_1.7.0/stm32cubeide/plugins/com.st.stm32cube.ide.mcu.externaltools.gnu-tools-for-stm32.9-2020-q2-update.win32_2.0.0.202105311346/tools/bin/../lib/gcc/arm-none-eabi/9.3.1/../../../../arm-none-eabi/lib/thumb/v7e-m+dp/hard\libnosys.a
END GROUP
START GROUP
LOAD e:/stm32cubeide_1.7.0/stm32cubeide/plugins/com.st.stm32cube.ide.mcu.externaltools.gnu-tools-for-stm32.9-2020-q2-update.win32_2.0.0.202105311346/tools/bin/../lib/gcc/arm-none-eabi/9.3.1/thumb/v7e-m+dp/hard\libgcc.a
LOAD e:/stm32cubeide_1.7.0/stm32cubeide/plugins/com.st.stm32cube.ide.mcu.externaltools.gnu-tools-for-stm32.9-2020-q2-update.win32_2.0.0.202105311346/tools/bin/../lib/gcc/arm-none-eabi/9.3.1/../../../../arm-none-eabi/lib/thumb/v7e-m+dp/hard\libc_nano.a
LOAD e:/stm32cubeide_1.7.0/stm32cubeide/plugins/com.st.stm32cube.ide.mcu.externaltools.gnu-tools-for-stm32.9-2020-q2-update.win32_2.0.0.202105311346/tools/bin/../lib/gcc/arm-none-eabi/9.3.1/../../../../arm-none-eabi/lib/thumb/v7e-m+dp/hard\libnosys.a
END GROUP
LOAD e:/stm32cubeide_1.7.0/stm32cubeide/plugins/com.st.stm32cube.ide.mcu.externaltools.gnu-tools-for-stm32.9-2020-q2-update.win32_2.0.0.202105311346/tools/bin/../lib/gcc/arm-none-eabi/9.3.1/thumb/v7e-m+dp/hard/crtend.o
LOAD e:/stm32cubeide_1.7.0/stm32cubeide/plugins/com.st.stm32cube.ide.mcu.externaltools.gnu-tools-for-stm32.9-2020-q2-update.win32_2.0.0.202105311346/tools/bin/../lib/gcc/arm-none-eabi/9.3.1/thumb/v7e-m+dp/hard/crtn.o
                0x0000000024080000                _estack = (ORIGIN (RAM_D1) + LENGTH (RAM_D1))
                0x0000000000000200                _Min_Heap_Size = 0x200
                0x0000000000000400                _Min_Stack_Size = 0x400

.isr_vector     0x0000000008000000      0x298
                0x0000000008000000                . = ALIGN (0x4)
 *(.isr_vector)
 .isr_vector    0x0000000008000000      0x298 ./Core/Startup/startup_stm32h743vitx.o
                0x0000000008000000                g_pfnVectors
                0x0000000008000298                . = ALIGN (0x4)

.text           0x00000000080002a0     0xa5e0
                0x00000000080002a0                . = ALIGN (0x4)
 *(.text)
 .text          0x00000000080002a0       0x40 e:/stm32cubeide_1.7.0/stm32cubeide/plugins/com.st.stm32cube.ide.mcu.externaltools.gnu-tools-for-stm32.9-2020-q2-update.win32_2.0.0.202105311346/tools/bin/../lib/gcc/arm-none-eabi/9.3.1/thumb/v7e-m+dp/hard/crtbegin.o
 .text          0x00000000080002e0       0xa0 e:/stm32cubeide_1.7.0/stm32cubeide/plugins/com.st.stm32cube.ide.mcu.externaltools.gnu-tools-for-stm32.9-2020-q2-update.win32_2.0.0.202105311346/tools/bin/../lib/gcc/arm-none-eabi/9.3.1/../../../../arm-none-eabi/lib/thumb/v7e-m+dp/hard\libc_nano.a(lib_a-memchr.o)
                0x00000000080002e0                memchr
 *(.text*)
 .text.MX_GPIO_Init
                0x0000000008000380      0x120 ./Core/Src/gpio.o
                0x0000000008000380                MX_GPIO_Init
 .text.hid_bootloader_Run
                0x00000000080004a0      0x1a0 ./Core/Src/hid_bootloader.o
                0x00000000080004a0                hid_bootloader_Run
 .text.write_flash_sector
                0x0000000008000640       0x64 ./Core/Src/hid_bootloader.o
 .text.erase_app_flash
                0x00000000080006a4       0xa8 ./Core/Src/hid_bootloader.o
 .text.app_IsReady
                0x000000000800074c       0x6c ./Core/Src/main.o
                0x000000000800074c                app_IsReady
 .text.app_Jump
                0x00000000080007b8       0x2e ./Core/Src/main.o
                0x00000000080007b8                app_Jump
 *fill*         0x00000000080007e6        0x2 
 .text.main     0x00000000080007e8      0x2d4 ./Core/Src/main.o
                0x00000000080007e8                main
 .text.SystemClock_Config
                0x0000000008000abc      0x118 ./Core/Src/main.o
                0x0000000008000abc                SystemClock_Config
 .text.CPU_CACHE_Disable
                0x0000000008000bd4       0xb8 ./Core/Src/main.o
 .text.Error_Handler
                0x0000000008000c8c        0xe ./Core/Src/main.o
                0x0000000008000c8c                Error_Handler
 *fill*         0x0000000008000c9a        0x2 
 .text.MX_QUADSPI_Init
                0x0000000008000c9c       0x58 ./Core/Src/quadspi.o
                0x0000000008000c9c                MX_QUADSPI_Init
 .text.HAL_QSPI_MspInit
                0x0000000008000cf4      0x190 ./Core/Src/quadspi.o
                0x0000000008000cf4                HAL_QSPI_MspInit
 .text.HAL_QSPI_MspDeInit
                0x0000000008000e84       0x58 ./Core/Src/quadspi.o
                0x0000000008000e84                HAL_QSPI_MspDeInit
 .text.MX_RTC_Init
                0x0000000008000edc       0x50 ./Core/Src/rtc.o
                0x0000000008000edc                MX_RTC_Init
 .text.HAL_RTC_MspInit
                0x0000000008000f2c       0x60 ./Core/Src/rtc.o
                0x0000000008000f2c                HAL_RTC_MspInit
 .text.HAL_MspInit
                0x0000000008000f8c       0x34 ./Core/Src/stm32h7xx_hal_msp.o
                0x0000000008000f8c                HAL_MspInit
 .text.NMI_Handler
                0x0000000008000fc0        0xe ./Core/Src/stm32h7xx_it.o
                0x0000000008000fc0                NMI_Handler
 .text.HardFault_Handler
                0x0000000008000fce        0x6 ./Core/Src/stm32h7xx_it.o
                0x0000000008000fce                HardFault_Handler
 .text.MemManage_Handler
                0x0000000008000fd4        0x6 ./Core/Src/stm32h7xx_it.o
                0x0000000008000fd4                MemManage_Handler
 .text.BusFault_Handler
                0x0000000008000fda        0x6 ./Core/Src/stm32h7xx_it.o
                0x0000000008000fda                BusFault_Handler
 .text.UsageFault_Handler
                0x0000000008000fe0        0x6 ./Core/Src/stm32h7xx_it.o
                0x0000000008000fe0                UsageFault_Handler
 .text.SVC_Handler
                0x0000000008000fe6        0xe ./Core/Src/stm32h7xx_it.o
                0x0000000008000fe6                SVC_Handler
 .text.DebugMon_Handler
                0x0000000008000ff4        0xe ./Core/Src/stm32h7xx_it.o
                0x0000000008000ff4                DebugMon_Handler
 .text.PendSV_Handler
                0x0000000008001002        0xe ./Core/Src/stm32h7xx_it.o
                0x0000000008001002                PendSV_Handler
 .text.SysTick_Handler
                0x0000000008001010        0xc ./Core/Src/stm32h7xx_it.o
                0x0000000008001010                SysTick_Handler
 .text.OTG_FS_IRQHandler
                0x000000000800101c       0x14 ./Core/Src/stm32h7xx_it.o
                0x000000000800101c                OTG_FS_IRQHandler
 .text._sbrk    0x0000000008001030       0x6c ./Core/Src/sysmem.o
                0x0000000008001030                _sbrk
 .text.SystemInit
                0x000000000800109c       0xc4 ./Core/Src/system_stm32h7xx.o
                0x000000000800109c                SystemInit
 .text.Reset_Handler
                0x0000000008001160       0x50 ./Core/Startup/startup_stm32h743vitx.o
                0x0000000008001160                Reset_Handler
 .text.Default_Handler
                0x00000000080011b0        0x2 ./Core/Startup/startup_stm32h743vitx.o
                0x00000000080011b0                RTC_Alarm_IRQHandler
                0x00000000080011b0                EXTI2_IRQHandler
                0x00000000080011b0                TIM8_CC_IRQHandler
                0x00000000080011b0                HRTIM1_Master_IRQHandler
                0x00000000080011b0                UART8_IRQHandler
                0x00000000080011b0                SPI4_IRQHandler
                0x00000000080011b0                TIM1_CC_IRQHandler
                0x00000000080011b0                BDMA_Channel6_IRQHandler
                0x00000000080011b0                DMA2_Stream5_IRQHandler
                0x00000000080011b0                HRTIM1_FLT_IRQHandler
                0x00000000080011b0                JPEG_IRQHandler
                0x00000000080011b0                DMA1_Stream5_IRQHandler
                0x00000000080011b0                BDMA_Channel1_IRQHandler
                0x00000000080011b0                HRTIM1_TIMD_IRQHandler
                0x00000000080011b0                TAMP_STAMP_IRQHandler
                0x00000000080011b0                EXTI3_IRQHandler
                0x00000000080011b0                LPTIM4_IRQHandler
                0x00000000080011b0                TIM8_TRG_COM_TIM14_IRQHandler
                0x00000000080011b0                LPTIM2_IRQHandler
                0x00000000080011b0                DFSDM1_FLT1_IRQHandler
                0x00000000080011b0                DMAMUX2_OVR_IRQHandler
                0x00000000080011b0                TIM8_UP_TIM13_IRQHandler
                0x00000000080011b0                I2C3_ER_IRQHandler
                0x00000000080011b0                DFSDM1_FLT2_IRQHandler
                0x00000000080011b0                MDMA_IRQHandler
                0x00000000080011b0                LPTIM3_IRQHandler
                0x00000000080011b0                HSEM1_IRQHandler
                0x00000000080011b0                EXTI0_IRQHandler
                0x00000000080011b0                I2C2_EV_IRQHandler
                0x00000000080011b0                DMA1_Stream2_IRQHandler
                0x00000000080011b0                FPU_IRQHandler
                0x00000000080011b0                OTG_HS_WKUP_IRQHandler
                0x00000000080011b0                FDCAN1_IT1_IRQHandler
                0x00000000080011b0                LTDC_ER_IRQHandler
                0x00000000080011b0                DMA2_Stream2_IRQHandler
                0x00000000080011b0                HRTIM1_TIME_IRQHandler
                0x00000000080011b0                SPI1_IRQHandler
                0x00000000080011b0                TIM6_DAC_IRQHandler
                0x00000000080011b0                DCMI_IRQHandler
                0x00000000080011b0                HRTIM1_TIMC_IRQHandler
                0x00000000080011b0                DMA2_Stream3_IRQHandler
                0x00000000080011b0                SAI2_IRQHandler
                0x00000000080011b0                DFSDM1_FLT3_IRQHandler
                0x00000000080011b0                USART6_IRQHandler
                0x00000000080011b0                TIM17_IRQHandler
                0x00000000080011b0                USART3_IRQHandler
                0x00000000080011b0                BDMA_Channel7_IRQHandler
                0x00000000080011b0                LPTIM5_IRQHandler
                0x00000000080011b0                UART5_IRQHandler
                0x00000000080011b0                ADC3_IRQHandler
                0x00000000080011b0                DMA2_Stream0_IRQHandler
                0x00000000080011b0                TIM4_IRQHandler
                0x00000000080011b0                BDMA_Channel2_IRQHandler
                0x00000000080011b0                QUADSPI_IRQHandler
                0x00000000080011b0                I2C1_EV_IRQHandler
                0x00000000080011b0                DMA1_Stream6_IRQHandler
                0x00000000080011b0                DMAMUX1_OVR_IRQHandler
                0x00000000080011b0                DMA1_Stream1_IRQHandler
                0x00000000080011b0                TIM16_IRQHandler
                0x00000000080011b0                UART4_IRQHandler
                0x00000000080011b0                BDMA_Channel5_IRQHandler
                0x00000000080011b0                TIM3_IRQHandler
                0x00000000080011b0                RCC_IRQHandler
                0x00000000080011b0                TIM8_BRK_TIM12_IRQHandler
                0x00000000080011b0                TIM1_TRG_COM_IRQHandler
                0x00000000080011b0                Default_Handler
                0x00000000080011b0                ECC_IRQHandler
                0x00000000080011b0                CEC_IRQHandler
                0x00000000080011b0                EXTI15_10_IRQHandler
                0x00000000080011b0                BDMA_Channel0_IRQHandler
                0x00000000080011b0                ADC_IRQHandler
                0x00000000080011b0                DMA1_Stream7_IRQHandler
                0x00000000080011b0                HRTIM1_TIMA_IRQHandler
                0x00000000080011b0                SPI5_IRQHandler
                0x00000000080011b0                TIM7_IRQHandler
                0x00000000080011b0                SDMMC1_IRQHandler
                0x00000000080011b0                TIM5_IRQHandler
                0x00000000080011b0                DMA2_Stream7_IRQHandler
                0x00000000080011b0                TIM15_IRQHandler
                0x00000000080011b0                PVD_AVD_IRQHandler
                0x00000000080011b0                I2C3_EV_IRQHandler
                0x00000000080011b0                EXTI9_5_IRQHandler
                0x00000000080011b0                RTC_WKUP_IRQHandler
                0x00000000080011b0                LTDC_IRQHandler
                0x00000000080011b0                SAI3_IRQHandler
                0x00000000080011b0                ETH_WKUP_IRQHandler
                0x00000000080011b0                SPDIF_RX_IRQHandler
                0x00000000080011b0                SPI2_IRQHandler
                0x00000000080011b0                OTG_HS_EP1_IN_IRQHandler
                0x00000000080011b0                DMA1_Stream0_IRQHandler
                0x00000000080011b0                CRS_IRQHandler
                0x00000000080011b0                EXTI4_IRQHandler
                0x00000000080011b0                RNG_IRQHandler
                0x00000000080011b0                HRTIM1_TIMB_IRQHandler
                0x00000000080011b0                FDCAN2_IT1_IRQHandler
                0x00000000080011b0                ETH_IRQHandler
                0x00000000080011b0                TIM1_UP_IRQHandler
                0x00000000080011b0                BDMA_Channel4_IRQHandler
                0x00000000080011b0                OTG_HS_EP1_OUT_IRQHandler
                0x00000000080011b0                WWDG_IRQHandler
                0x00000000080011b0                SPI6_IRQHandler
                0x00000000080011b0                MDIOS_IRQHandler
                0x00000000080011b0                I2C4_EV_IRQHandler
                0x00000000080011b0                FDCAN2_IT0_IRQHandler
                0x00000000080011b0                LPUART1_IRQHandler
                0x00000000080011b0                FDCAN1_IT0_IRQHandler
                0x00000000080011b0                TIM2_IRQHandler
                0x00000000080011b0                OTG_FS_WKUP_IRQHandler
                0x00000000080011b0                OTG_HS_IRQHandler
                0x00000000080011b0                DMA2D_IRQHandler
                0x00000000080011b0                TIM1_BRK_IRQHandler
                0x00000000080011b0                EXTI1_IRQHandler
                0x00000000080011b0                SDMMC2_IRQHandler
                0x00000000080011b0                OTG_FS_EP1_OUT_IRQHandler
                0x00000000080011b0                BDMA_Channel3_IRQHandler
                0x00000000080011b0                UART7_IRQHandler
                0x00000000080011b0                MDIOS_WKUP_IRQHandler
                0x00000000080011b0                USART2_IRQHandler
                0x00000000080011b0                DFSDM1_FLT0_IRQHandler
                0x00000000080011b0                SAI4_IRQHandler
                0x00000000080011b0                I2C2_ER_IRQHandler
                0x00000000080011b0                DMA2_Stream1_IRQHandler
                0x00000000080011b0                FLASH_IRQHandler
                0x00000000080011b0                DMA2_Stream4_IRQHandler
                0x00000000080011b0                USART1_IRQHandler
                0x00000000080011b0                SPI3_IRQHandler
                0x00000000080011b0                WAKEUP_PIN_IRQHandler
                0x00000000080011b0                DMA1_Stream4_IRQHandler
                0x00000000080011b0                OTG_FS_EP1_IN_IRQHandler
                0x00000000080011b0                I2C1_ER_IRQHandler
                0x00000000080011b0                FMC_IRQHandler
                0x00000000080011b0                FDCAN_CAL_IRQHandler
                0x00000000080011b0                SWPMI1_IRQHandler
                0x00000000080011b0                COMP1_IRQHandler
                0x00000000080011b0                LPTIM1_IRQHandler
                0x00000000080011b0                I2C4_ER_IRQHandler
                0x00000000080011b0                DMA2_Stream6_IRQHandler
                0x00000000080011b0                SAI1_IRQHandler
                0x00000000080011b0                DMA1_Stream3_IRQHandler
 *fill*         0x00000000080011b2        0x2 
 .text.w25qxx_Init
                0x00000000080011b4       0x38 ./Drivers/BSP/w25qxx/w25qxx_qspi.o
                0x00000000080011b4                w25qxx_Init
 .text.w25qxx_GetID
                0x00000000080011ec       0x9c ./Drivers/BSP/w25qxx/w25qxx_qspi.o
                0x00000000080011ec                w25qxx_GetID
 .text.w25qxx_ReadSR
                0x0000000008001288       0x84 ./Drivers/BSP/w25qxx/w25qxx_qspi.o
                0x0000000008001288                w25qxx_ReadSR
 .text.w25qxx_WriteSR
                0x000000000800130c       0x84 ./Drivers/BSP/w25qxx/w25qxx_qspi.o
                0x000000000800130c                w25qxx_WriteSR
 .text.w25qxx_ReadAllStatusReg
                0x0000000008001390       0x38 ./Drivers/BSP/w25qxx/w25qxx_qspi.o
                0x0000000008001390                w25qxx_ReadAllStatusReg
 .text.W25QXX_Wait_Busy
                0x00000000080013c8       0x1c ./Drivers/BSP/w25qxx/w25qxx_qspi.o
                0x00000000080013c8                W25QXX_Wait_Busy
 .text.w25qxx_SetReadParameters
                0x00000000080013e4       0x7c ./Drivers/BSP/w25qxx/w25qxx_qspi.o
                0x00000000080013e4                w25qxx_SetReadParameters
 .text.w25qxx_EnterQPI
                0x0000000008001460       0x28 ./Drivers/BSP/w25qxx/w25qxx_qspi.o
                0x0000000008001460                w25qxx_EnterQPI
 .text.w25qxx_Startup
                0x0000000008001488       0x2c ./Drivers/BSP/w25qxx/w25qxx_qspi.o
                0x0000000008001488                w25qxx_Startup
 .text.W25qxx_WriteEnable
                0x00000000080014b4       0x18 ./Drivers/BSP/w25qxx/w25qxx_qspi.o
                0x00000000080014b4                W25qxx_WriteEnable
 .text.W25qxx_EraseSector
                0x00000000080014cc       0x8c ./Drivers/BSP/w25qxx/w25qxx_qspi.o
                0x00000000080014cc                W25qxx_EraseSector
 .text.W25qxx_PageProgram
                0x0000000008001558       0xa4 ./Drivers/BSP/w25qxx/w25qxx_qspi.o
                0x0000000008001558                W25qxx_PageProgram
 .text.W25qxx_Read
                0x00000000080015fc       0xac ./Drivers/BSP/w25qxx/w25qxx_qspi.o
                0x00000000080015fc                W25qxx_Read
 .text.W25qxx_WriteNoCheck
                0x00000000080016a8       0x72 ./Drivers/BSP/w25qxx/w25qxx_qspi.o
                0x00000000080016a8                W25qxx_WriteNoCheck
 *fill*         0x000000000800171a        0x2 
 .text.QSPI_EnableMemoryMappedMode
                0x000000000800171c       0xb0 ./Drivers/BSP/w25qxx/w25qxx_qspi.o
 .text.QSPI_ResetDevice
                0x00000000080017cc       0xb2 ./Drivers/BSP/w25qxx/w25qxx_qspi.o
 .text.QSPI_Send_CMD
                0x000000000800187e       0x6a ./Drivers/BSP/w25qxx/w25qxx_qspi.o
 .text.QSPI_WriteEnable
                0x00000000080018e8       0xb8 ./Drivers/BSP/w25qxx/w25qxx_qspi.o
 .text.QSPI_AutoPollingMemReady
                0x00000000080019a0       0x94 ./Drivers/BSP/w25qxx/w25qxx_qspi.o
 .text.QSPI_EnterQPI
                0x0000000008001a34       0x7c ./Drivers/BSP/w25qxx/w25qxx_qspi.o
 .text.HAL_Init
                0x0000000008001ab0       0x78 ./Drivers/STM32H7xx_HAL_Driver/Src/stm32h7xx_hal.o
                0x0000000008001ab0                HAL_Init
 .text.HAL_InitTick
                0x0000000008001b28       0x6c ./Drivers/STM32H7xx_HAL_Driver/Src/stm32h7xx_hal.o
                0x0000000008001b28                HAL_InitTick
 .text.HAL_IncTick
                0x0000000008001b94       0x28 ./Drivers/STM32H7xx_HAL_Driver/Src/stm32h7xx_hal.o
                0x0000000008001b94                HAL_IncTick
 .text.HAL_GetTick
                0x0000000008001bbc       0x18 ./Drivers/STM32H7xx_HAL_Driver/Src/stm32h7xx_hal.o
                0x0000000008001bbc                HAL_GetTick
 .text.HAL_Delay
                0x0000000008001bd4       0x48 ./Drivers/STM32H7xx_HAL_Driver/Src/stm32h7xx_hal.o
                0x0000000008001bd4                HAL_Delay
 .text.HAL_GetREVID
                0x0000000008001c1c       0x18 ./Drivers/STM32H7xx_HAL_Driver/Src/stm32h7xx_hal.o
                0x0000000008001c1c                HAL_GetREVID
 .text.HAL_GetDEVID
                0x0000000008001c34       0x1c ./Drivers/STM32H7xx_HAL_Driver/Src/stm32h7xx_hal.o
                0x0000000008001c34                HAL_GetDEVID
 .text.__NVIC_SetPriorityGrouping
                0x0000000008001c50       0x48 ./Drivers/STM32H7xx_HAL_Driver/Src/stm32h7xx_hal_cortex.o
 .text.__NVIC_GetPriorityGrouping
                0x0000000008001c98       0x1c ./Drivers/STM32H7xx_HAL_Driver/Src/stm32h7xx_hal_cortex.o
 .text.__NVIC_EnableIRQ
                0x0000000008001cb4       0x3c ./Drivers/STM32H7xx_HAL_Driver/Src/stm32h7xx_hal_cortex.o
 .text.__NVIC_DisableIRQ
                0x0000000008001cf0       0x48 ./Drivers/STM32H7xx_HAL_Driver/Src/stm32h7xx_hal_cortex.o
 .text.__NVIC_SetPriority
                0x0000000008001d38       0x54 ./Drivers/STM32H7xx_HAL_Driver/Src/stm32h7xx_hal_cortex.o
 .text.NVIC_EncodePriority
                0x0000000008001d8c       0x66 ./Drivers/STM32H7xx_HAL_Driver/Src/stm32h7xx_hal_cortex.o
 *fill*         0x0000000008001df2        0x2 
 .text.__NVIC_SystemReset
                0x0000000008001df4       0x2c ./Drivers/STM32H7xx_HAL_Driver/Src/stm32h7xx_hal_cortex.o
 .text.SysTick_Config
                0x0000000008001e20       0x44 ./Drivers/STM32H7xx_HAL_Driver/Src/stm32h7xx_hal_cortex.o
 .text.HAL_NVIC_SetPriorityGrouping
                0x0000000008001e64       0x16 ./Drivers/STM32H7xx_HAL_Driver/Src/stm32h7xx_hal_cortex.o
                0x0000000008001e64                HAL_NVIC_SetPriorityGrouping
 .text.HAL_NVIC_SetPriority
                0x0000000008001e7a       0x34 ./Drivers/STM32H7xx_HAL_Driver/Src/stm32h7xx_hal_cortex.o
                0x0000000008001e7a                HAL_NVIC_SetPriority
 .text.HAL_NVIC_EnableIRQ
                0x0000000008001eae       0x1c ./Drivers/STM32H7xx_HAL_Driver/Src/stm32h7xx_hal_cortex.o
                0x0000000008001eae                HAL_NVIC_EnableIRQ
 .text.HAL_NVIC_DisableIRQ
                0x0000000008001eca       0x1c ./Drivers/STM32H7xx_HAL_Driver/Src/stm32h7xx_hal_cortex.o
                0x0000000008001eca                HAL_NVIC_DisableIRQ
 .text.HAL_NVIC_SystemReset
                0x0000000008001ee6        0x8 ./Drivers/STM32H7xx_HAL_Driver/Src/stm32h7xx_hal_cortex.o
                0x0000000008001ee6                HAL_NVIC_SystemReset
 .text.HAL_SYSTICK_Config
                0x0000000008001eee       0x18 ./Drivers/STM32H7xx_HAL_Driver/Src/stm32h7xx_hal_cortex.o
                0x0000000008001eee                HAL_SYSTICK_Config
 *fill*         0x0000000008001f06        0x2 
 .text.HAL_GPIO_Init
                0x0000000008001f08      0x360 ./Drivers/STM32H7xx_HAL_Driver/Src/stm32h7xx_hal_gpio.o
                0x0000000008001f08                HAL_GPIO_Init
 .text.HAL_GPIO_DeInit
                0x0000000008002268      0x214 ./Drivers/STM32H7xx_HAL_Driver/Src/stm32h7xx_hal_gpio.o
                0x0000000008002268                HAL_GPIO_DeInit
 .text.HAL_GPIO_ReadPin
                0x000000000800247c       0x30 ./Drivers/STM32H7xx_HAL_Driver/Src/stm32h7xx_hal_gpio.o
                0x000000000800247c                HAL_GPIO_ReadPin
 .text.HAL_GPIO_WritePin
                0x00000000080024ac       0x32 ./Drivers/STM32H7xx_HAL_Driver/Src/stm32h7xx_hal_gpio.o
                0x00000000080024ac                HAL_GPIO_WritePin
 .text.HAL_GPIO_TogglePin
                0x00000000080024de       0x34 ./Drivers/STM32H7xx_HAL_Driver/Src/stm32h7xx_hal_gpio.o
                0x00000000080024de                HAL_GPIO_TogglePin
 .text.HAL_PCD_Init
                0x0000000008002512      0x248 ./Drivers/STM32H7xx_HAL_Driver/Src/stm32h7xx_hal_pcd.o
                0x0000000008002512                HAL_PCD_Init
 .text.HAL_PCD_DeInit
                0x000000000800275a       0x46 ./Drivers/STM32H7xx_HAL_Driver/Src/stm32h7xx_hal_pcd.o
                0x000000000800275a                HAL_PCD_DeInit
 .text.HAL_PCD_Start
                0x00000000080027a0       0x66 ./Drivers/STM32H7xx_HAL_Driver/Src/stm32h7xx_hal_pcd.o
                0x00000000080027a0                HAL_PCD_Start
 .text.HAL_PCD_Stop
                0x0000000008002806       0x72 ./Drivers/STM32H7xx_HAL_Driver/Src/stm32h7xx_hal_pcd.o
                0x0000000008002806                HAL_PCD_Stop
 .text.HAL_PCD_IRQHandler
                0x0000000008002878      0x7be ./Drivers/STM32H7xx_HAL_Driver/Src/stm32h7xx_hal_pcd.o
                0x0000000008002878                HAL_PCD_IRQHandler
 .text.HAL_PCD_SetAddress
                0x0000000008003036       0x4a ./Drivers/STM32H7xx_HAL_Driver/Src/stm32h7xx_hal_pcd.o
                0x0000000008003036                HAL_PCD_SetAddress
 .text.HAL_PCD_EP_Open
                0x0000000008003080       0xd0 ./Drivers/STM32H7xx_HAL_Driver/Src/stm32h7xx_hal_pcd.o
                0x0000000008003080                HAL_PCD_EP_Open
 .text.HAL_PCD_EP_Close
                0x0000000008003150       0x94 ./Drivers/STM32H7xx_HAL_Driver/Src/stm32h7xx_hal_pcd.o
                0x0000000008003150                HAL_PCD_EP_Close
 .text.HAL_PCD_EP_Receive
                0x00000000080031e4       0x96 ./Drivers/STM32H7xx_HAL_Driver/Src/stm32h7xx_hal_pcd.o
                0x00000000080031e4                HAL_PCD_EP_Receive
 .text.HAL_PCD_EP_Transmit
                0x000000000800327a       0x94 ./Drivers/STM32H7xx_HAL_Driver/Src/stm32h7xx_hal_pcd.o
                0x000000000800327a                HAL_PCD_EP_Transmit
 .text.HAL_PCD_EP_SetStall
                0x000000000800330e       0xc8 ./Drivers/STM32H7xx_HAL_Driver/Src/stm32h7xx_hal_pcd.o
                0x000000000800330e                HAL_PCD_EP_SetStall
 .text.HAL_PCD_EP_ClrStall
                0x00000000080033d6       0xac ./Drivers/STM32H7xx_HAL_Driver/Src/stm32h7xx_hal_pcd.o
                0x00000000080033d6                HAL_PCD_EP_ClrStall
 .text.PCD_WriteEmptyTxFifo
                0x0000000008003482      0x11a ./Drivers/STM32H7xx_HAL_Driver/Src/stm32h7xx_hal_pcd.o
 .text.PCD_EP_OutXfrComplete_int
                0x000000000800359c      0x218 ./Drivers/STM32H7xx_HAL_Driver/Src/stm32h7xx_hal_pcd.o
 .text.PCD_EP_OutSetupPacket_int
                0x00000000080037b4       0x8c ./Drivers/STM32H7xx_HAL_Driver/Src/stm32h7xx_hal_pcd.o
 .text.HAL_PCDEx_SetTxFiFo
                0x0000000008003840       0x8e ./Drivers/STM32H7xx_HAL_Driver/Src/stm32h7xx_hal_pcd_ex.o
                0x0000000008003840                HAL_PCDEx_SetTxFiFo
 .text.HAL_PCDEx_SetRxFiFo
                0x00000000080038ce       0x22 ./Drivers/STM32H7xx_HAL_Driver/Src/stm32h7xx_hal_pcd_ex.o
                0x00000000080038ce                HAL_PCDEx_SetRxFiFo
 .text.HAL_PCDEx_ActivateLPM
                0x00000000080038f0       0x48 ./Drivers/STM32H7xx_HAL_Driver/Src/stm32h7xx_hal_pcd_ex.o
                0x00000000080038f0                HAL_PCDEx_ActivateLPM
 .text.HAL_PCDEx_LPM_Callback
                0x0000000008003938       0x18 ./Drivers/STM32H7xx_HAL_Driver/Src/stm32h7xx_hal_pcd_ex.o
                0x0000000008003938                HAL_PCDEx_LPM_Callback
 .text.HAL_PWR_EnableBkUpAccess
                0x0000000008003950       0x20 ./Drivers/STM32H7xx_HAL_Driver/Src/stm32h7xx_hal_pwr.o
                0x0000000008003950                HAL_PWR_EnableBkUpAccess
 .text.HAL_PWREx_ConfigSupply
                0x0000000008003970       0x74 ./Drivers/STM32H7xx_HAL_Driver/Src/stm32h7xx_hal_pwr_ex.o
                0x0000000008003970                HAL_PWREx_ConfigSupply
 .text.HAL_PWREx_EnableUSBVoltageDetector
                0x00000000080039e4       0x20 ./Drivers/STM32H7xx_HAL_Driver/Src/stm32h7xx_hal_pwr_ex.o
                0x00000000080039e4                HAL_PWREx_EnableUSBVoltageDetector
 .text.HAL_QSPI_Init
                0x0000000008003a04       0xe8 ./Drivers/STM32H7xx_HAL_Driver/Src/stm32h7xx_hal_qspi.o
                0x0000000008003a04                HAL_QSPI_Init
 .text.HAL_QSPI_DeInit
                0x0000000008003aec       0x40 ./Drivers/STM32H7xx_HAL_Driver/Src/stm32h7xx_hal_qspi.o
                0x0000000008003aec                HAL_QSPI_DeInit
 .text.HAL_QSPI_Command
                0x0000000008003b2c       0xbc ./Drivers/STM32H7xx_HAL_Driver/Src/stm32h7xx_hal_qspi.o
                0x0000000008003b2c                HAL_QSPI_Command
 .text.HAL_QSPI_Transmit
                0x0000000008003be8      0x124 ./Drivers/STM32H7xx_HAL_Driver/Src/stm32h7xx_hal_qspi.o
                0x0000000008003be8                HAL_QSPI_Transmit
 .text.HAL_QSPI_Receive
                0x0000000008003d0c      0x13a ./Drivers/STM32H7xx_HAL_Driver/Src/stm32h7xx_hal_qspi.o
                0x0000000008003d0c                HAL_QSPI_Receive
 .text.HAL_QSPI_AutoPolling
                0x0000000008003e46       0xee ./Drivers/STM32H7xx_HAL_Driver/Src/stm32h7xx_hal_qspi.o
                0x0000000008003e46                HAL_QSPI_AutoPolling
 .text.HAL_QSPI_MemoryMapped
                0x0000000008003f34       0xc4 ./Drivers/STM32H7xx_HAL_Driver/Src/stm32h7xx_hal_qspi.o
                0x0000000008003f34                HAL_QSPI_MemoryMapped
 .text.HAL_QSPI_SetTimeout
                0x0000000008003ff8       0x1c ./Drivers/STM32H7xx_HAL_Driver/Src/stm32h7xx_hal_qspi.o
                0x0000000008003ff8                HAL_QSPI_SetTimeout
 .text.QSPI_WaitFlagStateUntilTimeout
                0x0000000008004014       0x6e ./Drivers/STM32H7xx_HAL_Driver/Src/stm32h7xx_hal_qspi.o
 .text.QSPI_Config
                0x0000000008004082      0x30c ./Drivers/STM32H7xx_HAL_Driver/Src/stm32h7xx_hal_qspi.o
 *fill*         0x000000000800438e        0x2 
 .text.HAL_RCC_OscConfig
                0x0000000008004390      0x820 ./Drivers/STM32H7xx_HAL_Driver/Src/stm32h7xx_hal_rcc.o
                0x0000000008004390                HAL_RCC_OscConfig
 .text.HAL_RCC_ClockConfig
                0x0000000008004bb0      0x36c ./Drivers/STM32H7xx_HAL_Driver/Src/stm32h7xx_hal_rcc.o
                0x0000000008004bb0                HAL_RCC_ClockConfig
 .text.HAL_RCC_GetSysClockFreq
                0x0000000008004f1c      0x2f4 ./Drivers/STM32H7xx_HAL_Driver/Src/stm32h7xx_hal_rcc.o
                0x0000000008004f1c                HAL_RCC_GetSysClockFreq
 .text.HAL_RCC_GetHCLKFreq
                0x0000000008005210       0x60 ./Drivers/STM32H7xx_HAL_Driver/Src/stm32h7xx_hal_rcc.o
                0x0000000008005210                HAL_RCC_GetHCLKFreq
 .text.HAL_RCCEx_PeriphCLKConfig
                0x0000000008005270      0xe80 ./Drivers/STM32H7xx_HAL_Driver/Src/stm32h7xx_hal_rcc_ex.o
                0x0000000008005270                HAL_RCCEx_PeriphCLKConfig
 .text.RCCEx_PLL2_Config
                0x00000000080060f0      0x164 ./Drivers/STM32H7xx_HAL_Driver/Src/stm32h7xx_hal_rcc_ex.o
 .text.RCCEx_PLL3_Config
                0x0000000008006254      0x164 ./Drivers/STM32H7xx_HAL_Driver/Src/stm32h7xx_hal_rcc_ex.o
 .text.HAL_RTC_Init
                0x00000000080063b8       0xf0 ./Drivers/STM32H7xx_HAL_Driver/Src/stm32h7xx_hal_rtc.o
                0x00000000080063b8                HAL_RTC_Init
 .text.HAL_RTC_WaitForSynchro
                0x00000000080064a8       0x4c ./Drivers/STM32H7xx_HAL_Driver/Src/stm32h7xx_hal_rtc.o
                0x00000000080064a8                HAL_RTC_WaitForSynchro
 .text.RTC_EnterInitMode
                0x00000000080064f4       0x60 ./Drivers/STM32H7xx_HAL_Driver/Src/stm32h7xx_hal_rtc.o
                0x00000000080064f4                RTC_EnterInitMode
 .text.RTC_ExitInitMode
                0x0000000008006554       0x7c ./Drivers/STM32H7xx_HAL_Driver/Src/stm32h7xx_hal_rtc.o
                0x0000000008006554                RTC_ExitInitMode
 .text.USB_CoreInit
                0x00000000080065d0       0xdc ./Drivers/STM32H7xx_HAL_Driver/Src/stm32h7xx_ll_usb.o
                0x00000000080065d0                USB_CoreInit
 .text.USB_SetTurnaroundTime
                0x00000000080066ac      0x144 ./Drivers/STM32H7xx_HAL_Driver/Src/stm32h7xx_ll_usb.o
                0x00000000080066ac                USB_SetTurnaroundTime
 .text.USB_EnableGlobalInt
                0x00000000080067f0       0x22 ./Drivers/STM32H7xx_HAL_Driver/Src/stm32h7xx_ll_usb.o
                0x00000000080067f0                USB_EnableGlobalInt
 .text.USB_DisableGlobalInt
                0x0000000008006812       0x22 ./Drivers/STM32H7xx_HAL_Driver/Src/stm32h7xx_ll_usb.o
                0x0000000008006812                USB_DisableGlobalInt
 .text.USB_SetCurrentMode
                0x0000000008006834       0x54 ./Drivers/STM32H7xx_HAL_Driver/Src/stm32h7xx_ll_usb.o
                0x0000000008006834                USB_SetCurrentMode
 .text.USB_DevInit
                0x0000000008006888      0x2bc ./Drivers/STM32H7xx_HAL_Driver/Src/stm32h7xx_ll_usb.o
                0x0000000008006888                USB_DevInit
 .text.USB_FlushTxFifo
                0x0000000008006b44       0x4c ./Drivers/STM32H7xx_HAL_Driver/Src/stm32h7xx_ll_usb.o
                0x0000000008006b44                USB_FlushTxFifo
 .text.USB_FlushRxFifo
                0x0000000008006b90       0x44 ./Drivers/STM32H7xx_HAL_Driver/Src/stm32h7xx_ll_usb.o
                0x0000000008006b90                USB_FlushRxFifo
 .text.USB_SetDevSpeed
                0x0000000008006bd4       0x32 ./Drivers/STM32H7xx_HAL_Driver/Src/stm32h7xx_ll_usb.o
                0x0000000008006bd4                USB_SetDevSpeed
 .text.USB_GetDevSpeed
                0x0000000008006c06       0x4a ./Drivers/STM32H7xx_HAL_Driver/Src/stm32h7xx_ll_usb.o
                0x0000000008006c06                USB_GetDevSpeed
 .text.USB_ActivateEndpoint
                0x0000000008006c50      0x110 ./Drivers/STM32H7xx_HAL_Driver/Src/stm32h7xx_ll_usb.o
                0x0000000008006c50                USB_ActivateEndpoint
 .text.USB_DeactivateEndpoint
                0x0000000008006d60      0x1b8 ./Drivers/STM32H7xx_HAL_Driver/Src/stm32h7xx_ll_usb.o
                0x0000000008006d60                USB_DeactivateEndpoint
 .text.USB_EPStartXfer
                0x0000000008006f18      0x498 ./Drivers/STM32H7xx_HAL_Driver/Src/stm32h7xx_ll_usb.o
                0x0000000008006f18                USB_EPStartXfer
 .text.USB_EP0StartXfer
                0x00000000080073b0      0x2b0 ./Drivers/STM32H7xx_HAL_Driver/Src/stm32h7xx_ll_usb.o
                0x00000000080073b0                USB_EP0StartXfer
 .text.USB_WritePacket
                0x0000000008007660       0x7c ./Drivers/STM32H7xx_HAL_Driver/Src/stm32h7xx_ll_usb.o
                0x0000000008007660                USB_WritePacket
 .text.USB_ReadPacket
                0x00000000080076dc       0xb0 ./Drivers/STM32H7xx_HAL_Driver/Src/stm32h7xx_ll_usb.o
                0x00000000080076dc                USB_ReadPacket
 .text.USB_EPSetStall
                0x000000000800778c       0xdc ./Drivers/STM32H7xx_HAL_Driver/Src/stm32h7xx_ll_usb.o
                0x000000000800778c                USB_EPSetStall
 .text.USB_EPClearStall
                0x0000000008007868       0xcc ./Drivers/STM32H7xx_HAL_Driver/Src/stm32h7xx_ll_usb.o
                0x0000000008007868                USB_EPClearStall
 .text.USB_StopDevice
                0x0000000008007934       0x9e ./Drivers/STM32H7xx_HAL_Driver/Src/stm32h7xx_ll_usb.o
                0x0000000008007934                USB_StopDevice
 .text.USB_SetDevAddress
                0x00000000080079d2       0x4c ./Drivers/STM32H7xx_HAL_Driver/Src/stm32h7xx_ll_usb.o
                0x00000000080079d2                USB_SetDevAddress
 .text.USB_DevConnect
                0x0000000008007a1e       0x42 ./Drivers/STM32H7xx_HAL_Driver/Src/stm32h7xx_ll_usb.o
                0x0000000008007a1e                USB_DevConnect
 .text.USB_DevDisconnect
                0x0000000008007a60       0x42 ./Drivers/STM32H7xx_HAL_Driver/Src/stm32h7xx_ll_usb.o
                0x0000000008007a60                USB_DevDisconnect
 .text.USB_ReadInterrupts
                0x0000000008007aa2       0x26 ./Drivers/STM32H7xx_HAL_Driver/Src/stm32h7xx_ll_usb.o
                0x0000000008007aa2                USB_ReadInterrupts
 .text.USB_ReadDevAllOutEpInterrupt
                0x0000000008007ac8       0x34 ./Drivers/STM32H7xx_HAL_Driver/Src/stm32h7xx_ll_usb.o
                0x0000000008007ac8                USB_ReadDevAllOutEpInterrupt
 .text.USB_ReadDevAllInEpInterrupt
                0x0000000008007afc       0x34 ./Drivers/STM32H7xx_HAL_Driver/Src/stm32h7xx_ll_usb.o
                0x0000000008007afc                USB_ReadDevAllInEpInterrupt
 .text.USB_ReadDevOutEPInterrupt
                0x0000000008007b30       0x3c ./Drivers/STM32H7xx_HAL_Driver/Src/stm32h7xx_ll_usb.o
                0x0000000008007b30                USB_ReadDevOutEPInterrupt
 .text.USB_ReadDevInEPInterrupt
                0x0000000008007b6c       0x5c ./Drivers/STM32H7xx_HAL_Driver/Src/stm32h7xx_ll_usb.o
                0x0000000008007b6c                USB_ReadDevInEPInterrupt
 .text.USB_GetMode
                0x0000000008007bc8       0x1c ./Drivers/STM32H7xx_HAL_Driver/Src/stm32h7xx_ll_usb.o
                0x0000000008007bc8                USB_GetMode
 .text.USB_ActivateSetup
                0x0000000008007be4       0x48 ./Drivers/STM32H7xx_HAL_Driver/Src/stm32h7xx_ll_usb.o
                0x0000000008007be4                USB_ActivateSetup
 .text.USB_EP0_OutStart
                0x0000000008007c2c       0xbc ./Drivers/STM32H7xx_HAL_Driver/Src/stm32h7xx_ll_usb.o
                0x0000000008007c2c                USB_EP0_OutStart
 .text.USB_CoreReset
                0x0000000008007ce8       0x68 ./Drivers/STM32H7xx_HAL_Driver/Src/stm32h7xx_ll_usb.o
 .text.USBD_CUSTOM_HID_Init
                0x0000000008007d50       0xa2 ./Middlewares/ST/STM32_USB_Device_Library/Class/CustomHID/Src/usbd_customhid.o
 .text.USBD_CUSTOM_HID_DeInit
                0x0000000008007df2       0x6a ./Middlewares/ST/STM32_USB_Device_Library/Class/CustomHID/Src/usbd_customhid.o
 .text.USBD_CUSTOM_HID_Setup
                0x0000000008007e5c      0x214 ./Middlewares/ST/STM32_USB_Device_Library/Class/CustomHID/Src/usbd_customhid.o
 .text.USBD_CUSTOM_HID_SendReport
                0x0000000008008070       0x5e ./Middlewares/ST/STM32_USB_Device_Library/Class/CustomHID/Src/usbd_customhid.o
                0x0000000008008070                USBD_CUSTOM_HID_SendReport
 *fill*         0x00000000080080ce        0x2 
 .text.USBD_CUSTOM_HID_GetFSCfgDesc
                0x00000000080080d0       0x20 ./Middlewares/ST/STM32_USB_Device_Library/Class/CustomHID/Src/usbd_customhid.o
 .text.USBD_CUSTOM_HID_GetHSCfgDesc
                0x00000000080080f0       0x20 ./Middlewares/ST/STM32_USB_Device_Library/Class/CustomHID/Src/usbd_customhid.o
 .text.USBD_CUSTOM_HID_GetOtherSpeedCfgDesc
                0x0000000008008110       0x20 ./Middlewares/ST/STM32_USB_Device_Library/Class/CustomHID/Src/usbd_customhid.o
 .text.USBD_CUSTOM_HID_DataIn
                0x0000000008008130       0x26 ./Middlewares/ST/STM32_USB_Device_Library/Class/CustomHID/Src/usbd_customhid.o
 .text.USBD_CUSTOM_HID_DataOut
                0x0000000008008156       0x40 ./Middlewares/ST/STM32_USB_Device_Library/Class/CustomHID/Src/usbd_customhid.o
 .text.USBD_CUSTOM_HID_ReceivePacket
                0x0000000008008196       0x34 ./Middlewares/ST/STM32_USB_Device_Library/Class/CustomHID/Src/usbd_customhid.o
                0x0000000008008196                USBD_CUSTOM_HID_ReceivePacket
 .text.USBD_CUSTOM_HID_EP0_RxReady
                0x00000000080081ca       0x46 ./Middlewares/ST/STM32_USB_Device_Library/Class/CustomHID/Src/usbd_customhid.o
 .text.USBD_CUSTOM_HID_GetDeviceQualifierDesc
                0x0000000008008210       0x20 ./Middlewares/ST/STM32_USB_Device_Library/Class/CustomHID/Src/usbd_customhid.o
 .text.USBD_CUSTOM_HID_RegisterInterface
                0x0000000008008230       0x2a ./Middlewares/ST/STM32_USB_Device_Library/Class/CustomHID/Src/usbd_customhid.o
                0x0000000008008230                USBD_CUSTOM_HID_RegisterInterface
 .text.USBD_Init
                0x000000000800825a       0x60 ./Middlewares/ST/STM32_USB_Device_Library/Core/Src/usbd_core.o
                0x000000000800825a                USBD_Init
 .text.USBD_DeInit
                0x00000000080082ba       0x68 ./Middlewares/ST/STM32_USB_Device_Library/Core/Src/usbd_core.o
                0x00000000080082ba                USBD_DeInit
 .text.USBD_RegisterClass
                0x0000000008008322       0x4e ./Middlewares/ST/STM32_USB_Device_Library/Core/Src/usbd_core.o
                0x0000000008008322                USBD_RegisterClass
 .text.USBD_Start
                0x0000000008008370       0x18 ./Middlewares/ST/STM32_USB_Device_Library/Core/Src/usbd_core.o
                0x0000000008008370                USBD_Start
 .text.USBD_RunTestMode
                0x0000000008008388       0x16 ./Middlewares/ST/STM32_USB_Device_Library/Core/Src/usbd_core.o
                0x0000000008008388                USBD_RunTestMode
 .text.USBD_SetClassConfig
                0x000000000800839e       0x38 ./Middlewares/ST/STM32_USB_Device_Library/Core/Src/usbd_core.o
                0x000000000800839e                USBD_SetClassConfig
 .text.USBD_ClrClassConfig
                0x00000000080083d6       0x30 ./Middlewares/ST/STM32_USB_Device_Library/Core/Src/usbd_core.o
                0x00000000080083d6                USBD_ClrClassConfig
 .text.USBD_LL_SetupStage
                0x0000000008008406       0xaa ./Middlewares/ST/STM32_USB_Device_Library/Core/Src/usbd_core.o
                0x0000000008008406                USBD_LL_SetupStage
 .text.USBD_LL_DataOutStage
                0x00000000080084b0       0xc6 ./Middlewares/ST/STM32_USB_Device_Library/Core/Src/usbd_core.o
                0x00000000080084b0                USBD_LL_DataOutStage
 .text.USBD_LL_DataInStage
                0x0000000008008576      0x12c ./Middlewares/ST/STM32_USB_Device_Library/Core/Src/usbd_core.o
                0x0000000008008576                USBD_LL_DataInStage
 .text.USBD_LL_Reset
                0x00000000080086a2       0x9c ./Middlewares/ST/STM32_USB_Device_Library/Core/Src/usbd_core.o
                0x00000000080086a2                USBD_LL_Reset
 .text.USBD_LL_SetSpeed
                0x000000000800873e       0x20 ./Middlewares/ST/STM32_USB_Device_Library/Core/Src/usbd_core.o
                0x000000000800873e                USBD_LL_SetSpeed
 .text.USBD_LL_Suspend
                0x000000000800875e       0x2c ./Middlewares/ST/STM32_USB_Device_Library/Core/Src/usbd_core.o
                0x000000000800875e                USBD_LL_Suspend
 .text.USBD_LL_Resume
                0x000000000800878a       0x30 ./Middlewares/ST/STM32_USB_Device_Library/Core/Src/usbd_core.o
                0x000000000800878a                USBD_LL_Resume
 .text.USBD_LL_SOF
                0x00000000080087ba       0x44 ./Middlewares/ST/STM32_USB_Device_Library/Core/Src/usbd_core.o
                0x00000000080087ba                USBD_LL_SOF
 .text.USBD_LL_IsoINIncomplete
                0x00000000080087fe       0x4c ./Middlewares/ST/STM32_USB_Device_Library/Core/Src/usbd_core.o
                0x00000000080087fe                USBD_LL_IsoINIncomplete
 .text.USBD_LL_IsoOUTIncomplete
                0x000000000800884a       0x4c ./Middlewares/ST/STM32_USB_Device_Library/Core/Src/usbd_core.o
                0x000000000800884a                USBD_LL_IsoOUTIncomplete
 .text.USBD_LL_DevConnected
                0x0000000008008896       0x16 ./Middlewares/ST/STM32_USB_Device_Library/Core/Src/usbd_core.o
                0x0000000008008896                USBD_LL_DevConnected
 .text.USBD_LL_DevDisconnected
                0x00000000080088ac       0x38 ./Middlewares/ST/STM32_USB_Device_Library/Core/Src/usbd_core.o
                0x00000000080088ac                USBD_LL_DevDisconnected
 .text.SWAPBYTE
                0x00000000080088e4       0x3c ./Middlewares/ST/STM32_USB_Device_Library/Core/Src/usbd_ctlreq.o
 .text.USBD_StdDevReq
                0x0000000008008920       0xdc ./Middlewares/ST/STM32_USB_Device_Library/Core/Src/usbd_ctlreq.o
                0x0000000008008920                USBD_StdDevReq
 .text.USBD_StdItfReq
                0x00000000080089fc       0x92 ./Middlewares/ST/STM32_USB_Device_Library/Core/Src/usbd_ctlreq.o
                0x00000000080089fc                USBD_StdItfReq
 .text.USBD_StdEPReq
                0x0000000008008a8e      0x2c4 ./Middlewares/ST/STM32_USB_Device_Library/Core/Src/usbd_ctlreq.o
                0x0000000008008a8e                USBD_StdEPReq
 *fill*         0x0000000008008d52        0x2 
 .text.USBD_GetDescriptor
                0x0000000008008d54      0x2d4 ./Middlewares/ST/STM32_USB_Device_Library/Core/Src/usbd_ctlreq.o
 .text.USBD_SetAddress
                0x0000000008009028       0x88 ./Middlewares/ST/STM32_USB_Device_Library/Core/Src/usbd_ctlreq.o
 .text.USBD_SetConfig
                0x00000000080090b0      0x14c ./Middlewares/ST/STM32_USB_Device_Library/Core/Src/usbd_ctlreq.o
 .text.USBD_GetConfig
                0x00000000080091fc       0x6c ./Middlewares/ST/STM32_USB_Device_Library/Core/Src/usbd_ctlreq.o
 .text.USBD_GetStatus
                0x0000000008009268       0x68 ./Middlewares/ST/STM32_USB_Device_Library/Core/Src/usbd_ctlreq.o
 .text.USBD_SetFeature
                0x00000000080092d0       0x28 ./Middlewares/ST/STM32_USB_Device_Library/Core/Src/usbd_ctlreq.o
 .text.USBD_ClrFeature
                0x00000000080092f8       0x44 ./Middlewares/ST/STM32_USB_Device_Library/Core/Src/usbd_ctlreq.o
 .text.USBD_ParseSetupRequest
                0x000000000800933c       0x74 ./Middlewares/ST/STM32_USB_Device_Library/Core/Src/usbd_ctlreq.o
                0x000000000800933c                USBD_ParseSetupRequest
 .text.USBD_CtlError
                0x00000000080093b0       0x22 ./Middlewares/ST/STM32_USB_Device_Library/Core/Src/usbd_ctlreq.o
                0x00000000080093b0                USBD_CtlError
 .text.USBD_GetString
                0x00000000080093d2       0x8c ./Middlewares/ST/STM32_USB_Device_Library/Core/Src/usbd_ctlreq.o
                0x00000000080093d2                USBD_GetString
 .text.USBD_GetLen
                0x000000000800945e       0x34 ./Middlewares/ST/STM32_USB_Device_Library/Core/Src/usbd_ctlreq.o
 .text.USBD_CtlSendData
                0x0000000008009492       0x36 ./Middlewares/ST/STM32_USB_Device_Library/Core/Src/usbd_ioreq.o
                0x0000000008009492                USBD_CtlSendData
 .text.USBD_CtlContinueSendData
                0x00000000080094c8       0x22 ./Middlewares/ST/STM32_USB_Device_Library/Core/Src/usbd_ioreq.o
                0x00000000080094c8                USBD_CtlContinueSendData
 .text.USBD_CtlPrepareRx
                0x00000000080094ea       0x3a ./Middlewares/ST/STM32_USB_Device_Library/Core/Src/usbd_ioreq.o
                0x00000000080094ea                USBD_CtlPrepareRx
 .text.USBD_CtlContinueRx
                0x0000000008009524       0x22 ./Middlewares/ST/STM32_USB_Device_Library/Core/Src/usbd_ioreq.o
                0x0000000008009524                USBD_CtlContinueRx
 .text.USBD_CtlSendStatus
                0x0000000008009546       0x26 ./Middlewares/ST/STM32_USB_Device_Library/Core/Src/usbd_ioreq.o
                0x0000000008009546                USBD_CtlSendStatus
 .text.USBD_CtlReceiveStatus
                0x000000000800956c       0x26 ./Middlewares/ST/STM32_USB_Device_Library/Core/Src/usbd_ioreq.o
                0x000000000800956c                USBD_CtlReceiveStatus
 *fill*         0x0000000008009592        0x2 
 .text.MX_USB_DEVICE_Init
                0x0000000008009594       0x64 ./USB_DEVICE/App/usb_device.o
                0x0000000008009594                MX_USB_DEVICE_Init
 .text.CUSTOM_HID_Init_FS
                0x00000000080095f8       0x10 ./USB_DEVICE/App/usbd_custom_hid_if.o
 .text.CUSTOM_HID_DeInit_FS
                0x0000000008009608       0x10 ./USB_DEVICE/App/usbd_custom_hid_if.o
 .text.CUSTOM_HID_OutEvent_FS
                0x0000000008009618       0x58 ./USB_DEVICE/App/usbd_custom_hid_if.o
 .text.USBD_FS_DeviceDescriptor
                0x0000000008009670       0x24 ./USB_DEVICE/App/usbd_desc.o
                0x0000000008009670                USBD_FS_DeviceDescriptor
 .text.USBD_FS_LangIDStrDescriptor
                0x0000000008009694       0x24 ./USB_DEVICE/App/usbd_desc.o
                0x0000000008009694                USBD_FS_LangIDStrDescriptor
 .text.USBD_FS_ProductStrDescriptor
                0x00000000080096b8       0x3c ./USB_DEVICE/App/usbd_desc.o
                0x00000000080096b8                USBD_FS_ProductStrDescriptor
 .text.USBD_FS_ManufacturerStrDescriptor
                0x00000000080096f4       0x28 ./USB_DEVICE/App/usbd_desc.o
                0x00000000080096f4                USBD_FS_ManufacturerStrDescriptor
 .text.USBD_FS_SerialStrDescriptor
                0x000000000800971c       0x24 ./USB_DEVICE/App/usbd_desc.o
                0x000000000800971c                USBD_FS_SerialStrDescriptor
 .text.USBD_FS_ConfigStrDescriptor
                0x0000000008009740       0x3c ./USB_DEVICE/App/usbd_desc.o
                0x0000000008009740                USBD_FS_ConfigStrDescriptor
 .text.USBD_FS_InterfaceStrDescriptor
                0x000000000800977c       0x3c ./USB_DEVICE/App/usbd_desc.o
                0x000000000800977c                USBD_FS_InterfaceStrDescriptor
 .text.Get_SerialNum
                0x00000000080097b8       0x58 ./USB_DEVICE/App/usbd_desc.o
 .text.IntToUnicode
                0x0000000008009810       0x7e ./USB_DEVICE/App/usbd_desc.o
 *fill*         0x000000000800988e        0x2 
 .text.HAL_PCD_MspInit
                0x0000000008009890       0xe4 ./USB_DEVICE/Target/usbd_conf.o
                0x0000000008009890                HAL_PCD_MspInit
 .text.HAL_PCD_MspDeInit
                0x0000000008009974       0x48 ./USB_DEVICE/Target/usbd_conf.o
                0x0000000008009974                HAL_PCD_MspDeInit
 .text.HAL_PCD_SetupStageCallback
                0x00000000080099bc       0x24 ./USB_DEVICE/Target/usbd_conf.o
                0x00000000080099bc                HAL_PCD_SetupStageCallback
 .text.HAL_PCD_DataOutStageCallback
                0x00000000080099e0       0x36 ./USB_DEVICE/Target/usbd_conf.o
                0x00000000080099e0                HAL_PCD_DataOutStageCallback
 .text.HAL_PCD_DataInStageCallback
                0x0000000008009a16       0x34 ./USB_DEVICE/Target/usbd_conf.o
                0x0000000008009a16                HAL_PCD_DataInStageCallback
 .text.HAL_PCD_SOFCallback
                0x0000000008009a4a       0x1c ./USB_DEVICE/Target/usbd_conf.o
                0x0000000008009a4a                HAL_PCD_SOFCallback
 .text.HAL_PCD_ResetCallback
                0x0000000008009a66       0x50 ./USB_DEVICE/Target/usbd_conf.o
                0x0000000008009a66                HAL_PCD_ResetCallback
 *fill*         0x0000000008009ab6        0x2 
 .text.HAL_PCD_SuspendCallback
                0x0000000008009ab8       0x4c ./USB_DEVICE/Target/usbd_conf.o
                0x0000000008009ab8                HAL_PCD_SuspendCallback
 .text.HAL_PCD_ResumeCallback
                0x0000000008009b04       0x1c ./USB_DEVICE/Target/usbd_conf.o
                0x0000000008009b04                HAL_PCD_ResumeCallback
 .text.HAL_PCD_ISOOUTIncompleteCallback
                0x0000000008009b20       0x24 ./USB_DEVICE/Target/usbd_conf.o
                0x0000000008009b20                HAL_PCD_ISOOUTIncompleteCallback
 .text.HAL_PCD_ISOINIncompleteCallback
                0x0000000008009b44       0x24 ./USB_DEVICE/Target/usbd_conf.o
                0x0000000008009b44                HAL_PCD_ISOINIncompleteCallback
 .text.HAL_PCD_ConnectCallback
                0x0000000008009b68       0x1c ./USB_DEVICE/Target/usbd_conf.o
                0x0000000008009b68                HAL_PCD_ConnectCallback
 .text.HAL_PCD_DisconnectCallback
                0x0000000008009b84       0x1c ./USB_DEVICE/Target/usbd_conf.o
                0x0000000008009b84                HAL_PCD_DisconnectCallback
 .text.USBD_LL_Init
                0x0000000008009ba0       0xa0 ./USB_DEVICE/Target/usbd_conf.o
                0x0000000008009ba0                USBD_LL_Init
 .text.USBD_LL_DeInit
                0x0000000008009c40       0x36 ./USB_DEVICE/Target/usbd_conf.o
                0x0000000008009c40                USBD_LL_DeInit
 .text.USBD_LL_Start
                0x0000000008009c76       0x36 ./USB_DEVICE/Target/usbd_conf.o
                0x0000000008009c76                USBD_LL_Start
 .text.USBD_LL_Stop
                0x0000000008009cac       0x36 ./USB_DEVICE/Target/usbd_conf.o
                0x0000000008009cac                USBD_LL_Stop
 .text.USBD_LL_OpenEP
                0x0000000008009ce2       0x4c ./USB_DEVICE/Target/usbd_conf.o
                0x0000000008009ce2                USBD_LL_OpenEP
 .text.USBD_LL_CloseEP
                0x0000000008009d2e       0x3e ./USB_DEVICE/Target/usbd_conf.o
                0x0000000008009d2e                USBD_LL_CloseEP
 .text.USBD_LL_StallEP
                0x0000000008009d6c       0x3e ./USB_DEVICE/Target/usbd_conf.o
                0x0000000008009d6c                USBD_LL_StallEP
 .text.USBD_LL_ClearStallEP
                0x0000000008009daa       0x3e ./USB_DEVICE/Target/usbd_conf.o
                0x0000000008009daa                USBD_LL_ClearStallEP
 .text.USBD_LL_IsStallEP
                0x0000000008009de8       0x58 ./USB_DEVICE/Target/usbd_conf.o
                0x0000000008009de8                USBD_LL_IsStallEP
 .text.USBD_LL_SetUSBAddress
                0x0000000008009e40       0x3e ./USB_DEVICE/Target/usbd_conf.o
                0x0000000008009e40                USBD_LL_SetUSBAddress
 .text.USBD_LL_Transmit
                0x0000000008009e7e       0x42 ./USB_DEVICE/Target/usbd_conf.o
                0x0000000008009e7e                USBD_LL_Transmit
 .text.USBD_LL_PrepareReceive
                0x0000000008009ec0       0x42 ./USB_DEVICE/Target/usbd_conf.o
                0x0000000008009ec0                USBD_LL_PrepareReceive
 *fill*         0x0000000008009f02        0x2 
 .text.USBD_static_malloc
                0x0000000008009f04       0x1c ./USB_DEVICE/Target/usbd_conf.o
                0x0000000008009f04                USBD_static_malloc
 .text.USBD_static_free
                0x0000000008009f20       0x14 ./USB_DEVICE/Target/usbd_conf.o
                0x0000000008009f20                USBD_static_free
 .text.USBD_Get_USB_Status
                0x0000000008009f34       0x58 ./USB_DEVICE/Target/usbd_conf.o
                0x0000000008009f34                USBD_Get_USB_Status
 .text.__errno  0x0000000008009f8c        0xc e:/stm32cubeide_1.7.0/stm32cubeide/plugins/com.st.stm32cube.ide.mcu.externaltools.gnu-tools-for-stm32.9-2020-q2-update.win32_2.0.0.202105311346/tools/bin/../lib/gcc/arm-none-eabi/9.3.1/../../../../arm-none-eabi/lib/thumb/v7e-m+dp/hard\libc_nano.a(lib_a-errno.o)
                0x0000000008009f8c                __errno
 .text.__libc_init_array
                0x0000000008009f98       0x48 e:/stm32cubeide_1.7.0/stm32cubeide/plugins/com.st.stm32cube.ide.mcu.externaltools.gnu-tools-for-stm32.9-2020-q2-update.win32_2.0.0.202105311346/tools/bin/../lib/gcc/arm-none-eabi/9.3.1/../../../../arm-none-eabi/lib/thumb/v7e-m+dp/hard\libc_nano.a(lib_a-init.o)
                0x0000000008009f98                __libc_init_array
 .text.memcmp   0x0000000008009fe0       0x1c e:/stm32cubeide_1.7.0/stm32cubeide/plugins/com.st.stm32cube.ide.mcu.externaltools.gnu-tools-for-stm32.9-2020-q2-update.win32_2.0.0.202105311346/tools/bin/../lib/gcc/arm-none-eabi/9.3.1/../../../../arm-none-eabi/lib/thumb/v7e-m+dp/hard\libc_nano.a(lib_a-memcmp.o)
                0x0000000008009fe0                memcmp
 .text.memset   0x0000000008009ffc       0x10 e:/stm32cubeide_1.7.0/stm32cubeide/plugins/com.st.stm32cube.ide.mcu.externaltools.gnu-tools-for-stm32.9-2020-q2-update.win32_2.0.0.202105311346/tools/bin/../lib/gcc/arm-none-eabi/9.3.1/../../../../arm-none-eabi/lib/thumb/v7e-m+dp/hard\libc_nano.a(lib_a-memset.o)
                0x0000000008009ffc                memset
 .text.sprintf  0x000000000800a00c       0x40 e:/stm32cubeide_1.7.0/stm32cubeide/plugins/com.st.stm32cube.ide.mcu.externaltools.gnu-tools-for-stm32.9-2020-q2-update.win32_2.0.0.202105311346/tools/bin/../lib/gcc/arm-none-eabi/9.3.1/../../../../arm-none-eabi/lib/thumb/v7e-m+dp/hard\libc_nano.a(lib_a-sprintf.o)
                0x000000000800a00c                siprintf
                0x000000000800a00c                sprintf
 .text.__ssputs_r
                0x000000000800a04c       0xb6 e:/stm32cubeide_1.7.0/stm32cubeide/plugins/com.st.stm32cube.ide.mcu.externaltools.gnu-tools-for-stm32.9-2020-q2-update.win32_2.0.0.202105311346/tools/bin/../lib/gcc/arm-none-eabi/9.3.1/../../../../arm-none-eabi/lib/thumb/v7e-m+dp/hard\libc_nano.a(lib_a-nano-svfprintf.o)
                0x000000000800a04c                __ssputs_r
 *fill*         0x000000000800a102        0x2 
 .text._svfprintf_r
                0x000000000800a104      0x200 e:/stm32cubeide_1.7.0/stm32cubeide/plugins/com.st.stm32cube.ide.mcu.externaltools.gnu-tools-for-stm32.9-2020-q2-update.win32_2.0.0.202105311346/tools/bin/../lib/gcc/arm-none-eabi/9.3.1/../../../../arm-none-eabi/lib/thumb/v7e-m+dp/hard\libc_nano.a(lib_a-nano-svfprintf.o)
                0x000000000800a104                _svfiprintf_r
                0x000000000800a104                _svfprintf_r
 .text._printf_common
                0x000000000800a304       0xda e:/stm32cubeide_1.7.0/stm32cubeide/plugins/com.st.stm32cube.ide.mcu.externaltools.gnu-tools-for-stm32.9-2020-q2-update.win32_2.0.0.202105311346/tools/bin/../lib/gcc/arm-none-eabi/9.3.1/../../../../arm-none-eabi/lib/thumb/v7e-m+dp/hard\libc_nano.a(lib_a-nano-vfprintf_i.o)
                0x000000000800a304                _printf_common
 *fill*         0x000000000800a3de        0x2 
 .text._printf_i
                0x000000000800a3e0      0x24c e:/stm32cubeide_1.7.0/stm32cubeide/plugins/com.st.stm32cube.ide.mcu.externaltools.gnu-tools-for-stm32.9-2020-q2-update.win32_2.0.0.202105311346/tools/bin/../lib/gcc/arm-none-eabi/9.3.1/../../../../arm-none-eabi/lib/thumb/v7e-m+dp/hard\libc_nano.a(lib_a-nano-vfprintf_i.o)
                0x000000000800a3e0                _printf_i
 .text.memcpy   0x000000000800a62c       0x1c e:/stm32cubeide_1.7.0/stm32cubeide/plugins/com.st.stm32cube.ide.mcu.externaltools.gnu-tools-for-stm32.9-2020-q2-update.win32_2.0.0.202105311346/tools/bin/../lib/gcc/arm-none-eabi/9.3.1/../../../../arm-none-eabi/lib/thumb/v7e-m+dp/hard\libc_nano.a(lib_a-memcpy-stub.o)
                0x000000000800a62c                memcpy
 .text.memmove  0x000000000800a648       0x34 e:/stm32cubeide_1.7.0/stm32cubeide/plugins/com.st.stm32cube.ide.mcu.externaltools.gnu-tools-for-stm32.9-2020-q2-update.win32_2.0.0.202105311346/tools/bin/../lib/gcc/arm-none-eabi/9.3.1/../../../../arm-none-eabi/lib/thumb/v7e-m+dp/hard\libc_nano.a(lib_a-memmove.o)
                0x000000000800a648                memmove
 .text._free_r  0x000000000800a67c       0xa0 e:/stm32cubeide_1.7.0/stm32cubeide/plugins/com.st.stm32cube.ide.mcu.externaltools.gnu-tools-for-stm32.9-2020-q2-update.win32_2.0.0.202105311346/tools/bin/../lib/gcc/arm-none-eabi/9.3.1/../../../../arm-none-eabi/lib/thumb/v7e-m+dp/hard\libc_nano.a(lib_a-nano-freer.o)
                0x000000000800a67c                _free_r
 .text._malloc_r
                0x000000000800a71c       0xb4 e:/stm32cubeide_1.7.0/stm32cubeide/plugins/com.st.stm32cube.ide.mcu.externaltools.gnu-tools-for-stm32.9-2020-q2-update.win32_2.0.0.202105311346/tools/bin/../lib/gcc/arm-none-eabi/9.3.1/../../../../arm-none-eabi/lib/thumb/v7e-m+dp/hard\libc_nano.a(lib_a-nano-mallocr.o)
                0x000000000800a71c                _malloc_r
 .text._realloc_r
                0x000000000800a7d0       0x4c e:/stm32cubeide_1.7.0/stm32cubeide/plugins/com.st.stm32cube.ide.mcu.externaltools.gnu-tools-for-stm32.9-2020-q2-update.win32_2.0.0.202105311346/tools/bin/../lib/gcc/arm-none-eabi/9.3.1/../../../../arm-none-eabi/lib/thumb/v7e-m+dp/hard\libc_nano.a(lib_a-nano-reallocr.o)
                0x000000000800a7d0                _realloc_r
 .text._sbrk_r  0x000000000800a81c       0x20 e:/stm32cubeide_1.7.0/stm32cubeide/plugins/com.st.stm32cube.ide.mcu.externaltools.gnu-tools-for-stm32.9-2020-q2-update.win32_2.0.0.202105311346/tools/bin/../lib/gcc/arm-none-eabi/9.3.1/../../../../arm-none-eabi/lib/thumb/v7e-m+dp/hard\libc_nano.a(lib_a-sbrkr.o)
                0x000000000800a81c                _sbrk_r
 .text.__malloc_lock
                0x000000000800a83c        0xc e:/stm32cubeide_1.7.0/stm32cubeide/plugins/com.st.stm32cube.ide.mcu.externaltools.gnu-tools-for-stm32.9-2020-q2-update.win32_2.0.0.202105311346/tools/bin/../lib/gcc/arm-none-eabi/9.3.1/../../../../arm-none-eabi/lib/thumb/v7e-m+dp/hard\libc_nano.a(lib_a-mlock.o)
                0x000000000800a83c                __malloc_lock
 .text.__malloc_unlock
                0x000000000800a848        0xc e:/stm32cubeide_1.7.0/stm32cubeide/plugins/com.st.stm32cube.ide.mcu.externaltools.gnu-tools-for-stm32.9-2020-q2-update.win32_2.0.0.202105311346/tools/bin/../lib/gcc/arm-none-eabi/9.3.1/../../../../arm-none-eabi/lib/thumb/v7e-m+dp/hard\libc_nano.a(lib_a-mlock.o)
                0x000000000800a848                __malloc_unlock
 .text._malloc_usable_size_r
                0x000000000800a854       0x10 e:/stm32cubeide_1.7.0/stm32cubeide/plugins/com.st.stm32cube.ide.mcu.externaltools.gnu-tools-for-stm32.9-2020-q2-update.win32_2.0.0.202105311346/tools/bin/../lib/gcc/arm-none-eabi/9.3.1/../../../../arm-none-eabi/lib/thumb/v7e-m+dp/hard\libc_nano.a(lib_a-nano-msizer.o)
                0x000000000800a854                _malloc_usable_size_r
 .text.__retarget_lock_acquire_recursive
                0x000000000800a864        0x2 e:/stm32cubeide_1.7.0/stm32cubeide/plugins/com.st.stm32cube.ide.mcu.externaltools.gnu-tools-for-stm32.9-2020-q2-update.win32_2.0.0.202105311346/tools/bin/../lib/gcc/arm-none-eabi/9.3.1/../../../../arm-none-eabi/lib/thumb/v7e-m+dp/hard\libc_nano.a(lib_a-lock.o)
                0x000000000800a864                __retarget_lock_acquire_recursive
 .text.__retarget_lock_release_recursive
                0x000000000800a866        0x2 e:/stm32cubeide_1.7.0/stm32cubeide/plugins/com.st.stm32cube.ide.mcu.externaltools.gnu-tools-for-stm32.9-2020-q2-update.win32_2.0.0.202105311346/tools/bin/../lib/gcc/arm-none-eabi/9.3.1/../../../../arm-none-eabi/lib/thumb/v7e-m+dp/hard\libc_nano.a(lib_a-lock.o)
                0x000000000800a866                __retarget_lock_release_recursive
 *(.glue_7)
 .glue_7        0x000000000800a868        0x0 linker stubs
 *(.glue_7t)
 .glue_7t       0x000000000800a868        0x0 linker stubs
 *(.eh_frame)
 .eh_frame      0x000000000800a868        0x0 e:/stm32cubeide_1.7.0/stm32cubeide/plugins/com.st.stm32cube.ide.mcu.externaltools.gnu-tools-for-stm32.9-2020-q2-update.win32_2.0.0.202105311346/tools/bin/../lib/gcc/arm-none-eabi/9.3.1/thumb/v7e-m+dp/hard/crtbegin.o
 *(.init)
 .init          0x000000000800a868        0x4 e:/stm32cubeide_1.7.0/stm32cubeide/plugins/com.st.stm32cube.ide.mcu.externaltools.gnu-tools-for-stm32.9-2020-q2-update.win32_2.0.0.202105311346/tools/bin/../lib/gcc/arm-none-eabi/9.3.1/thumb/v7e-m+dp/hard/crti.o
                0x000000000800a868                _init
 .init          0x000000000800a86c        0x8 e:/stm32cubeide_1.7.0/stm32cubeide/plugins/com.st.stm32cube.ide.mcu.externaltools.gnu-tools-for-stm32.9-2020-q2-update.win32_2.0.0.202105311346/tools/bin/../lib/gcc/arm-none-eabi/9.3.1/thumb/v7e-m+dp/hard/crtn.o
 *(.fini)
 .fini          0x000000000800a874        0x4 e:/stm32cubeide_1.7.0/stm32cubeide/plugins/com.st.stm32cube.ide.mcu.externaltools.gnu-tools-for-stm32.9-2020-q2-update.win32_2.0.0.202105311346/tools/bin/../lib/gcc/arm-none-eabi/9.3.1/thumb/v7e-m+dp/hard/crti.o
                0x000000000800a874                _fini
 .fini          0x000000000800a878        0x8 e:/stm32cubeide_1.7.0/stm32cubeide/plugins/com.st.stm32cube.ide.mcu.externaltools.gnu-tools-for-stm32.9-2020-q2-update.win32_2.0.0.202105311346/tools/bin/../lib/gcc/arm-none-eabi/9.3.1/thumb/v7e-m+dp/hard/crtn.o
                0x000000000800a880                . = ALIGN (0x4)
                0x000000000800a880                _etext = .

.vfp11_veneer   0x000000000800a880        0x0
 .vfp11_veneer  0x000000000800a880        0x0 linker stubs

.v4_bx          0x000000000800a880        0x0
 .v4_bx         0x000000000800a880        0x0 linker stubs

.iplt           0x000000000800a880        0x0
 .iplt          0x000000000800a880        0x0 e:/stm32cubeide_1.7.0/stm32cubeide/plugins/com.st.stm32cube.ide.mcu.externaltools.gnu-tools-for-stm32.9-2020-q2-update.win32_2.0.0.202105311346/tools/bin/../lib/gcc/arm-none-eabi/9.3.1/thumb/v7e-m+dp/hard/crtbegin.o

.rodata         0x000000000800a880       0xf4
                0x000000000800a880                . = ALIGN (0x4)
 *(.rodata)
 .rodata        0x000000000800a880       0x47 ./Core/Src/hid_bootloader.o
 *fill*         0x000000000800a8c7        0x1 
 .rodata        0x000000000800a8c8       0x67 ./USB_DEVICE/App/usbd_desc.o
 *(.rodata*)
 *fill*         0x000000000800a92f        0x1 
 .rodata.D1CorePrescTable
                0x000000000800a930       0x10 ./Core/Src/system_stm32h7xx.o
                0x000000000800a930                D1CorePrescTable
 .rodata._svfprintf_r.str1.1
                0x000000000800a940       0x11 e:/stm32cubeide_1.7.0/stm32cubeide/plugins/com.st.stm32cube.ide.mcu.externaltools.gnu-tools-for-stm32.9-2020-q2-update.win32_2.0.0.202105311346/tools/bin/../lib/gcc/arm-none-eabi/9.3.1/../../../../arm-none-eabi/lib/thumb/v7e-m+dp/hard\libc_nano.a(lib_a-nano-svfprintf.o)
 .rodata._printf_i.str1.1
                0x000000000800a951       0x22 e:/stm32cubeide_1.7.0/stm32cubeide/plugins/com.st.stm32cube.ide.mcu.externaltools.gnu-tools-for-stm32.9-2020-q2-update.win32_2.0.0.202105311346/tools/bin/../lib/gcc/arm-none-eabi/9.3.1/../../../../arm-none-eabi/lib/thumb/v7e-m+dp/hard\libc_nano.a(lib_a-nano-vfprintf_i.o)
                0x000000000800a974                . = ALIGN (0x4)
 *fill*         0x000000000800a973        0x1 

.rel.dyn        0x000000000800a974        0x0
 .rel.iplt      0x000000000800a974        0x0 e:/stm32cubeide_1.7.0/stm32cubeide/plugins/com.st.stm32cube.ide.mcu.externaltools.gnu-tools-for-stm32.9-2020-q2-update.win32_2.0.0.202105311346/tools/bin/../lib/gcc/arm-none-eabi/9.3.1/thumb/v7e-m+dp/hard/crtbegin.o

.ARM.extab
 *(.ARM.extab* .gnu.linkonce.armextab.*)

.ARM            0x000000000800a974        0x0
                0x000000000800a974                __exidx_start = .
 *(.ARM.exidx*)
                0x000000000800a974                __exidx_end = .

.preinit_array  0x000000000800a974        0x0
                0x000000000800a974                PROVIDE (__preinit_array_start = .)
 *(.preinit_array*)
                0x000000000800a974                PROVIDE (__preinit_array_end = .)

.init_array     0x000000000800a974        0x4
                0x000000000800a974                PROVIDE (__init_array_start = .)
 *(SORT_BY_NAME(.init_array.*))
 *(.init_array*)
 .init_array    0x000000000800a974        0x4 e:/stm32cubeide_1.7.0/stm32cubeide/plugins/com.st.stm32cube.ide.mcu.externaltools.gnu-tools-for-stm32.9-2020-q2-update.win32_2.0.0.202105311346/tools/bin/../lib/gcc/arm-none-eabi/9.3.1/thumb/v7e-m+dp/hard/crtbegin.o
                0x000000000800a978                PROVIDE (__init_array_end = .)

.fini_array     0x000000000800a978        0x4
                [!provide]                        PROVIDE (__fini_array_start = .)
 *(SORT_BY_NAME(.fini_array.*))
 *(.fini_array*)
 .fini_array    0x000000000800a978        0x4 e:/stm32cubeide_1.7.0/stm32cubeide/plugins/com.st.stm32cube.ide.mcu.externaltools.gnu-tools-for-stm32.9-2020-q2-update.win32_2.0.0.202105311346/tools/bin/../lib/gcc/arm-none-eabi/9.3.1/thumb/v7e-m+dp/hard/crtbegin.o
                [!provide]                        PROVIDE (__fini_array_end = .)
                0x000000000800a97c                _sidata = LOADADDR (.data)

.data           0x0000000024000000      0x1c8 load address 0x000000000800a97c
                0x0000000024000000                . = ALIGN (0x4)
                0x0000000024000000                _sdata = .
 *(.data)
 *(.data*)
 .data.CMD_SIGNATURE
                0x0000000024000000        0x6 ./Core/Src/hid_bootloader.o
 *fill*         0x0000000024000006        0x2 
 .data.SystemCoreClock
                0x0000000024000008        0x4 ./Core/Src/system_stm32h7xx.o
                0x0000000024000008                SystemCoreClock
 .data.SystemD2Clock
                0x000000002400000c        0x4 ./Core/Src/system_stm32h7xx.o
                0x000000002400000c                SystemD2Clock
 .data.w25qxx_Mode
                0x0000000024000010        0x1 ./Drivers/BSP/w25qxx/w25qxx_qspi.o
                0x0000000024000010                w25qxx_Mode
 *fill*         0x0000000024000011        0x3 
 .data.uwTickPrio
                0x0000000024000014        0x4 ./Drivers/STM32H7xx_HAL_Driver/Src/stm32h7xx_hal.o
                0x0000000024000014                uwTickPrio
 .data.uwTickFreq
                0x0000000024000018        0x1 ./Drivers/STM32H7xx_HAL_Driver/Src/stm32h7xx_hal.o
                0x0000000024000018                uwTickFreq
 *fill*         0x0000000024000019        0x3 
 .data.USBD_CUSTOM_HID
                0x000000002400001c       0x38 ./Middlewares/ST/STM32_USB_Device_Library/Class/CustomHID/Src/usbd_customhid.o
                0x000000002400001c                USBD_CUSTOM_HID
 .data.USBD_CUSTOM_HID_CfgFSDesc
                0x0000000024000054       0x29 ./Middlewares/ST/STM32_USB_Device_Library/Class/CustomHID/Src/usbd_customhid.o
 *fill*         0x000000002400007d        0x3 
 .data.USBD_CUSTOM_HID_CfgHSDesc
                0x0000000024000080       0x29 ./Middlewares/ST/STM32_USB_Device_Library/Class/CustomHID/Src/usbd_customhid.o
 *fill*         0x00000000240000a9        0x3 
 .data.USBD_CUSTOM_HID_OtherSpeedCfgDesc
                0x00000000240000ac       0x29 ./Middlewares/ST/STM32_USB_Device_Library/Class/CustomHID/Src/usbd_customhid.o
 *fill*         0x00000000240000d5        0x3 
 .data.USBD_CUSTOM_HID_Desc
                0x00000000240000d8        0x9 ./Middlewares/ST/STM32_USB_Device_Library/Class/CustomHID/Src/usbd_customhid.o
 *fill*         0x00000000240000e1        0x3 
 .data.USBD_CUSTOM_HID_DeviceQualifierDesc
                0x00000000240000e4        0xa ./Middlewares/ST/STM32_USB_Device_Library/Class/CustomHID/Src/usbd_customhid.o
 *fill*         0x00000000240000ee        0x2 
 .data.CUSTOM_HID_ReportDesc_FS
                0x00000000240000f0       0x14 ./USB_DEVICE/App/usbd_custom_hid_if.o
 .data.USBD_CustomHID_fops_FS
                0x0000000024000104       0x10 ./USB_DEVICE/App/usbd_custom_hid_if.o
                0x0000000024000104                USBD_CustomHID_fops_FS
 .data.FS_Desc  0x0000000024000114       0x1c ./USB_DEVICE/App/usbd_desc.o
                0x0000000024000114                FS_Desc
 .data.USBD_FS_DeviceDesc
                0x0000000024000130       0x12 ./USB_DEVICE/App/usbd_desc.o
                0x0000000024000130                USBD_FS_DeviceDesc
 *fill*         0x0000000024000142        0x2 
 .data.USBD_LangIDDesc
                0x0000000024000144        0x4 ./USB_DEVICE/App/usbd_desc.o
                0x0000000024000144                USBD_LangIDDesc
 .data.USBD_StringSerial
                0x0000000024000148       0x1a ./USB_DEVICE/App/usbd_desc.o
                0x0000000024000148                USBD_StringSerial
 *fill*         0x0000000024000162        0x2 
 .data._impure_ptr
                0x0000000024000164        0x4 e:/stm32cubeide_1.7.0/stm32cubeide/plugins/com.st.stm32cube.ide.mcu.externaltools.gnu-tools-for-stm32.9-2020-q2-update.win32_2.0.0.202105311346/tools/bin/../lib/gcc/arm-none-eabi/9.3.1/../../../../arm-none-eabi/lib/thumb/v7e-m+dp/hard\libc_nano.a(lib_a-impure.o)
                0x0000000024000164                _impure_ptr
 .data.impure_data
                0x0000000024000168       0x60 e:/stm32cubeide_1.7.0/stm32cubeide/plugins/com.st.stm32cube.ide.mcu.externaltools.gnu-tools-for-stm32.9-2020-q2-update.win32_2.0.0.202105311346/tools/bin/../lib/gcc/arm-none-eabi/9.3.1/../../../../arm-none-eabi/lib/thumb/v7e-m+dp/hard\libc_nano.a(lib_a-impure.o)
 *(.RamFunc)
 *(.RamFunc*)
                0x00000000240001c8                . = ALIGN (0x4)
                0x00000000240001c8                _edata = .

.igot.plt       0x00000000240001c8        0x0 load address 0x000000000800ab44
 .igot.plt      0x00000000240001c8        0x0 e:/stm32cubeide_1.7.0/stm32cubeide/plugins/com.st.stm32cube.ide.mcu.externaltools.gnu-tools-for-stm32.9-2020-q2-update.win32_2.0.0.202105311346/tools/bin/../lib/gcc/arm-none-eabi/9.3.1/thumb/v7e-m+dp/hard/crtbegin.o
                0x00000000240001c8                . = ALIGN (0x4)

.bss            0x00000000240001c8      0xe78 load address 0x000000000800ab44
                0x00000000240001c8                _sbss = .
                0x00000000240001c8                __bss_start__ = _sbss
 *(.bss)
 .bss           0x00000000240001c8       0x1c e:/stm32cubeide_1.7.0/stm32cubeide/plugins/com.st.stm32cube.ide.mcu.externaltools.gnu-tools-for-stm32.9-2020-q2-update.win32_2.0.0.202105311346/tools/bin/../lib/gcc/arm-none-eabi/9.3.1/thumb/v7e-m+dp/hard/crtbegin.o
 *(.bss*)
 .bss.new_data_is_received
                0x00000000240001e4        0x1 ./Core/Src/hid_bootloader.o
                0x00000000240001e4                new_data_is_received
 *fill*         0x00000000240001e5        0x1 
 .bss.erase_page
                0x00000000240001e6        0x2 ./Core/Src/hid_bootloader.o
                0x00000000240001e6                erase_page
 .bss.pageData  0x00000000240001e8      0x400 ./Core/Src/hid_bootloader.o
 .bss.current_Page.12665
                0x00000000240005e8        0x4 ./Core/Src/hid_bootloader.o
 .bss.currentPageOffset.12666
                0x00000000240005ec        0x2 ./Core/Src/hid_bootloader.o
 .bss.timeflag.12652
                0x00000000240005ee        0x1 ./Core/Src/main.o
 *fill*         0x00000000240005ef        0x1 
 .bss.time.12651
                0x00000000240005f0        0x2 ./Core/Src/main.o
 .bss.pwmset.12650
                0x00000000240005f2        0x1 ./Core/Src/main.o
 .bss.timecount.12653
                0x00000000240005f3        0x1 ./Core/Src/main.o
 .bss.__sbrk_heap_end
                0x00000000240005f4        0x4 ./Core/Src/sysmem.o
 .bss.cfgidx.12675
                0x00000000240005f8        0x1 ./Middlewares/ST/STM32_USB_Device_Library/Core/Src/usbd_ctlreq.o
 *fill*         0x00000000240005f9        0x3 
 .bss.mem.12726
                0x00000000240005fc       0x58 ./USB_DEVICE/Target/usbd_conf.o
 .bss.__malloc_free_list
                0x0000000024000654        0x4 e:/stm32cubeide_1.7.0/stm32cubeide/plugins/com.st.stm32cube.ide.mcu.externaltools.gnu-tools-for-stm32.9-2020-q2-update.win32_2.0.0.202105311346/tools/bin/../lib/gcc/arm-none-eabi/9.3.1/../../../../arm-none-eabi/lib/thumb/v7e-m+dp/hard\libc_nano.a(lib_a-nano-mallocr.o)
                0x0000000024000654                __malloc_free_list
 .bss.__malloc_sbrk_start
                0x0000000024000658        0x4 e:/stm32cubeide_1.7.0/stm32cubeide/plugins/com.st.stm32cube.ide.mcu.externaltools.gnu-tools-for-stm32.9-2020-q2-update.win32_2.0.0.202105311346/tools/bin/../lib/gcc/arm-none-eabi/9.3.1/../../../../arm-none-eabi/lib/thumb/v7e-m+dp/hard\libc_nano.a(lib_a-nano-mallocr.o)
                0x0000000024000658                __malloc_sbrk_start
 *(COMMON)
 COMMON         0x000000002400065c       0x80 ./Core/Src/hid_bootloader.o
                0x000000002400065c                USB_RX_Buffer
                0x000000002400069c                USB_TX_Buffer
 COMMON         0x00000000240006dc       0x4c ./Core/Src/quadspi.o
                0x00000000240006dc                hqspi
 COMMON         0x0000000024000728       0x24 ./Core/Src/rtc.o
                0x0000000024000728                hrtc
 COMMON         0x000000002400074c        0x7 ./Drivers/BSP/w25qxx/w25qxx_qspi.o
                0x000000002400074c                w25qxx_ID
                0x0000000024000750                w25qxx_StatusReg
 *fill*         0x0000000024000753        0x1 
 COMMON         0x0000000024000754        0x4 ./Drivers/STM32H7xx_HAL_Driver/Src/stm32h7xx_hal.o
                0x0000000024000754                uwTick
 COMMON         0x0000000024000758      0x2d0 ./USB_DEVICE/App/usb_device.o
                0x0000000024000758                hUsbDeviceFS
 COMMON         0x0000000024000a28      0x200 ./USB_DEVICE/App/usbd_desc.o
                0x0000000024000a28                USBD_StrDesc
 COMMON         0x0000000024000c28      0x408 ./USB_DEVICE/Target/usbd_conf.o
                0x0000000024000c28                hpcd_USB_OTG_FS
 COMMON         0x0000000024001030        0x4 e:/stm32cubeide_1.7.0/stm32cubeide/plugins/com.st.stm32cube.ide.mcu.externaltools.gnu-tools-for-stm32.9-2020-q2-update.win32_2.0.0.202105311346/tools/bin/../lib/gcc/arm-none-eabi/9.3.1/../../../../arm-none-eabi/lib/thumb/v7e-m+dp/hard\libc_nano.a(lib_a-reent.o)
                0x0000000024001030                errno
 COMMON         0x0000000024001034        0x9 e:/stm32cubeide_1.7.0/stm32cubeide/plugins/com.st.stm32cube.ide.mcu.externaltools.gnu-tools-for-stm32.9-2020-q2-update.win32_2.0.0.202105311346/tools/bin/../lib/gcc/arm-none-eabi/9.3.1/../../../../arm-none-eabi/lib/thumb/v7e-m+dp/hard\libc_nano.a(lib_a-lock.o)
                0x0000000024001034                __lock___atexit_recursive_mutex
                0x0000000024001035                __lock___arc4random_mutex
                0x0000000024001036                __lock___env_recursive_mutex
                0x0000000024001037                __lock___sinit_recursive_mutex
                0x0000000024001038                __lock___malloc_recursive_mutex
                0x0000000024001039                __lock___at_quick_exit_mutex
                0x000000002400103a                __lock___dd_hash_mutex
                0x000000002400103b                __lock___tz_mutex
                0x000000002400103c                __lock___sfp_recursive_mutex
                0x0000000024001040                . = ALIGN (0x4)
 *fill*         0x000000002400103d        0x3 
                0x0000000024001040                _ebss = .
                0x0000000024001040                __bss_end__ = _ebss

._user_heap_stack
                0x0000000024001040      0x600 load address 0x000000000800ab44
                0x0000000024001040                . = ALIGN (0x8)
                [!provide]                        PROVIDE (end = .)
                0x0000000024001040                PROVIDE (_end = .)
                0x0000000024001240                . = (. + _Min_Heap_Size)
 *fill*         0x0000000024001040      0x200 
                0x0000000024001640                . = (. + _Min_Stack_Size)
 *fill*         0x0000000024001240      0x400 
                0x0000000024001640                . = ALIGN (0x8)

/DISCARD/
 libc.a(*)
 libm.a(*)
 libgcc.a(*)

.ARM.attributes
                0x0000000000000000       0x2e
 *(.ARM.attributes)
 .ARM.attributes
                0x0000000000000000       0x1e e:/stm32cubeide_1.7.0/stm32cubeide/plugins/com.st.stm32cube.ide.mcu.externaltools.gnu-tools-for-stm32.9-2020-q2-update.win32_2.0.0.202105311346/tools/bin/../lib/gcc/arm-none-eabi/9.3.1/thumb/v7e-m+dp/hard/crti.o
 .ARM.attributes
                0x000000000000001e       0x32 e:/stm32cubeide_1.7.0/stm32cubeide/plugins/com.st.stm32cube.ide.mcu.externaltools.gnu-tools-for-stm32.9-2020-q2-update.win32_2.0.0.202105311346/tools/bin/../lib/gcc/arm-none-eabi/9.3.1/thumb/v7e-m+dp/hard/crtbegin.o
 .ARM.attributes
                0x0000000000000050       0x32 ./Core/Src/gpio.o
 .ARM.attributes
                0x0000000000000082       0x32 ./Core/Src/hid_bootloader.o
 .ARM.attributes
                0x00000000000000b4       0x32 ./Core/Src/main.o
 .ARM.attributes
                0x00000000000000e6       0x32 ./Core/Src/quadspi.o
 .ARM.attributes
                0x0000000000000118       0x32 ./Core/Src/rtc.o
 .ARM.attributes
                0x000000000000014a       0x32 ./Core/Src/stm32h7xx_hal_msp.o
 .ARM.attributes
                0x000000000000017c       0x32 ./Core/Src/stm32h7xx_it.o
 .ARM.attributes
                0x00000000000001ae       0x32 ./Core/Src/sysmem.o
 .ARM.attributes
                0x00000000000001e0       0x32 ./Core/Src/system_stm32h7xx.o
 .ARM.attributes
                0x0000000000000212       0x21 ./Core/Startup/startup_stm32h743vitx.o
 .ARM.attributes
                0x0000000000000233       0x32 ./Drivers/BSP/w25qxx/w25qxx_qspi.o
 .ARM.attributes
                0x0000000000000265       0x32 ./Drivers/STM32H7xx_HAL_Driver/Src/stm32h7xx_hal.o
 .ARM.attributes
                0x0000000000000297       0x32 ./Drivers/STM32H7xx_HAL_Driver/Src/stm32h7xx_hal_cortex.o
 .ARM.attributes
                0x00000000000002c9       0x32 ./Drivers/STM32H7xx_HAL_Driver/Src/stm32h7xx_hal_gpio.o
 .ARM.attributes
                0x00000000000002fb       0x32 ./Drivers/STM32H7xx_HAL_Driver/Src/stm32h7xx_hal_pcd.o
 .ARM.attributes
                0x000000000000032d       0x32 ./Drivers/STM32H7xx_HAL_Driver/Src/stm32h7xx_hal_pcd_ex.o
 .ARM.attributes
                0x000000000000035f       0x32 ./Drivers/STM32H7xx_HAL_Driver/Src/stm32h7xx_hal_pwr.o
 .ARM.attributes
                0x0000000000000391       0x32 ./Drivers/STM32H7xx_HAL_Driver/Src/stm32h7xx_hal_pwr_ex.o
 .ARM.attributes
                0x00000000000003c3       0x32 ./Drivers/STM32H7xx_HAL_Driver/Src/stm32h7xx_hal_qspi.o
 .ARM.attributes
                0x00000000000003f5       0x32 ./Drivers/STM32H7xx_HAL_Driver/Src/stm32h7xx_hal_rcc.o
 .ARM.attributes
                0x0000000000000427       0x32 ./Drivers/STM32H7xx_HAL_Driver/Src/stm32h7xx_hal_rcc_ex.o
 .ARM.attributes
                0x0000000000000459       0x32 ./Drivers/STM32H7xx_HAL_Driver/Src/stm32h7xx_hal_rtc.o
 .ARM.attributes
                0x000000000000048b       0x32 ./Drivers/STM32H7xx_HAL_Driver/Src/stm32h7xx_ll_usb.o
 .ARM.attributes
                0x00000000000004bd       0x32 ./Middlewares/ST/STM32_USB_Device_Library/Class/CustomHID/Src/usbd_customhid.o
 .ARM.attributes
                0x00000000000004ef       0x32 ./Middlewares/ST/STM32_USB_Device_Library/Core/Src/usbd_core.o
 .ARM.attributes
                0x0000000000000521       0x32 ./Middlewares/ST/STM32_USB_Device_Library/Core/Src/usbd_ctlreq.o
 .ARM.attributes
                0x0000000000000553       0x32 ./Middlewares/ST/STM32_USB_Device_Library/Core/Src/usbd_ioreq.o
 .ARM.attributes
                0x0000000000000585       0x32 ./USB_DEVICE/App/usb_device.o
 .ARM.attributes
                0x00000000000005b7       0x32 ./USB_DEVICE/App/usbd_custom_hid_if.o
 .ARM.attributes
                0x00000000000005e9       0x32 ./USB_DEVICE/App/usbd_desc.o
 .ARM.attributes
                0x000000000000061b       0x32 ./USB_DEVICE/Target/usbd_conf.o
 .ARM.attributes
                0x000000000000064d       0x32 e:/stm32cubeide_1.7.0/stm32cubeide/plugins/com.st.stm32cube.ide.mcu.externaltools.gnu-tools-for-stm32.9-2020-q2-update.win32_2.0.0.202105311346/tools/bin/../lib/gcc/arm-none-eabi/9.3.1/../../../../arm-none-eabi/lib/thumb/v7e-m+dp/hard\libc_nano.a(lib_a-errno.o)
 .ARM.attributes
                0x000000000000067f       0x30 e:/stm32cubeide_1.7.0/stm32cubeide/plugins/com.st.stm32cube.ide.mcu.externaltools.gnu-tools-for-stm32.9-2020-q2-update.win32_2.0.0.202105311346/tools/bin/../lib/gcc/arm-none-eabi/9.3.1/../../../../arm-none-eabi/lib/thumb/v7e-m+dp/hard\libc_nano.a(lib_a-impure.o)
 .ARM.attributes
                0x00000000000006af       0x32 e:/stm32cubeide_1.7.0/stm32cubeide/plugins/com.st.stm32cube.ide.mcu.externaltools.gnu-tools-for-stm32.9-2020-q2-update.win32_2.0.0.202105311346/tools/bin/../lib/gcc/arm-none-eabi/9.3.1/../../../../arm-none-eabi/lib/thumb/v7e-m+dp/hard\libc_nano.a(lib_a-init.o)
 .ARM.attributes
                0x00000000000006e1       0x32 e:/stm32cubeide_1.7.0/stm32cubeide/plugins/com.st.stm32cube.ide.mcu.externaltools.gnu-tools-for-stm32.9-2020-q2-update.win32_2.0.0.202105311346/tools/bin/../lib/gcc/arm-none-eabi/9.3.1/../../../../arm-none-eabi/lib/thumb/v7e-m+dp/hard\libc_nano.a(lib_a-memcmp.o)
 .ARM.attributes
                0x0000000000000713       0x32 e:/stm32cubeide_1.7.0/stm32cubeide/plugins/com.st.stm32cube.ide.mcu.externaltools.gnu-tools-for-stm32.9-2020-q2-update.win32_2.0.0.202105311346/tools/bin/../lib/gcc/arm-none-eabi/9.3.1/../../../../arm-none-eabi/lib/thumb/v7e-m+dp/hard\libc_nano.a(lib_a-memset.o)
 .ARM.attributes
                0x0000000000000745       0x32 e:/stm32cubeide_1.7.0/stm32cubeide/plugins/com.st.stm32cube.ide.mcu.externaltools.gnu-tools-for-stm32.9-2020-q2-update.win32_2.0.0.202105311346/tools/bin/../lib/gcc/arm-none-eabi/9.3.1/../../../../arm-none-eabi/lib/thumb/v7e-m+dp/hard\libc_nano.a(lib_a-sprintf.o)
 .ARM.attributes
                0x0000000000000777       0x32 e:/stm32cubeide_1.7.0/stm32cubeide/plugins/com.st.stm32cube.ide.mcu.externaltools.gnu-tools-for-stm32.9-2020-q2-update.win32_2.0.0.202105311346/tools/bin/../lib/gcc/arm-none-eabi/9.3.1/../../../../arm-none-eabi/lib/thumb/v7e-m+dp/hard\libc_nano.a(lib_a-nano-svfprintf.o)
 .ARM.attributes
                0x00000000000007a9       0x32 e:/stm32cubeide_1.7.0/stm32cubeide/plugins/com.st.stm32cube.ide.mcu.externaltools.gnu-tools-for-stm32.9-2020-q2-update.win32_2.0.0.202105311346/tools/bin/../lib/gcc/arm-none-eabi/9.3.1/../../../../arm-none-eabi/lib/thumb/v7e-m+dp/hard\libc_nano.a(lib_a-nano-vfprintf_i.o)
 .ARM.attributes
                0x00000000000007db       0x1c e:/stm32cubeide_1.7.0/stm32cubeide/plugins/com.st.stm32cube.ide.mcu.externaltools.gnu-tools-for-stm32.9-2020-q2-update.win32_2.0.0.202105311346/tools/bin/../lib/gcc/arm-none-eabi/9.3.1/../../../../arm-none-eabi/lib/thumb/v7e-m+dp/hard\libc_nano.a(lib_a-memchr.o)
 .ARM.attributes
                0x00000000000007f7       0x32 e:/stm32cubeide_1.7.0/stm32cubeide/plugins/com.st.stm32cube.ide.mcu.externaltools.gnu-tools-for-stm32.9-2020-q2-update.win32_2.0.0.202105311346/tools/bin/../lib/gcc/arm-none-eabi/9.3.1/../../../../arm-none-eabi/lib/thumb/v7e-m+dp/hard\libc_nano.a(lib_a-memcpy-stub.o)
 .ARM.attributes
                0x0000000000000829       0x32 e:/stm32cubeide_1.7.0/stm32cubeide/plugins/com.st.stm32cube.ide.mcu.externaltools.gnu-tools-for-stm32.9-2020-q2-update.win32_2.0.0.202105311346/tools/bin/../lib/gcc/arm-none-eabi/9.3.1/../../../../arm-none-eabi/lib/thumb/v7e-m+dp/hard\libc_nano.a(lib_a-memmove.o)
 .ARM.attributes
                0x000000000000085b       0x32 e:/stm32cubeide_1.7.0/stm32cubeide/plugins/com.st.stm32cube.ide.mcu.externaltools.gnu-tools-for-stm32.9-2020-q2-update.win32_2.0.0.202105311346/tools/bin/../lib/gcc/arm-none-eabi/9.3.1/../../../../arm-none-eabi/lib/thumb/v7e-m+dp/hard\libc_nano.a(lib_a-nano-freer.o)
 .ARM.attributes
                0x000000000000088d       0x32 e:/stm32cubeide_1.7.0/stm32cubeide/plugins/com.st.stm32cube.ide.mcu.externaltools.gnu-tools-for-stm32.9-2020-q2-update.win32_2.0.0.202105311346/tools/bin/../lib/gcc/arm-none-eabi/9.3.1/../../../../arm-none-eabi/lib/thumb/v7e-m+dp/hard\libc_nano.a(lib_a-nano-mallocr.o)
 .ARM.attributes
                0x00000000000008bf       0x32 e:/stm32cubeide_1.7.0/stm32cubeide/plugins/com.st.stm32cube.ide.mcu.externaltools.gnu-tools-for-stm32.9-2020-q2-update.win32_2.0.0.202105311346/tools/bin/../lib/gcc/arm-none-eabi/9.3.1/../../../../arm-none-eabi/lib/thumb/v7e-m+dp/hard\libc_nano.a(lib_a-nano-reallocr.o)
 .ARM.attributes
                0x00000000000008f1       0x32 e:/stm32cubeide_1.7.0/stm32cubeide/plugins/com.st.stm32cube.ide.mcu.externaltools.gnu-tools-for-stm32.9-2020-q2-update.win32_2.0.0.202105311346/tools/bin/../lib/gcc/arm-none-eabi/9.3.1/../../../../arm-none-eabi/lib/thumb/v7e-m+dp/hard\libc_nano.a(lib_a-sbrkr.o)
 .ARM.attributes
                0x0000000000000923       0x32 e:/stm32cubeide_1.7.0/stm32cubeide/plugins/com.st.stm32cube.ide.mcu.externaltools.gnu-tools-for-stm32.9-2020-q2-update.win32_2.0.0.202105311346/tools/bin/../lib/gcc/arm-none-eabi/9.3.1/../../../../arm-none-eabi/lib/thumb/v7e-m+dp/hard\libc_nano.a(lib_a-mlock.o)
 .ARM.attributes
                0x0000000000000955       0x32 e:/stm32cubeide_1.7.0/stm32cubeide/plugins/com.st.stm32cube.ide.mcu.externaltools.gnu-tools-for-stm32.9-2020-q2-update.win32_2.0.0.202105311346/tools/bin/../lib/gcc/arm-none-eabi/9.3.1/../../../../arm-none-eabi/lib/thumb/v7e-m+dp/hard\libc_nano.a(lib_a-nano-msizer.o)
 .ARM.attributes