Archive member included to satisfy reference by file (symbol)

e:/stm32cubeide_1.7.0/stm32cubeide/plugins/com.st.stm32cube.ide.mcu.externaltools.gnu-tools-for-stm32.9-2020-q2-update.win32_2.0.0.202105311346/tools/bin/../lib/gcc/arm-none-eabi/9.3.1/../../../../arm-none-eabi/lib/thumb/v7e-m+dp/hard\libc_nano.a(lib_a-errno.o)
                              ./Core/Src/syscalls.o (__errno)
e:/stm32cubeide_1.7.0/stm32cubeide/plugins/com.st.stm32cube.ide.mcu.externaltools.gnu-tools-for-stm32.9-2020-q2-update.win32_2.0.0.202105311346/tools/bin/../lib/gcc/arm-none-eabi/9.3.1/../../../../arm-none-eabi/lib/thumb/v7e-m+dp/hard\libc_nano.a(lib_a-exit.o)
                              e:/stm32cubeide_1.7.0/stm32cubeide/plugins/com.st.stm32cube.ide.mcu.externaltools.gnu-tools-for-stm32.9-2020-q2-update.win32_2.0.0.202105311346/tools/bin/../lib/gcc/arm-none-eabi/9.3.1/../../../../arm-none-eabi/lib/thumb/v7e-m+dp/hard/crt0.o (exit)
e:/stm32cubeide_1.7.0/stm32cubeide/plugins/com.st.stm32cube.ide.mcu.externaltools.gnu-tools-for-stm32.9-2020-q2-update.win32_2.0.0.202105311346/tools/bin/../lib/gcc/arm-none-eabi/9.3.1/../../../../arm-none-eabi/lib/thumb/v7e-m+dp/hard\libc_nano.a(lib_a-impure.o)
                              e:/stm32cubeide_1.7.0/stm32cubeide/plugins/com.st.stm32cube.ide.mcu.externaltools.gnu-tools-for-stm32.9-2020-q2-update.win32_2.0.0.202105311346/tools/bin/../lib/gcc/arm-none-eabi/9.3.1/../../../../arm-none-eabi/lib/thumb/v7e-m+dp/hard\libc_nano.a(lib_a-exit.o) (_global_impure_ptr)
e:/stm32cubeide_1.7.0/stm32cubeide/plugins/com.st.stm32cube.ide.mcu.externaltools.gnu-tools-for-stm32.9-2020-q2-update.win32_2.0.0.202105311346/tools/bin/../lib/gcc/arm-none-eabi/9.3.1/../../../../arm-none-eabi/lib/thumb/v7e-m+dp/hard\libc_nano.a(lib_a-init.o)
                              e:/stm32cubeide_1.7.0/stm32cubeide/plugins/com.st.stm32cube.ide.mcu.externaltools.gnu-tools-for-stm32.9-2020-q2-update.win32_2.0.0.202105311346/tools/bin/../lib/gcc/arm-none-eabi/9.3.1/../../../../arm-none-eabi/lib/thumb/v7e-m+dp/hard/crt0.o (__libc_init_array)
e:/stm32cubeide_1.7.0/stm32cubeide/plugins/com.st.stm32cube.ide.mcu.externaltools.gnu-tools-for-stm32.9-2020-q2-update.win32_2.0.0.202105311346/tools/bin/../lib/gcc/arm-none-eabi/9.3.1/../../../../arm-none-eabi/lib/thumb/v7e-m+dp/hard\libc_nano.a(lib_a-memset.o)
                              e:/stm32cubeide_1.7.0/stm32cubeide/plugins/com.st.stm32cube.ide.mcu.externaltools.gnu-tools-for-stm32.9-2020-q2-update.win32_2.0.0.202105311346/tools/bin/../lib/gcc/arm-none-eabi/9.3.1/../../../../arm-none-eabi/lib/thumb/v7e-m+dp/hard/crt0.o (memset)
e:/stm32cubeide_1.7.0/stm32cubeide/plugins/com.st.stm32cube.ide.mcu.externaltools.gnu-tools-for-stm32.9-2020-q2-update.win32_2.0.0.202105311346/tools/bin/../lib/gcc/arm-none-eabi/9.3.1/../../../../arm-none-eabi/lib/thumb/v7e-m+dp/hard\libc_nano.a(lib_a-sprintf.o)
                              ./Drivers/BSP/ST7735/lcd.o (sprintf)
e:/stm32cubeide_1.7.0/stm32cubeide/plugins/com.st.stm32cube.ide.mcu.externaltools.gnu-tools-for-stm32.9-2020-q2-update.win32_2.0.0.202105311346/tools/bin/../lib/gcc/arm-none-eabi/9.3.1/../../../../arm-none-eabi/lib/thumb/v7e-m+dp/hard\libc_nano.a(lib_a-nano-svfprintf.o)
                              e:/stm32cubeide_1.7.0/stm32cubeide/plugins/com.st.stm32cube.ide.mcu.externaltools.gnu-tools-for-stm32.9-2020-q2-update.win32_2.0.0.202105311346/tools/bin/../lib/gcc/arm-none-eabi/9.3.1/../../../../arm-none-eabi/lib/thumb/v7e-m+dp/hard\libc_nano.a(lib_a-sprintf.o) (_svfprintf_r)
e:/stm32cubeide_1.7.0/stm32cubeide/plugins/com.st.stm32cube.ide.mcu.externaltools.gnu-tools-for-stm32.9-2020-q2-update.win32_2.0.0.202105311346/tools/bin/../lib/gcc/arm-none-eabi/9.3.1/../../../../arm-none-eabi/lib/thumb/v7e-m+dp/hard\libc_nano.a(lib_a-nano-vfprintf_i.o)
                              e:/stm32cubeide_1.7.0/stm32cubeide/plugins/com.st.stm32cube.ide.mcu.externaltools.gnu-tools-for-stm32.9-2020-q2-update.win32_2.0.0.202105311346/tools/bin/../lib/gcc/arm-none-eabi/9.3.1/../../../../arm-none-eabi/lib/thumb/v7e-m+dp/hard\libc_nano.a(lib_a-nano-svfprintf.o) (_printf_i)
e:/stm32cubeide_1.7.0/stm32cubeide/plugins/com.st.stm32cube.ide.mcu.externaltools.gnu-tools-for-stm32.9-2020-q2-update.win32_2.0.0.202105311346/tools/bin/../lib/gcc/arm-none-eabi/9.3.1/../../../../arm-none-eabi/lib/thumb/v7e-m+dp/hard\libc_nano.a(lib_a-memchr.o)
                              e:/stm32cubeide_1.7.0/stm32cubeide/plugins/com.st.stm32cube.ide.mcu.externaltools.gnu-tools-for-stm32.9-2020-q2-update.win32_2.0.0.202105311346/tools/bin/../lib/gcc/arm-none-eabi/9.3.1/../../../../arm-none-eabi/lib/thumb/v7e-m+dp/hard\libc_nano.a(lib_a-nano-svfprintf.o) (memchr)
e:/stm32cubeide_1.7.0/stm32cubeide/plugins/com.st.stm32cube.ide.mcu.externaltools.gnu-tools-for-stm32.9-2020-q2-update.win32_2.0.0.202105311346/tools/bin/../lib/gcc/arm-none-eabi/9.3.1/../../../../arm-none-eabi/lib/thumb/v7e-m+dp/hard\libc_nano.a(lib_a-memcpy-stub.o)
[...]
Memory Configuration

Name             Origin             Length             Attributes
FLASH            0x0000000008000000 0x0000000000200000 xr
DTCMRAM          0x0000000020000000 0x0000000000020000 xrw
RAM_D1           0x0000000024000000 0x0000000000080000 xrw
RAM_D2           0x0000000030000000 0x0000000000048000 xrw
RAM_D3           0x0000000038000000 0x0000000000010000 xrw
ITCMRAM          0x0000000000000000 0x0000000000010000 xrw
*default*        0x0000000000000000 0xffffffffffffffff

Linker script and memory map

LOAD e:/stm32cubeide_1.7.0/stm32cubeide/plugins/com.st.stm32cube.ide.mcu.externaltools.gnu-tools-for-stm32.9-2020-q2-update.win32_2.0.0.202105311346/tools/bin/../lib/gcc/arm-none-eabi/9.3.1/thumb/v7e-m+dp/hard/crti.o
LOAD e:/stm32cubeide_1.7.0/stm32cubeide/plugins/com.st.stm32cube.ide.mcu.externaltools.gnu-tools-for-stm32.9-2020-q2-update.win32_2.0.0.202105311346/tools/bin/../lib/gcc/arm-none-eabi/9.3.1/thumb/v7e-m+dp/hard/crtbegin.o
LOAD e:/stm32cubeide_1.7.0/stm32cubeide/plugins/com.st.stm32cube.ide.mcu.externaltools.gnu-tools-for-stm32.9-2020-q2-update.win32_2.0.0.202105311346/tools/bin/../lib/gcc/arm-none-eabi/9.3.1/../../../../arm-none-eabi/lib/thumb/v7e-m+dp/hard/crt0.o
LOAD ./Core/Src/adc.o
LOAD ./Core/Src/debug.o
LOAD ./Core/Src/gpio.o
LOAD ./Core/Src/main.o
LOAD ./Core/Src/spi.o
LOAD ./Core/Src/stm32h7xx_hal_msp.o
LOAD ./Core/Src/stm32h7xx_it.o
LOAD ./Core/Src/syscalls.o
LOAD ./Core/Src/sysmem.o
LOAD ./Core/Src/system_stm32h7xx.o
LOAD ./Core/Src/tim.o
LOAD ./Core/Startup/startup_stm32h743vitx.o
LOAD ./Drivers/BSP/ST7735/lcd.o
LOAD ./Drivers/BSP/ST7735/logo.o
LOAD ./Drivers/BSP/ST7735/logo_128_160.o
LOAD ./Drivers/BSP/ST7735/logo_160_80.o
LOAD ./Drivers/BSP/ST7735/st7735.o
LOAD ./Drivers/BSP/ST7735/st7735_reg.o
LOAD ./Drivers/STM32H7xx_HAL_Driver/Src/stm32h7xx_hal.o
LOAD ./Drivers/STM32H7xx_HAL_Driver/Src/stm32h7xx_hal_adc.o
LOAD ./Drivers/STM32H7xx_HAL_Driver/Src/stm32h7xx_hal_adc_ex.o
LOAD ./Drivers/STM32H7xx_HAL_Driver/Src/stm32h7xx_hal_cortex.o
LOAD ./Drivers/STM32H7xx_HAL_Driver/Src/stm32h7xx_hal_dma.o
LOAD ./Drivers/STM32H7xx_HAL_Driver/Src/stm32h7xx_hal_dma_ex.o
LOAD ./Drivers/STM32H7xx_HAL_Driver/Src/stm32h7xx_hal_exti.o
LOAD ./Drivers/STM32H7xx_HAL_Driver/Src/stm32h7xx_hal_flash.o
LOAD ./Drivers/STM32H7xx_HAL_Driver/Src/stm32h7xx_hal_flash_ex.o
LOAD ./Drivers/STM32H7xx_HAL_Driver/Src/stm32h7xx_hal_gpio.o
LOAD ./Drivers/STM32H7xx_HAL_Driver/Src/stm32h7xx_hal_hsem.o
LOAD ./Drivers/STM32H7xx_HAL_Driver/Src/stm32h7xx_hal_i2c.o
LOAD ./Drivers/STM32H7xx_HAL_Driver/Src/stm32h7xx_hal_i2c_ex.o
LOAD ./Drivers/STM32H7xx_HAL_Driver/Src/stm32h7xx_hal_mdma.o
LOAD ./Drivers/STM32H7xx_HAL_Driver/Src/stm32h7xx_hal_pwr.o
LOAD ./Drivers/STM32H7xx_HAL_Driver/Src/stm32h7xx_hal_pwr_ex.o
LOAD ./Drivers/STM32H7xx_HAL_Driver/Src/stm32h7xx_hal_rcc.o
LOAD ./Drivers/STM32H7xx_HAL_Driver/Src/stm32h7xx_hal_rcc_ex.o
LOAD ./Drivers/STM32H7xx_HAL_Driver/Src/stm32h7xx_hal_spi.o
LOAD ./Drivers/STM32H7xx_HAL_Driver/Src/stm32h7xx_hal_spi_ex.o
LOAD ./Drivers/STM32H7xx_HAL_Driver/Src/stm32h7xx_hal_tim.o
LOAD ./Drivers/STM32H7xx_HAL_Driver/Src/stm32h7xx_hal_tim_ex.o
START GROUP
LOAD e:/stm32cubeide_1.7.0/stm32cubeide/plugins/com.st.stm32cube.ide.mcu.externaltools.gnu-tools-for-stm32.9-2020-q2-update.win32_2.0.0.202105311346/tools/bin/../lib/gcc/arm-none-eabi/9.3.1/../../../../arm-none-eabi/lib/thumb/v7e-m+dp/hard\libc_nano.a
LOAD e:/stm32cubeide_1.7.0/stm32cubeide/plugins/com.st.stm32cube.ide.mcu.externaltools.gnu-tools-for-stm32.9-2020-q2-update.win32_2.0.0.202105311346/tools/bin/../lib/gcc/arm-none-eabi/9.3.1/../../../../arm-none-eabi/lib/thumb/v7e-m+dp/hard\libm.a
END GROUP
START GROUP
LOAD e:/stm32cubeide_1.7.0/stm32cubeide/plugins/com.st.stm32cube.ide.mcu.externaltools.gnu-tools-for-stm32.9-2020-q2-update.win32_2.0.0.202105311346/tools/bin/../lib/gcc/arm-none-eabi/9.3.1/thumb/v7e-m+dp/hard\libgcc.a
LOAD e:/stm32cubeide_1.7.0/stm32cubeide/plugins/com.st.stm32cube.ide.mcu.externaltools.gnu-tools-for-stm32.9-2020-q2-update.win32_2.0.0.202105311346/tools/bin/../lib/gcc/arm-none-eabi/9.3.1/../../../../arm-none-eabi/lib/thumb/v7e-m+dp/hard\libc_nano.a
END GROUP
START GROUP
LOAD e:/stm32cubeide_1.7.0/stm32cubeide/plugins/com.st.stm32cube.ide.mcu.externaltools.gnu-tools-for-stm32.9-2020-q2-update.win32_2.0.0.202105311346/tools/bin/../lib/gcc/arm-none-eabi/9.3.1/thumb/v7e-m+dp/hard\libgcc.a
LOAD e:/stm32cubeide_1.7.0/stm32cubeide/plugins/com.st.stm32cube.ide.mcu.externaltools.gnu-tools-for-stm32.9-2020-q2-update.win32_2.0.0.202105311346/tools/bin/../lib/gcc/arm-none-eabi/9.3.1/../../../../arm-none-eabi/lib/thumb/v7e-m+dp/hard\libc_nano.a
LOAD e:/stm32cubeide_1.7.0/stm32cubeide/plugins/com.st.stm32cube.ide.mcu.externaltools.gnu-tools-for-stm32.9-2020-q2-update.win32_2.0.0.202105311346/tools/bin/../lib/gcc/arm-none-eabi/9.3.1/../../../../arm-none-eabi/lib/thumb/v7e-m+dp/hard\libnosys.a
END GROUP
START GROUP
LOAD e:/stm32cubeide_1.7.0/stm32cubeide/plugins/com.st.stm32cube.ide.mcu.externaltools.gnu-tools-for-stm32.9-2020-q2-update.win32_2.0.0.202105311346/tools/bin/../lib/gcc/arm-none-eabi/9.3.1/thumb/v7e-m+dp/hard\libgcc.a
LOAD e:/stm32cubeide_1.7.0/stm32cubeide/plugins/com.st.stm32cube.ide.mcu.externaltools.gnu-tools-for-stm32.9-2020-q2-update.win32_2.0.0.202105311346/tools/bin/../lib/gcc/arm-none-eabi/9.3.1/../../../../arm-none-eabi/lib/thumb/v7e-m+dp/hard\libc_nano.a
LOAD e:/stm32cubeide_1.7.0/stm32cubeide/plugins/com.st.stm32cube.ide.mcu.externaltools.gnu-tools-for-stm32.9-2020-q2-update.win32_2.0.0.202105311346/tools/bin/../lib/gcc/arm-none-eabi/9.3.1/../../../../arm-none-eabi/lib/thumb/v7e-m+dp/hard\libnosys.a
END GROUP
LOAD e:/stm32cubeide_1.7.0/stm32cubeide/plugins/com.st.stm32cube.ide.mcu.externaltools.gnu-tools-for-stm32.9-2020-q2-update.win32_2.0.0.202105311346/tools/bin/../lib/gcc/arm-none-eabi/9.3.1/thumb/v7e-m+dp/hard/crtend.o
LOAD e:/stm32cubeide_1.7.0/stm32cubeide/plugins/com.st.stm32cube.ide.mcu.externaltools.gnu-tools-for-stm32.9-2020-q2-update.win32_2.0.0.202105311346/tools/bin/../lib/gcc/arm-none-eabi/9.3.1/thumb/v7e-m+dp/hard/crtn.o
                0x0000000024080000                _estack = (ORIGIN (RAM_D1) + LENGTH (RAM_D1))
                0x0000000000000200                _Min_Heap_Size = 0x200
                0x0000000000000400                _Min_Stack_Size = 0x400

.isr_vector     0x0000000008000000      0x298
                0x0000000008000000                . = ALIGN (0x4)
 *(.isr_vector)
 .isr_vector    0x0000000008000000      0x298 ./Core/Startup/startup_stm32h743vitx.o
                0x0000000008000000                g_pfnVectors
                0x0000000008000298                . = ALIGN (0x4)

.text           0x00000000080002a0     0xa838
                0x00000000080002a0                . = ALIGN (0x4)
 *(.text)
 .text          0x00000000080002a0       0x40 e:/stm32cubeide_1.7.0/stm32cubeide/plugins/com.st.stm32cube.ide.mcu.externaltools.gnu-tools-for-stm32.9-2020-q2-update.win32_2.0.0.202105311346/tools/bin/../lib/gcc/arm-none-eabi/9.3.1/thumb/v7e-m+dp/hard/crtbegin.o
 .text          0x00000000080002e0       0xa0 e:/stm32cubeide_1.7.0/stm32cubeide/plugins/com.st.stm32cube.ide.mcu.externaltools.gnu-tools-for-stm32.9-2020-q2-update.win32_2.0.0.202105311346/tools/bin/../lib/gcc/arm-none-eabi/9.3.1/../../../../arm-none-eabi/lib/thumb/v7e-m+dp/hard\libc_nano.a(lib_a-memchr.o)
                0x00000000080002e0                memchr
 *(.text*)
 .text.MX_ADC3_Init
                0x0000000008000380      0x12c ./Core/Src/adc.o
                0x0000000008000380                MX_ADC3_Init
 .text.HAL_ADC_MspInit
                0x00000000080004ac       0xc0 ./Core/Src/adc.o
                0x00000000080004ac                HAL_ADC_MspInit
 .text.MX_GPIO_Init
                0x000000000800056c      0x10c ./Core/Src/gpio.o
                0x000000000800056c                MX_GPIO_Init
 .text.MPU_Config
                0x0000000008000678       0x90 ./Core/Src/main.o
 .text.CPU_CACHE_Enable
                0x0000000008000708       0xdc ./Core/Src/main.o
 .text.LED_Blink
                0x00000000080007e4       0x3c ./Core/Src/main.o
                0x00000000080007e4                LED_Blink
 .text.main     0x0000000008000820      0x114 ./Core/Src/main.o
                0x0000000008000820                main
 .text.SystemClock_Config
                0x0000000008000934      0x108 ./Core/Src/main.o
                0x0000000008000934                SystemClock_Config
 .text.Error_Handler
                0x0000000008000a3c        0xe ./Core/Src/main.o
                0x0000000008000a3c                Error_Handler
 *fill*         0x0000000008000a4a        0x2 
 .text.MX_SPI4_Init
                0x0000000008000a4c       0xb0 ./Core/Src/spi.o
                0x0000000008000a4c                MX_SPI4_Init
 .text.HAL_SPI_MspInit
                0x0000000008000afc       0xcc ./Core/Src/spi.o
                0x0000000008000afc                HAL_SPI_MspInit
 .text.HAL_MspInit
                0x0000000008000bc8       0x58 ./Core/Src/stm32h7xx_hal_msp.o
                0x0000000008000bc8                HAL_MspInit
 .text.NMI_Handler
                0x0000000008000c20        0xe ./Core/Src/stm32h7xx_it.o
                0x0000000008000c20                NMI_Handler
 .text.HardFault_Handler
                0x0000000008000c2e        0x6 ./Core/Src/stm32h7xx_it.o
                0x0000000008000c2e                HardFault_Handler
 .text.MemManage_Handler
                0x0000000008000c34        0x6 ./Core/Src/stm32h7xx_it.o
                0x0000000008000c34                MemManage_Handler
 .text.BusFault_Handler
                0x0000000008000c3a        0x6 ./Core/Src/stm32h7xx_it.o
                0x0000000008000c3a                BusFault_Handler
 .text.UsageFault_Handler
                0x0000000008000c40        0x6 ./Core/Src/stm32h7xx_it.o
                0x0000000008000c40                UsageFault_Handler
 .text.SVC_Handler
                0x0000000008000c46        0xe ./Core/Src/stm32h7xx_it.o
                0x0000000008000c46                SVC_Handler
 .text.DebugMon_Handler
                0x0000000008000c54        0xe ./Core/Src/stm32h7xx_it.o
                0x0000000008000c54                DebugMon_Handler
 .text.PendSV_Handler
                0x0000000008000c62        0xe ./Core/Src/stm32h7xx_it.o
                0x0000000008000c62                PendSV_Handler
 .text.SysTick_Handler
                0x0000000008000c70        0xc ./Core/Src/stm32h7xx_it.o
                0x0000000008000c70                SysTick_Handler
 .text._sbrk    0x0000000008000c7c       0x6c ./Core/Src/sysmem.o
                0x0000000008000c7c                _sbrk
 .text.SystemInit
                0x0000000008000ce8       0xc4 ./Core/Src/system_stm32h7xx.o
                0x0000000008000ce8                SystemInit
 .text.MX_TIM1_Init
                0x0000000008000dac      0x120 ./Core/Src/tim.o
                0x0000000008000dac                MX_TIM1_Init
 .text.HAL_TIM_PWM_MspInit
                0x0000000008000ecc       0x44 ./Core/Src/tim.o
                0x0000000008000ecc                HAL_TIM_PWM_MspInit
 .text.HAL_TIM_MspPostInit
                0x0000000008000f10       0x78 ./Core/Src/tim.o
                0x0000000008000f10                HAL_TIM_MspPostInit
 .text.Reset_Handler
                0x0000000008000f88       0x50 ./Core/Startup/startup_stm32h743vitx.o
                0x0000000008000f88                Reset_Handler
 .text.Default_Handler
                0x0000000008000fd8        0x2 ./Core/Startup/startup_stm32h743vitx.o
                0x0000000008000fd8                RTC_Alarm_IRQHandler
                0x0000000008000fd8                EXTI2_IRQHandler
                0x0000000008000fd8                TIM8_CC_IRQHandler
                0x0000000008000fd8                HRTIM1_Master_IRQHandler
                0x0000000008000fd8                UART8_IRQHandler
                0x0000000008000fd8                SPI4_IRQHandler
                0x0000000008000fd8                TIM1_CC_IRQHandler
                0x0000000008000fd8                BDMA_Channel6_IRQHandler
                0x0000000008000fd8                DMA2_Stream5_IRQHandler
                0x0000000008000fd8                HRTIM1_FLT_IRQHandler
                0x0000000008000fd8                JPEG_IRQHandler
                0x0000000008000fd8                DMA1_Stream5_IRQHandler
                0x0000000008000fd8                BDMA_Channel1_IRQHandler
                0x0000000008000fd8                HRTIM1_TIMD_IRQHandler
                0x0000000008000fd8                TAMP_STAMP_IRQHandler
                0x0000000008000fd8                EXTI3_IRQHandler
                0x0000000008000fd8                LPTIM4_IRQHandler
                0x0000000008000fd8                TIM8_TRG_COM_TIM14_IRQHandler
                0x0000000008000fd8                LPTIM2_IRQHandler
                0x0000000008000fd8                DFSDM1_FLT1_IRQHandler
                0x0000000008000fd8                DMAMUX2_OVR_IRQHandler
                0x0000000008000fd8                TIM8_UP_TIM13_IRQHandler
                0x0000000008000fd8                I2C3_ER_IRQHandler
                0x0000000008000fd8                DFSDM1_FLT2_IRQHandler
                0x0000000008000fd8                MDMA_IRQHandler
                0x0000000008000fd8                LPTIM3_IRQHandler
                0x0000000008000fd8                HSEM1_IRQHandler
                0x0000000008000fd8                EXTI0_IRQHandler
                0x0000000008000fd8                I2C2_EV_IRQHandler
                0x0000000008000fd8                DMA1_Stream2_IRQHandler
                0x0000000008000fd8                FPU_IRQHandler
                0x0000000008000fd8                OTG_HS_WKUP_IRQHandler
                0x0000000008000fd8                FDCAN1_IT1_IRQHandler
                0x0000000008000fd8                LTDC_ER_IRQHandler
                0x0000000008000fd8                DMA2_Stream2_IRQHandler
                0x0000000008000fd8                HRTIM1_TIME_IRQHandler
                0x0000000008000fd8                SPI1_IRQHandler
                0x0000000008000fd8                TIM6_DAC_IRQHandler
                0x0000000008000fd8                DCMI_IRQHandler
                0x0000000008000fd8                HRTIM1_TIMC_IRQHandler
                0x0000000008000fd8                DMA2_Stream3_IRQHandler
                0x0000000008000fd8                SAI2_IRQHandler
                0x0000000008000fd8                DFSDM1_FLT3_IRQHandler
                0x0000000008000fd8                USART6_IRQHandler
                0x0000000008000fd8                TIM17_IRQHandler
                0x0000000008000fd8                USART3_IRQHandler
                0x0000000008000fd8                BDMA_Channel7_IRQHandler
                0x0000000008000fd8                LPTIM5_IRQHandler
                0x0000000008000fd8                UART5_IRQHandler
                0x0000000008000fd8                ADC3_IRQHandler
                0x0000000008000fd8                DMA2_Stream0_IRQHandler
                0x0000000008000fd8                TIM4_IRQHandler
                0x0000000008000fd8                BDMA_Channel2_IRQHandler
                0x0000000008000fd8                QUADSPI_IRQHandler
                0x0000000008000fd8                I2C1_EV_IRQHandler
                0x0000000008000fd8                DMA1_Stream6_IRQHandler
                0x0000000008000fd8                DMAMUX1_OVR_IRQHandler
                0x0000000008000fd8                DMA1_Stream1_IRQHandler
                0x0000000008000fd8                TIM16_IRQHandler
                0x0000000008000fd8                UART4_IRQHandler
                0x0000000008000fd8                BDMA_Channel5_IRQHandler
                0x0000000008000fd8                TIM3_IRQHandler
                0x0000000008000fd8                RCC_IRQHandler
                0x0000000008000fd8                TIM8_BRK_TIM12_IRQHandler
                0x0000000008000fd8                TIM1_TRG_COM_IRQHandler
                0x0000000008000fd8                Default_Handler
                0x0000000008000fd8                ECC_IRQHandler
                0x0000000008000fd8                CEC_IRQHandler
                0x0000000008000fd8                EXTI15_10_IRQHandler
                0x0000000008000fd8                BDMA_Channel0_IRQHandler
                0x0000000008000fd8                ADC_IRQHandler
                0x0000000008000fd8                DMA1_Stream7_IRQHandler
                0x0000000008000fd8                HRTIM1_TIMA_IRQHandler
                0x0000000008000fd8                SPI5_IRQHandler
                0x0000000008000fd8                TIM7_IRQHandler
                0x0000000008000fd8                SDMMC1_IRQHandler
                0x0000000008000fd8                TIM5_IRQHandler
                0x0000000008000fd8                DMA2_Stream7_IRQHandler
                0x0000000008000fd8                TIM15_IRQHandler
                0x0000000008000fd8                PVD_AVD_IRQHandler
                0x0000000008000fd8                I2C3_EV_IRQHandler
                0x0000000008000fd8                EXTI9_5_IRQHandler
                0x0000000008000fd8                RTC_WKUP_IRQHandler
                0x0000000008000fd8                LTDC_IRQHandler
                0x0000000008000fd8                SAI3_IRQHandler
                0x0000000008000fd8                ETH_WKUP_IRQHandler
                0x0000000008000fd8                SPDIF_RX_IRQHandler
                0x0000000008000fd8                SPI2_IRQHandler
                0x0000000008000fd8                OTG_HS_EP1_IN_IRQHandler
                0x0000000008000fd8                DMA1_Stream0_IRQHandler
                0x0000000008000fd8                CRS_IRQHandler
                0x0000000008000fd8                EXTI4_IRQHandler
                0x0000000008000fd8                RNG_IRQHandler
                0x0000000008000fd8                HRTIM1_TIMB_IRQHandler
                0x0000000008000fd8                FDCAN2_IT1_IRQHandler
                0x0000000008000fd8                ETH_IRQHandler
                0x0000000008000fd8                TIM1_UP_IRQHandler
                0x0000000008000fd8                BDMA_Channel4_IRQHandler
                0x0000000008000fd8                OTG_HS_EP1_OUT_IRQHandler
                0x0000000008000fd8                WWDG_IRQHandler
                0x0000000008000fd8                SPI6_IRQHandler
                0x0000000008000fd8                MDIOS_IRQHandler
                0x0000000008000fd8                I2C4_EV_IRQHandler
                0x0000000008000fd8                FDCAN2_IT0_IRQHandler
                0x0000000008000fd8                LPUART1_IRQHandler
                0x0000000008000fd8                FDCAN1_IT0_IRQHandler
                0x0000000008000fd8                TIM2_IRQHandler
                0x0000000008000fd8                OTG_FS_WKUP_IRQHandler
                0x0000000008000fd8                OTG_HS_IRQHandler
                0x0000000008000fd8                DMA2D_IRQHandler
                0x0000000008000fd8                TIM1_BRK_IRQHandler
                0x0000000008000fd8                EXTI1_IRQHandler
                0x0000000008000fd8                SDMMC2_IRQHandler
                0x0000000008000fd8                OTG_FS_EP1_OUT_IRQHandler
                0x0000000008000fd8                BDMA_Channel3_IRQHandler
                0x0000000008000fd8                UART7_IRQHandler
                0x0000000008000fd8                MDIOS_WKUP_IRQHandler
                0x0000000008000fd8                USART2_IRQHandler
                0x0000000008000fd8                DFSDM1_FLT0_IRQHandler
                0x0000000008000fd8                SAI4_IRQHandler
                0x0000000008000fd8                I2C2_ER_IRQHandler
                0x0000000008000fd8                DMA2_Stream1_IRQHandler
                0x0000000008000fd8                FLASH_IRQHandler
                0x0000000008000fd8                DMA2_Stream4_IRQHandler
                0x0000000008000fd8                USART1_IRQHandler
                0x0000000008000fd8                OTG_FS_IRQHandler
                0x0000000008000fd8                SPI3_IRQHandler
                0x0000000008000fd8                WAKEUP_PIN_IRQHandler
                0x0000000008000fd8                DMA1_Stream4_IRQHandler
                0x0000000008000fd8                OTG_FS_EP1_IN_IRQHandler
                0x0000000008000fd8                I2C1_ER_IRQHandler
                0x0000000008000fd8                FMC_IRQHandler
                0x0000000008000fd8                FDCAN_CAL_IRQHandler
                0x0000000008000fd8                SWPMI1_IRQHandler
                0x0000000008000fd8                COMP1_IRQHandler
                0x0000000008000fd8                LPTIM1_IRQHandler
                0x0000000008000fd8                I2C4_ER_IRQHandler
                0x0000000008000fd8                DMA2_Stream6_IRQHandler
                0x0000000008000fd8                SAI1_IRQHandler
                0x0000000008000fd8                DMA1_Stream3_IRQHandler
 *fill*         0x0000000008000fda        0x2 
 .text.LCD_Test
                0x0000000008000fdc      0x1e0 ./Drivers/BSP/ST7735/lcd.o
                0x0000000008000fdc                LCD_Test
 .text.LCD_SetBrightness
                0x00000000080011bc       0x20 ./Drivers/BSP/ST7735/lcd.o
                0x00000000080011bc                LCD_SetBrightness
 .text.LCD_GetBrightness
                0x00000000080011dc       0x18 ./Drivers/BSP/ST7735/lcd.o
                0x00000000080011dc                LCD_GetBrightness
 .text.LCD_Light
                0x00000000080011f4       0xea ./Drivers/BSP/ST7735/lcd.o
                0x00000000080011f4                LCD_Light
 *fill*         0x00000000080012de        0x2 
 .text.LCD_ShowChar
                0x00000000080012e0      0x39c ./Drivers/BSP/ST7735/lcd.o
                0x00000000080012e0                LCD_ShowChar
 .text.LCD_ShowString
                0x000000000800167c       0x9a ./Drivers/BSP/ST7735/lcd.o
                0x000000000800167c                LCD_ShowString
 *fill*         0x0000000008001716        0x2 
 .text.lcd_init
                0x0000000008001718       0x20 ./Drivers/BSP/ST7735/lcd.o
 .text.lcd_gettick
                0x0000000008001738        0xe ./Drivers/BSP/ST7735/lcd.o
 *fill*         0x0000000008001746        0x2 
 .text.lcd_writereg
                0x0000000008001748       0x88 ./Drivers/BSP/ST7735/lcd.o
 .text.lcd_readreg
                0x00000000080017d0       0x7c ./Drivers/BSP/ST7735/lcd.o
 .text.lcd_senddata
                0x000000000800184c       0x4c ./Drivers/BSP/ST7735/lcd.o
 .text.lcd_recvdata
                0x0000000008001898       0x50 ./Drivers/BSP/ST7735/lcd.o
 .text.ST7735_RegisterBusIO
                0x00000000080018e8       0xa8 ./Drivers/BSP/ST7735/st7735.o
                0x00000000080018e8                ST7735_RegisterBusIO
 .text.ST7735_Init
                0x0000000008001990      0x77e ./Drivers/BSP/ST7735/st7735.o
                0x0000000008001990                ST7735_Init
 .text.ST7735_DeInit
                0x000000000800210e       0x16 ./Drivers/BSP/ST7735/st7735.o
                0x000000000800210e                ST7735_DeInit
 .text.ST7735_ReadID
                0x0000000008002124       0x8e ./Drivers/BSP/ST7735/st7735.o
                0x0000000008002124                ST7735_ReadID
 *fill*         0x00000000080021b2        0x2 
 .text.ST7735_DisplayOn
                0x00000000080021b4       0xc8 ./Drivers/BSP/ST7735/st7735.o
                0x00000000080021b4                ST7735_DisplayOn
 .text.ST7735_DisplayOff
                0x000000000800227c       0xc8 ./Drivers/BSP/ST7735/st7735.o
                0x000000000800227c                ST7735_DisplayOff
 .text.ST7735_SetBrightness
                0x0000000008002344       0x1a ./Drivers/BSP/ST7735/st7735.o
                0x0000000008002344                ST7735_SetBrightness
 .text.ST7735_GetBrightness
                0x000000000800235e       0x1a ./Drivers/BSP/ST7735/st7735.o
                0x000000000800235e                ST7735_GetBrightness
 .text.ST7735_SetOrientation
                0x0000000008002378      0x11c ./Drivers/BSP/ST7735/st7735.o
                0x0000000008002378                ST7735_SetOrientation
 .text.ST7735_GetOrientation
                0x0000000008002494       0x24 ./Drivers/BSP/ST7735/st7735.o
                0x0000000008002494                ST7735_GetOrientation
 .text.ST7735_SetCursor
                0x00000000080024b8      0x178 ./Drivers/BSP/ST7735/st7735.o
                0x00000000080024b8                ST7735_SetCursor
 .text.ST7735_DrawBitmap
                0x0000000008002630      0x214 ./Drivers/BSP/ST7735/st7735.o
                0x0000000008002630                ST7735_DrawBitmap
 .text.ST7735_FillRGBRect
                0x0000000008002844       0xd4 ./Drivers/BSP/ST7735/st7735.o
                0x0000000008002844                ST7735_FillRGBRect
 .text.ST7735_DrawHLine
                0x0000000008002918       0xa0 ./Drivers/BSP/ST7735/st7735.o
                0x0000000008002918                ST7735_DrawHLine
 .text.ST7735_DrawVLine
                0x00000000080029b8       0x68 ./Drivers/BSP/ST7735/st7735.o
                0x00000000080029b8                ST7735_DrawVLine
 .text.ST7735_FillRect
                0x0000000008002a20       0x58 ./Drivers/BSP/ST7735/st7735.o
                0x0000000008002a20                ST7735_FillRect
 .text.ST7735_SetPixel
                0x0000000008002a78       0x88 ./Drivers/BSP/ST7735/st7735.o
                0x0000000008002a78                ST7735_SetPixel
 .text.ST7735_GetPixel
                0x0000000008002b00       0x9e ./Drivers/BSP/ST7735/st7735.o
                0x0000000008002b00                ST7735_GetPixel
 *fill*         0x0000000008002b9e        0x2 
 .text.ST7735_GetXSize
                0x0000000008002ba0       0x24 ./Drivers/BSP/ST7735/st7735.o
                0x0000000008002ba0                ST7735_GetXSize
 .text.ST7735_GetYSize
                0x0000000008002bc4       0x24 ./Drivers/BSP/ST7735/st7735.o
                0x0000000008002bc4                ST7735_GetYSize
 .text.ST7735_SetDisplayWindow
                0x0000000008002be8      0x208 ./Drivers/BSP/ST7735/st7735.o
 .text.ST7735_ReadRegWrap
                0x0000000008002df0       0x28 ./Drivers/BSP/ST7735/st7735.o
 .text.ST7735_WriteRegWrap
                0x0000000008002e18       0x2a ./Drivers/BSP/ST7735/st7735.o
 .text.ST7735_SendDataWrap
                0x0000000008002e42       0x24 ./Drivers/BSP/ST7735/st7735.o
 .text.ST7735_RecvDataWrap
                0x0000000008002e66       0x24 ./Drivers/BSP/ST7735/st7735.o
 .text.ST7735_IO_Delay
                0x0000000008002e8a       0x34 ./Drivers/BSP/ST7735/st7735.o
 .text.st7735_read_reg
                0x0000000008002ebe       0x26 ./Drivers/BSP/ST7735/st7735_reg.o
                0x0000000008002ebe                st7735_read_reg
 .text.st7735_write_reg
                0x0000000008002ee4       0x2a ./Drivers/BSP/ST7735/st7735_reg.o
                0x0000000008002ee4                st7735_write_reg
 .text.st7735_send_data
                0x0000000008002f0e       0x24 ./Drivers/BSP/ST7735/st7735_reg.o
                0x0000000008002f0e                st7735_send_data
 .text.st7735_recv_data
                0x0000000008002f32       0x24 ./Drivers/BSP/ST7735/st7735_reg.o
                0x0000000008002f32                st7735_recv_data
 *fill*         0x0000000008002f56        0x2 
 .text.HAL_Init
                0x0000000008002f58       0x78 ./Drivers/STM32H7xx_HAL_Driver/Src/stm32h7xx_hal.o
                0x0000000008002f58                HAL_Init
 .text.HAL_InitTick
                0x0000000008002fd0       0x6c ./Drivers/STM32H7xx_HAL_Driver/Src/stm32h7xx_hal.o
                0x0000000008002fd0                HAL_InitTick
 .text.HAL_IncTick
                0x000000000800303c       0x28 ./Drivers/STM32H7xx_HAL_Driver/Src/stm32h7xx_hal.o
                0x000000000800303c                HAL_IncTick
 .text.HAL_GetTick
                0x0000000008003064       0x18 ./Drivers/STM32H7xx_HAL_Driver/Src/stm32h7xx_hal.o
                0x0000000008003064                HAL_GetTick
 .text.HAL_Delay
                0x000000000800307c       0x48 ./Drivers/STM32H7xx_HAL_Driver/Src/stm32h7xx_hal.o
                0x000000000800307c                HAL_Delay
 .text.HAL_GetREVID
                0x00000000080030c4       0x18 ./Drivers/STM32H7xx_HAL_Driver/Src/stm32h7xx_hal.o
                0x00000000080030c4                HAL_GetREVID
 .text.HAL_GetDEVID
                0x00000000080030dc       0x1c ./Drivers/STM32H7xx_HAL_Driver/Src/stm32h7xx_hal.o
                0x00000000080030dc                HAL_GetDEVID
 .text.HAL_SYSCFG_VREFBUF_HighImpedanceConfig
                0x00000000080030f8       0x28 ./Drivers/STM32H7xx_HAL_Driver/Src/stm32h7xx_hal.o
                0x00000000080030f8                HAL_SYSCFG_VREFBUF_HighImpedanceConfig
 .text.HAL_SYSCFG_DisableVREFBUF
                0x0000000008003120       0x20 ./Drivers/STM32H7xx_HAL_Driver/Src/stm32h7xx_hal.o
                0x0000000008003120                HAL_SYSCFG_DisableVREFBUF
 .text.HAL_SYSCFG_AnalogSwitchConfig
                0x0000000008003140       0x2c ./Drivers/STM32H7xx_HAL_Driver/Src/stm32h7xx_hal.o
                0x0000000008003140                HAL_SYSCFG_AnalogSwitchConfig
 .text.LL_ADC_SetCommonClock
                0x000000000800316c       0x26 ./Drivers/STM32H7xx_HAL_Driver/Src/stm32h7xx_hal_adc.o
 .text.LL_ADC_SetCommonPathInternalCh
                0x0000000008003192       0x26 ./Drivers/STM32H7xx_HAL_Driver/Src/stm32h7xx_hal_adc.o
 .text.LL_ADC_GetCommonPathInternalCh
                0x00000000080031b8       0x1c ./Drivers/STM32H7xx_HAL_Driver/Src/stm32h7xx_hal_adc.o
 .text.LL_ADC_SetOffset
                0x00000000080031d4       0x40 ./Drivers/STM32H7xx_HAL_Driver/Src/stm32h7xx_hal_adc.o
 .text.LL_ADC_SetDataRightShift
                0x0000000008003214       0x32 ./Drivers/STM32H7xx_HAL_Driver/Src/stm32h7xx_hal_adc.o
 .text.LL_ADC_SetOffsetSignedSaturation
                0x0000000008003246       0x36 ./Drivers/STM32H7xx_HAL_Driver/Src/stm32h7xx_hal_adc.o
 .text.LL_ADC_REG_IsTriggerSourceSWStart
                0x000000000800327c       0x26 ./Drivers/STM32H7xx_HAL_Driver/Src/stm32h7xx_hal_adc.o
 .text.LL_ADC_REG_SetSequencerRanks
                0x00000000080032a2       0x58 ./Drivers/STM32H7xx_HAL_Driver/Src/stm32h7xx_hal_adc.o
 .text.LL_ADC_SetChannelSamplingTime
                0x00000000080032fa       0x56 ./Drivers/STM32H7xx_HAL_Driver/Src/stm32h7xx_hal_adc.o
 .text.LL_ADC_SetChannelSingleDiff
                0x0000000008003350       0x48 ./Drivers/STM32H7xx_HAL_Driver/Src/stm32h7xx_hal_adc.o
 .text.LL_ADC_GetMultimode
                0x0000000008003398       0x1c ./Drivers/STM32H7xx_HAL_Driver/Src/stm32h7xx_hal_adc.o
 .text.LL_ADC_GetMultiDMATransfer
                0x00000000080033b4       0x1c ./Drivers/STM32H7xx_HAL_Driver/Src/stm32h7xx_hal_adc.o
 .text.LL_ADC_DisableDeepPowerDown
                0x00000000080033d0       0x24 ./Drivers/STM32H7xx_HAL_Driver/Src/stm32h7xx_hal_adc.o
 .text.LL_ADC_IsDeepPowerDownEnabled
                0x00000000080033f4       0x28 ./Drivers/STM32H7xx_HAL_Driver/Src/stm32h7xx_hal_adc.o
 .text.LL_ADC_EnableInternalRegulator
                0x000000000800341c       0x28 ./Drivers/STM32H7xx_HAL_Driver/Src/stm32h7xx_hal_adc.o
 .text.LL_ADC_IsInternalRegulatorEnabled
                0x0000000008003444       0x28 ./Drivers/STM32H7xx_HAL_Driver/Src/stm32h7xx_hal_adc.o
 .text.LL_ADC_Enable
                0x000000000800346c       0x28 ./Drivers/STM32H7xx_HAL_Driver/Src/stm32h7xx_hal_adc.o
 .text.LL_ADC_Disable
                0x0000000008003494       0x28 ./Drivers/STM32H7xx_HAL_Driver/Src/stm32h7xx_hal_adc.o
 .text.LL_ADC_IsEnabled
                0x00000000080034bc       0x26 ./Drivers/STM32H7xx_HAL_Driver/Src/stm32h7xx_hal_adc.o
 .text.LL_ADC_IsDisableOngoing
                0x00000000080034e2       0x26 ./Drivers/STM32H7xx_HAL_Driver/Src/stm32h7xx_hal_adc.o
 .text.LL_ADC_REG_StartConversion
                0x0000000008003508       0x28 ./Drivers/STM32H7xx_HAL_Driver/Src/stm32h7xx_hal_adc.o
 .text.LL_ADC_REG_StopConversion
                0x0000000008003530       0x28 ./Drivers/STM32H7xx_HAL_Driver/Src/stm32h7xx_hal_adc.o
 .text.LL_ADC_REG_IsConversionOngoing
                0x0000000008003558       0x26 ./Drivers/STM32H7xx_HAL_Driver/Src/stm32h7xx_hal_adc.o
 *fill*         0x000000000800357e        0x2 
 .text.LL_ADC_INJ_StopConversion
                0x0000000008003580       0x28 ./Drivers/STM32H7xx_HAL_Driver/Src/stm32h7xx_hal_adc.o
 .text.LL_ADC_INJ_IsConversionOngoing
                0x00000000080035a8       0x26 ./Drivers/STM32H7xx_HAL_Driver/Src/stm32h7xx_hal_adc.o
 *fill*         0x00000000080035ce        0x2 
 .text.HAL_ADC_Init
                0x00000000080035d0      0x340 ./Drivers/STM32H7xx_HAL_Driver/Src/stm32h7xx_hal_adc.o
                0x00000000080035d0                HAL_ADC_Init
 .text.HAL_ADC_Start
                0x0000000008003910      0x194 ./Drivers/STM32H7xx_HAL_Driver/Src/stm32h7xx_hal_adc.o
                0x0000000008003910                HAL_ADC_Start
 .text.HAL_ADC_Stop
                0x0000000008003aa4       0x68 ./Drivers/STM32H7xx_HAL_Driver/Src/stm32h7xx_hal_adc.o
                0x0000000008003aa4                HAL_ADC_Stop
 .text.HAL_ADC_PollForConversion
                0x0000000008003b0c      0x1e8 ./Drivers/STM32H7xx_HAL_Driver/Src/stm32h7xx_hal_adc.o
                0x0000000008003b0c                HAL_ADC_PollForConversion
 .text.HAL_ADC_GetValue
                0x0000000008003cf4       0x1a ./Drivers/STM32H7xx_HAL_Driver/Src/stm32h7xx_hal_adc.o
                0x0000000008003cf4                HAL_ADC_GetValue
 *fill*         0x0000000008003d0e        0x2 
 .text.HAL_ADC_ConfigChannel
                0x0000000008003d10      0x6a0 ./Drivers/STM32H7xx_HAL_Driver/Src/stm32h7xx_hal_adc.o
                0x0000000008003d10                HAL_ADC_ConfigChannel
 .text.ADC_ConversionStop
                0x00000000080043b0      0x178 ./Drivers/STM32H7xx_HAL_Driver/Src/stm32h7xx_hal_adc.o
                0x00000000080043b0                ADC_ConversionStop
 .text.ADC_Enable
                0x0000000008004528      0x114 ./Drivers/STM32H7xx_HAL_Driver/Src/stm32h7xx_hal_adc.o
                0x0000000008004528                ADC_Enable
 .text.ADC_Disable
                0x000000000800463c       0xbe ./Drivers/STM32H7xx_HAL_Driver/Src/stm32h7xx_hal_adc.o
                0x000000000800463c                ADC_Disable
 *fill*         0x00000000080046fa        0x2 
 .text.ADC_ConfigureBoostMode
                0x00000000080046fc      0x214 ./Drivers/STM32H7xx_HAL_Driver/Src/stm32h7xx_hal_adc.o
                0x00000000080046fc                ADC_ConfigureBoostMode
 .text.LL_ADC_StartCalibration
                0x0000000008004910       0x3c ./Drivers/STM32H7xx_HAL_Driver/Src/stm32h7xx_hal_adc_ex.o
 .text.LL_ADC_IsCalibrationOnGoing
                0x000000000800494c       0x28 ./Drivers/STM32H7xx_HAL_Driver/Src/stm32h7xx_hal_adc_ex.o
 .text.HAL_ADCEx_Calibration_Start
                0x0000000008004974       0xc8 ./Drivers/STM32H7xx_HAL_Driver/Src/stm32h7xx_hal_adc_ex.o
                0x0000000008004974                HAL_ADCEx_Calibration_Start
 .text.__NVIC_SetPriorityGrouping
                0x0000000008004a3c       0x48 ./Drivers/STM32H7xx_HAL_Driver/Src/stm32h7xx_hal_cortex.o
 .text.__NVIC_GetPriorityGrouping
                0x0000000008004a84       0x1c ./Drivers/STM32H7xx_HAL_Driver/Src/stm32h7xx_hal_cortex.o
 .text.__NVIC_SetPriority
                0x0000000008004aa0       0x54 ./Drivers/STM32H7xx_HAL_Driver/Src/stm32h7xx_hal_cortex.o
 .text.NVIC_EncodePriority
                0x0000000008004af4       0x66 ./Drivers/STM32H7xx_HAL_Driver/Src/stm32h7xx_hal_cortex.o
 *fill*         0x0000000008004b5a        0x2 
 .text.SysTick_Config
                0x0000000008004b5c       0x44 ./Drivers/STM32H7xx_HAL_Driver/Src/stm32h7xx_hal_cortex.o
 .text.HAL_NVIC_SetPriorityGrouping
                0x0000000008004ba0       0x16 ./Drivers/STM32H7xx_HAL_Driver/Src/stm32h7xx_hal_cortex.o
                0x0000000008004ba0                HAL_NVIC_SetPriorityGrouping
 .text.HAL_NVIC_SetPriority
                0x0000000008004bb6       0x34 ./Drivers/STM32H7xx_HAL_Driver/Src/stm32h7xx_hal_cortex.o
                0x0000000008004bb6                HAL_NVIC_SetPriority
 .text.HAL_SYSTICK_Config
                0x0000000008004bea       0x18 ./Drivers/STM32H7xx_HAL_Driver/Src/stm32h7xx_hal_cortex.o
                0x0000000008004bea                HAL_SYSTICK_Config
 *fill*         0x0000000008004c02        0x2 
 .text.HAL_MPU_Disable
                0x0000000008004c04       0x30 ./Drivers/STM32H7xx_HAL_Driver/Src/stm32h7xx_hal_cortex.o
                0x0000000008004c04                HAL_MPU_Disable
 .text.HAL_MPU_Enable
                0x0000000008004c34       0x40 ./Drivers/STM32H7xx_HAL_Driver/Src/stm32h7xx_hal_cortex.o
                0x0000000008004c34                HAL_MPU_Enable
 .text.HAL_MPU_ConfigRegion
                0x0000000008004c74       0x88 ./Drivers/STM32H7xx_HAL_Driver/Src/stm32h7xx_hal_cortex.o
                0x0000000008004c74                HAL_MPU_ConfigRegion
 .text.HAL_GPIO_Init
                0x0000000008004cfc      0x360 ./Drivers/STM32H7xx_HAL_Driver/Src/stm32h7xx_hal_gpio.o
                0x0000000008004cfc                HAL_GPIO_Init
 .text.HAL_GPIO_ReadPin
                0x000000000800505c       0x30 ./Drivers/STM32H7xx_HAL_Driver/Src/stm32h7xx_hal_gpio.o
                0x000000000800505c                HAL_GPIO_ReadPin
 .text.HAL_GPIO_WritePin
                0x000000000800508c       0x32 ./Drivers/STM32H7xx_HAL_Driver/Src/stm32h7xx_hal_gpio.o
                0x000000000800508c                HAL_GPIO_WritePin
 *fill*         0x00000000080050be        0x2 
 .text.HAL_PWREx_ConfigSupply
                0x00000000080050c0       0x74 ./Drivers/STM32H7xx_HAL_Driver/Src/stm32h7xx_hal_pwr_ex.o
                0x00000000080050c0                HAL_PWREx_ConfigSupply
 .text.HAL_RCC_OscConfig
                0x0000000008005134      0x820 ./Drivers/STM32H7xx_HAL_Driver/Src/stm32h7xx_hal_rcc.o
                0x0000000008005134                HAL_RCC_OscConfig
 .text.HAL_RCC_ClockConfig
                0x0000000008005954      0x36c ./Drivers/STM32H7xx_HAL_Driver/Src/stm32h7xx_hal_rcc.o
                0x0000000008005954                HAL_RCC_ClockConfig
 .text.HAL_RCC_GetSysClockFreq
                0x0000000008005cc0      0x2f4 ./Drivers/STM32H7xx_HAL_Driver/Src/stm32h7xx_hal_rcc.o
                0x0000000008005cc0                HAL_RCC_GetSysClockFreq
 .text.HAL_RCC_GetHCLKFreq
                0x0000000008005fb4       0x60 ./Drivers/STM32H7xx_HAL_Driver/Src/stm32h7xx_hal_rcc.o
                0x0000000008005fb4                HAL_RCC_GetHCLKFreq
 .text.HAL_RCCEx_PeriphCLKConfig
                0x0000000008006014      0xe80 ./Drivers/STM32H7xx_HAL_Driver/Src/stm32h7xx_hal_rcc_ex.o
                0x0000000008006014                HAL_RCCEx_PeriphCLKConfig
 .text.HAL_RCCEx_GetPeriphCLKFreq
                0x0000000008006e94      0x9a4 ./Drivers/STM32H7xx_HAL_Driver/Src/stm32h7xx_hal_rcc_ex.o
                0x0000000008006e94                HAL_RCCEx_GetPeriphCLKFreq
 .text.HAL_RCCEx_GetD3PCLK1Freq
                0x0000000008007838       0x2c ./Drivers/STM32H7xx_HAL_Driver/Src/stm32h7xx_hal_rcc_ex.o
                0x0000000008007838                HAL_RCCEx_GetD3PCLK1Freq
 .text.HAL_RCCEx_GetPLL2ClockFreq
                0x0000000008007864      0x2a8 ./Drivers/STM32H7xx_HAL_Driver/Src/stm32h7xx_hal_rcc_ex.o
                0x0000000008007864                HAL_RCCEx_GetPLL2ClockFreq
 .text.HAL_RCCEx_GetPLL3ClockFreq
                0x0000000008007b0c      0x2a8 ./Drivers/STM32H7xx_HAL_Driver/Src/stm32h7xx_hal_rcc_ex.o
                0x0000000008007b0c                HAL_RCCEx_GetPLL3ClockFreq
 .text.HAL_RCCEx_GetPLL1ClockFreq
                0x0000000008007db4      0x2a4 ./Drivers/STM32H7xx_HAL_Driver/Src/stm32h7xx_hal_rcc_ex.o
                0x0000000008007db4                HAL_RCCEx_GetPLL1ClockFreq
 .text.RCCEx_PLL2_Config
                0x0000000008008058      0x164 ./Drivers/STM32H7xx_HAL_Driver/Src/stm32h7xx_hal_rcc_ex.o
 .text.RCCEx_PLL3_Config
                0x00000000080081bc      0x164 ./Drivers/STM32H7xx_HAL_Driver/Src/stm32h7xx_hal_rcc_ex.o
 .text.HAL_SPI_Init
                0x0000000008008320      0x204 ./Drivers/STM32H7xx_HAL_Driver/Src/stm32h7xx_hal_spi.o
                0x0000000008008320                HAL_SPI_Init
 .text.HAL_SPI_Transmit
                0x0000000008008524      0x3e4 ./Drivers/STM32H7xx_HAL_Driver/Src/stm32h7xx_hal_spi.o
                0x0000000008008524                HAL_SPI_Transmit
 .text.HAL_SPI_Receive
                0x0000000008008908      0x3e4 ./Drivers/STM32H7xx_HAL_Driver/Src/stm32h7xx_hal_spi.o
                0x0000000008008908                HAL_SPI_Receive
 .text.HAL_SPI_TransmitReceive
                0x0000000008008cec      0x5d8 ./Drivers/STM32H7xx_HAL_Driver/Src/stm32h7xx_hal_spi.o
                0x0000000008008cec                HAL_SPI_TransmitReceive
 .text.SPI_CloseTransfer
                0x00000000080092c4      0x140 ./Drivers/STM32H7xx_HAL_Driver/Src/stm32h7xx_hal_spi.o
 .text.SPI_WaitOnFlagUntilTimeout
                0x0000000008009404       0x5c ./Drivers/STM32H7xx_HAL_Driver/Src/stm32h7xx_hal_spi.o
 .text.SPI_GetPacketSize
                0x0000000008009460       0x36 ./Drivers/STM32H7xx_HAL_Driver/Src/stm32h7xx_hal_spi.o
 .text.HAL_TIM_PWM_Init
                0x0000000008009496       0xae ./Drivers/STM32H7xx_HAL_Driver/Src/stm32h7xx_hal_tim.o
                0x0000000008009496                HAL_TIM_PWM_Init
 .text.HAL_TIM_PWM_ConfigChannel
                0x0000000008009544      0x220 ./Drivers/STM32H7xx_HAL_Driver/Src/stm32h7xx_hal_tim.o
                0x0000000008009544                HAL_TIM_PWM_ConfigChannel
 .text.TIM_Base_SetConfig
                0x0000000008009764      0x134 ./Drivers/STM32H7xx_HAL_Driver/Src/stm32h7xx_hal_tim.o
                0x0000000008009764                TIM_Base_SetConfig
 .text.TIM_OC1_SetConfig
                0x0000000008009898      0x120 ./Drivers/STM32H7xx_HAL_Driver/Src/stm32h7xx_hal_tim.o
 .text.TIM_OC2_SetConfig
                0x00000000080099b8      0x114 ./Drivers/STM32H7xx_HAL_Driver/Src/stm32h7xx_hal_tim.o
                0x00000000080099b8                TIM_OC2_SetConfig
 .text.TIM_OC3_SetConfig
                0x0000000008009acc      0x10c ./Drivers/STM32H7xx_HAL_Driver/Src/stm32h7xx_hal_tim.o
 .text.TIM_OC4_SetConfig
                0x0000000008009bd8       0xd0 ./Drivers/STM32H7xx_HAL_Driver/Src/stm32h7xx_hal_tim.o
 .text.TIM_OC5_SetConfig
                0x0000000008009ca8       0xc4 ./Drivers/STM32H7xx_HAL_Driver/Src/stm32h7xx_hal_tim.o
 .text.TIM_OC6_SetConfig
                0x0000000008009d6c       0xc8 ./Drivers/STM32H7xx_HAL_Driver/Src/stm32h7xx_hal_tim.o
 .text.HAL_TIMEx_PWMN_Start
                0x0000000008009e34      0x174 ./Drivers/STM32H7xx_HAL_Driver/Src/stm32h7xx_hal_tim_ex.o
                0x0000000008009e34                HAL_TIMEx_PWMN_Start
 .text.HAL_TIMEx_MasterConfigSynchronization
                0x0000000008009fa8      0x110 ./Drivers/STM32H7xx_HAL_Driver/Src/stm32h7xx_hal_tim_ex.o
                0x0000000008009fa8                HAL_TIMEx_MasterConfigSynchronization
 .text.HAL_TIMEx_ConfigBreakDeadTime
                0x000000000800a0b8       0xfc ./Drivers/STM32H7xx_HAL_Driver/Src/stm32h7xx_hal_tim_ex.o
                0x000000000800a0b8                HAL_TIMEx_ConfigBreakDeadTime
 .text.TIM_CCxNChannelCmd
                0x000000000800a1b4       0x4a ./Drivers/STM32H7xx_HAL_Driver/Src/stm32h7xx_hal_tim_ex.o
 *fill*         0x000000000800a1fe        0x2 
 .text.__errno  0x000000000800a200        0xc e:/stm32cubeide_1.7.0/stm32cubeide/plugins/com.st.stm32cube.ide.mcu.externaltools.gnu-tools-for-stm32.9-2020-q2-update.win32_2.0.0.202105311346/tools/bin/../lib/gcc/arm-none-eabi/9.3.1/../../../../arm-none-eabi/lib/thumb/v7e-m+dp/hard\libc_nano.a(lib_a-errno.o)
                0x000000000800a200                __errno
 .text.__libc_init_array
                0x000000000800a20c       0x48 e:/stm32cubeide_1.7.0/stm32cubeide/plugins/com.st.stm32cube.ide.mcu.externaltools.gnu-tools-for-stm32.9-2020-q2-update.win32_2.0.0.202105311346/tools/bin/../lib/gcc/arm-none-eabi/9.3.1/../../../../arm-none-eabi/lib/thumb/v7e-m+dp/hard\libc_nano.a(lib_a-init.o)
                0x000000000800a20c                __libc_init_array
 .text.memset   0x000000000800a254       0x10 e:/stm32cubeide_1.7.0/stm32cubeide/plugins/com.st.stm32cube.ide.mcu.externaltools.gnu-tools-for-stm32.9-2020-q2-update.win32_2.0.0.202105311346/tools/bin/../lib/gcc/arm-none-eabi/9.3.1/../../../../arm-none-eabi/lib/thumb/v7e-m+dp/hard\libc_nano.a(lib_a-memset.o)
                0x000000000800a254                memset
 .text.sprintf  0x000000000800a264       0x40 e:/stm32cubeide_1.7.0/stm32cubeide/plugins/com.st.stm32cube.ide.mcu.externaltools.gnu-tools-for-stm32.9-2020-q2-update.win32_2.0.0.202105311346/tools/bin/../lib/gcc/arm-none-eabi/9.3.1/../../../../arm-none-eabi/lib/thumb/v7e-m+dp/hard\libc_nano.a(lib_a-sprintf.o)
                0x000000000800a264                siprintf
                0x000000000800a264                sprintf
 .text.__ssputs_r
                0x000000000800a2a4       0xb6 e:/stm32cubeide_1.7.0/stm32cubeide/plugins/com.st.stm32cube.ide.mcu.externaltools.gnu-tools-for-stm32.9-2020-q2-update.win32_2.0.0.202105311346/tools/bin/../lib/gcc/arm-none-eabi/9.3.1/../../../../arm-none-eabi/lib/thumb/v7e-m+dp/hard\libc_nano.a(lib_a-nano-svfprintf.o)
                0x000000000800a2a4                __ssputs_r
 *fill*         0x000000000800a35a        0x2 
 .text._svfprintf_r
                0x000000000800a35c      0x200 e:/stm32cubeide_1.7.0/stm32cubeide/plugins/com.st.stm32cube.ide.mcu.externaltools.gnu-tools-for-stm32.9-2020-q2-update.win32_2.0.0.202105311346/tools/bin/../lib/gcc/arm-none-eabi/9.3.1/../../../../arm-none-eabi/lib/thumb/v7e-m+dp/hard\libc_nano.a(lib_a-nano-svfprintf.o)
                0x000000000800a35c                _svfiprintf_r
                0x000000000800a35c                _svfprintf_r
 .text._printf_common
                0x000000000800a55c       0xda e:/stm32cubeide_1.7.0/stm32cubeide/plugins/com.st.stm32cube.ide.mcu.externaltools.gnu-tools-for-stm32.9-2020-q2-update.win32_2.0.0.202105311346/tools/bin/../lib/gcc/arm-none-eabi/9.3.1/../../../../arm-none-eabi/lib/thumb/v7e-m+dp/hard\libc_nano.a(lib_a-nano-vfprintf_i.o)
                0x000000000800a55c                _printf_common
 *fill*         0x000000000800a636        0x2 
 .text._printf_i
                0x000000000800a638      0x24c e:/stm32cubeide_1.7.0/stm32cubeide/plugins/com.st.stm32cube.ide.mcu.externaltools.gnu-tools-for-stm32.9-2020-q2-update.win32_2.0.0.202105311346/tools/bin/../lib/gcc/arm-none-eabi/9.3.1/../../../../arm-none-eabi/lib/thumb/v7e-m+dp/hard\libc_nano.a(lib_a-nano-vfprintf_i.o)
                0x000000000800a638                _printf_i
 .text.memcpy   0x000000000800a884       0x1c e:/stm32cubeide_1.7.0/stm32cubeide/plugins/com.st.stm32cube.ide.mcu.externaltools.gnu-tools-for-stm32.9-2020-q2-update.win32_2.0.0.202105311346/tools/bin/../lib/gcc/arm-none-eabi/9.3.1/../../../../arm-none-eabi/lib/thumb/v7e-m+dp/hard\libc_nano.a(lib_a-memcpy-stub.o)
                0x000000000800a884                memcpy
 .text.memmove  0x000000000800a8a0       0x34 e:/stm32cubeide_1.7.0/stm32cubeide/plugins/com.st.stm32cube.ide.mcu.externaltools.gnu-tools-for-stm32.9-2020-q2-update.win32_2.0.0.202105311346/tools/bin/../lib/gcc/arm-none-eabi/9.3.1/../../../../arm-none-eabi/lib/thumb/v7e-m+dp/hard\libc_nano.a(lib_a-memmove.o)
                0x000000000800a8a0                memmove
 .text._free_r  0x000000000800a8d4       0xa0 e:/stm32cubeide_1.7.0/stm32cubeide/plugins/com.st.stm32cube.ide.mcu.externaltools.gnu-tools-for-stm32.9-2020-q2-update.win32_2.0.0.202105311346/tools/bin/../lib/gcc/arm-none-eabi/9.3.1/../../../../arm-none-eabi/lib/thumb/v7e-m+dp/hard\libc_nano.a(lib_a-nano-freer.o)
                0x000000000800a8d4                _free_r
 .text._malloc_r
                0x000000000800a974       0xb4 e:/stm32cubeide_1.7.0/stm32cubeide/plugins/com.st.stm32cube.ide.mcu.externaltools.gnu-tools-for-stm32.9-2020-q2-update.win32_2.0.0.202105311346/tools/bin/../lib/gcc/arm-none-eabi/9.3.1/../../../../arm-none-eabi/lib/thumb/v7e-m+dp/hard\libc_nano.a(lib_a-nano-mallocr.o)
                0x000000000800a974                _malloc_r
 .text._realloc_r
                0x000000000800aa28       0x4c e:/stm32cubeide_1.7.0/stm32cubeide/plugins/com.st.stm32cube.ide.mcu.externaltools.gnu-tools-for-stm32.9-2020-q2-update.win32_2.0.0.202105311346/tools/bin/../lib/gcc/arm-none-eabi/9.3.1/../../../../arm-none-eabi/lib/thumb/v7e-m+dp/hard\libc_nano.a(lib_a-nano-reallocr.o)
                0x000000000800aa28                _realloc_r
 .text._sbrk_r  0x000000000800aa74       0x20 e:/stm32cubeide_1.7.0/stm32cubeide/plugins/com.st.stm32cube.ide.mcu.externaltools.gnu-tools-for-stm32.9-2020-q2-update.win32_2.0.0.202105311346/tools/bin/../lib/gcc/arm-none-eabi/9.3.1/../../../../arm-none-eabi/lib/thumb/v7e-m+dp/hard\libc_nano.a(lib_a-sbrkr.o)
                0x000000000800aa74                _sbrk_r
 .text.__malloc_lock
                0x000000000800aa94        0xc e:/stm32cubeide_1.7.0/stm32cubeide/plugins/com.st.stm32cube.ide.mcu.externaltools.gnu-tools-for-stm32.9-2020-q2-update.win32_2.0.0.202105311346/tools/bin/../lib/gcc/arm-none-eabi/9.3.1/../../../../arm-none-eabi/lib/thumb/v7e-m+dp/hard\libc_nano.a(lib_a-mlock.o)
                0x000000000800aa94                __malloc_lock
 .text.__malloc_unlock
                0x000000000800aaa0        0xc e:/stm32cubeide_1.7.0/stm32cubeide/plugins/com.st.stm32cube.ide.mcu.externaltools.gnu-tools-for-stm32.9-2020-q2-update.win32_2.0.0.202105311346/tools/bin/../lib/gcc/arm-none-eabi/9.3.1/../../../../arm-none-eabi/lib/thumb/v7e-m+dp/hard\libc_nano.a(lib_a-mlock.o)
                0x000000000800aaa0                __malloc_unlock
 .text._malloc_usable_size_r
                0x000000000800aaac       0x10 e:/stm32cubeide_1.7.0/stm32cubeide/plugins/com.st.stm32cube.ide.mcu.externaltools.gnu-tools-for-stm32.9-2020-q2-update.win32_2.0.0.202105311346/tools/bin/../lib/gcc/arm-none-eabi/9.3.1/../../../../arm-none-eabi/lib/thumb/v7e-m+dp/hard\libc_nano.a(lib_a-nano-msizer.o)
                0x000000000800aaac                _malloc_usable_size_r
 .text.__retarget_lock_acquire_recursive
                0x000000000800aabc        0x2 e:/stm32cubeide_1.7.0/stm32cubeide/plugins/com.st.stm32cube.ide.mcu.externaltools.gnu-tools-for-stm32.9-2020-q2-update.win32_2.0.0.202105311346/tools/bin/../lib/gcc/arm-none-eabi/9.3.1/../../../../arm-none-eabi/lib/thumb/v7e-m+dp/hard\libc_nano.a(lib_a-lock.o)
                0x000000000800aabc                __retarget_lock_acquire_recursive
 .text.__retarget_lock_release_recursive
                0x000000000800aabe        0x2 e:/stm32cubeide_1.7.0/stm32cubeide/plugins/com.st.stm32cube.ide.mcu.externaltools.gnu-tools-for-stm32.9-2020-q2-update.win32_2.0.0.202105311346/tools/bin/../lib/gcc/arm-none-eabi/9.3.1/../../../../arm-none-eabi/lib/thumb/v7e-m+dp/hard\libc_nano.a(lib_a-lock.o)
                0x000000000800aabe                __retarget_lock_release_recursive
 *(.glue_7)
 .glue_7        0x000000000800aac0        0x0 linker stubs
 *(.glue_7t)
 .glue_7t       0x000000000800aac0        0x0 linker stubs
 *(.eh_frame)
 .eh_frame      0x000000000800aac0        0x0 e:/stm32cubeide_1.7.0/stm32cubeide/plugins/com.st.stm32cube.ide.mcu.externaltools.gnu-tools-for-stm32.9-2020-q2-update.win32_2.0.0.202105311346/tools/bin/../lib/gcc/arm-none-eabi/9.3.1/thumb/v7e-m+dp/hard/crtbegin.o
 *(.init)
 .init          0x000000000800aac0        0x4 e:/stm32cubeide_1.7.0/stm32cubeide/plugins/com.st.stm32cube.ide.mcu.externaltools.gnu-tools-for-stm32.9-2020-q2-update.win32_2.0.0.202105311346/tools/bin/../lib/gcc/arm-none-eabi/9.3.1/thumb/v7e-m+dp/hard/crti.o
                0x000000000800aac0                _init
 .init          0x000000000800aac4        0x8 e:/stm32cubeide_1.7.0/stm32cubeide/plugins/com.st.stm32cube.ide.mcu.externaltools.gnu-tools-for-stm32.9-2020-q2-update.win32_2.0.0.202105311346/tools/bin/../lib/gcc/arm-none-eabi/9.3.1/thumb/v7e-m+dp/hard/crtn.o
 *(.fini)
 .fini          0x000000000800aacc        0x4 e:/stm32cubeide_1.7.0/stm32cubeide/plugins/com.st.stm32cube.ide.mcu.externaltools.gnu-tools-for-stm32.9-2020-q2-update.win32_2.0.0.202105311346/tools/bin/../lib/gcc/arm-none-eabi/9.3.1/thumb/v7e-m+dp/hard/crti.o
                0x000000000800aacc                _fini
 .fini          0x000000000800aad0        0x8 e:/stm32cubeide_1.7.0/stm32cubeide/plugins/com.st.stm32cube.ide.mcu.externaltools.gnu-tools-for-stm32.9-2020-q2-update.win32_2.0.0.202105311346/tools/bin/../lib/gcc/arm-none-eabi/9.3.1/thumb/v7e-m+dp/hard/crtn.o
                0x000000000800aad8                . = ALIGN (0x4)
                0x000000000800aad8                _etext = .

.vfp11_veneer   0x000000000800aad8        0x0
 .vfp11_veneer  0x000000000800aad8        0x0 linker stubs

.v4_bx          0x000000000800aad8        0x0
 .v4_bx         0x000000000800aad8        0x0 linker stubs

.iplt           0x000000000800aad8        0x0
 .iplt          0x000000000800aad8        0x0 e:/stm32cubeide_1.7.0/stm32cubeide/plugins/com.st.stm32cube.ide.mcu.externaltools.gnu-tools-for-stm32.9-2020-q2-update.win32_2.0.0.202105311346/tools/bin/../lib/gcc/arm-none-eabi/9.3.1/thumb/v7e-m+dp/hard/crtbegin.o

.rodata         0x000000000800aad8      0xad0
                0x000000000800aad8                . = ALIGN (0x4)
 *(.rodata)
 .rodata        0x000000000800aad8       0x27 ./Drivers/BSP/ST7735/lcd.o
 *(.rodata*)
 *fill*         0x000000000800aaff        0x1 
 .rodata.D1CorePrescTable
                0x000000000800ab00       0x10 ./Core/Src/system_stm32h7xx.o
                0x000000000800ab00                D1CorePrescTable
 .rodata.asc2_1206
                0x000000000800ab10      0x474 ./Drivers/BSP/ST7735/lcd.o
                0x000000000800ab10                asc2_1206
 .rodata.asc2_1608
                0x000000000800af84      0x5f0 ./Drivers/BSP/ST7735/lcd.o
                0x000000000800af84                asc2_1608
 .rodata._svfprintf_r.str1.1
                0x000000000800b574       0x11 e:/stm32cubeide_1.7.0/stm32cubeide/plugins/com.st.stm32cube.ide.mcu.externaltools.gnu-tools-for-stm32.9-2020-q2-update.win32_2.0.0.202105311346/tools/bin/../lib/gcc/arm-none-eabi/9.3.1/../../../../arm-none-eabi/lib/thumb/v7e-m+dp/hard\libc_nano.a(lib_a-nano-svfprintf.o)
 .rodata._printf_i.str1.1
                0x000000000800b585       0x22 e:/stm32cubeide_1.7.0/stm32cubeide/plugins/com.st.stm32cube.ide.mcu.externaltools.gnu-tools-for-stm32.9-2020-q2-update.win32_2.0.0.202105311346/tools/bin/../lib/gcc/arm-none-eabi/9.3.1/../../../../arm-none-eabi/lib/thumb/v7e-m+dp/hard\libc_nano.a(lib_a-nano-vfprintf_i.o)
                0x000000000800b5a8                . = ALIGN (0x4)
 *fill*         0x000000000800b5a7        0x1 

.rel.dyn        0x000000000800b5a8        0x0
 .rel.iplt      0x000000000800b5a8        0x0 e:/stm32cubeide_1.7.0/stm32cubeide/plugins/com.st.stm32cube.ide.mcu.externaltools.gnu-tools-for-stm32.9-2020-q2-update.win32_2.0.0.202105311346/tools/bin/../lib/gcc/arm-none-eabi/9.3.1/thumb/v7e-m+dp/hard/crtbegin.o

.ARM.extab
 *(.ARM.extab* .gnu.linkonce.armextab.*)

.ARM            0x000000000800b5a8        0x0
                0x000000000800b5a8                __exidx_start = .
 *(.ARM.exidx*)
                0x000000000800b5a8                __exidx_end = .

.preinit_array  0x000000000800b5a8        0x0
                0x000000000800b5a8                PROVIDE (__preinit_array_start = .)
 *(.preinit_array*)
                0x000000000800b5a8                PROVIDE (__preinit_array_end = .)

.init_array     0x000000000800b5a8        0x4
                0x000000000800b5a8                PROVIDE (__init_array_start = .)
 *(SORT_BY_NAME(.init_array.*))
 *(.init_array*)
 .init_array    0x000000000800b5a8        0x4 e:/stm32cubeide_1.7.0/stm32cubeide/plugins/com.st.stm32cube.ide.mcu.externaltools.gnu-tools-for-stm32.9-2020-q2-update.win32_2.0.0.202105311346/tools/bin/../lib/gcc/arm-none-eabi/9.3.1/thumb/v7e-m+dp/hard/crtbegin.o
                0x000000000800b5ac                PROVIDE (__init_array_end = .)

.fini_array     0x000000000800b5ac        0x4
                [!provide]                        PROVIDE (__fini_array_start = .)
 *(SORT_BY_NAME(.fini_array.*))
 *(.fini_array*)
 .fini_array    0x000000000800b5ac        0x4 e:/stm32cubeide_1.7.0/stm32cubeide/plugins/com.st.stm32cube.ide.mcu.externaltools.gnu-tools-for-stm32.9-2020-q2-update.win32_2.0.0.202105311346/tools/bin/../lib/gcc/arm-none-eabi/9.3.1/thumb/v7e-m+dp/hard/crtbegin.o
                [!provide]                        PROVIDE (__fini_array_end = .)
                0x000000000800b5b0                _sidata = LOADADDR (.data)

.data           0x0000000024000000      0x104 load address 0x000000000800b5b0
                0x0000000024000000                . = ALIGN (0x4)
                0x0000000024000000                _sdata = .
 *(.data)
 *(.data*)
 .data.SystemCoreClock
                0x0000000024000000        0x4 ./Core/Src/system_stm32h7xx.o
                0x0000000024000000                SystemCoreClock
 .data.SystemD2Clock
                0x0000000024000004        0x4 ./Core/Src/system_stm32h7xx.o
                0x0000000024000004                SystemD2Clock
 .data.st7735_pIO
                0x0000000024000008       0x20 ./Drivers/BSP/ST7735/lcd.o
                0x0000000024000008                st7735_pIO
 .data.POINT_COLOR
                0x0000000024000028        0x2 ./Drivers/BSP/ST7735/lcd.o
                0x0000000024000028                POINT_COLOR
 *fill*         0x000000002400002a        0x2 
 .data.ST7735_LCD_Driver
                0x000000002400002c       0x4c ./Drivers/BSP/ST7735/st7735.o
                0x000000002400002c                ST7735_LCD_Driver
 .data.OrientationTab
                0x0000000024000078       0x20 ./Drivers/BSP/ST7735/st7735.o
 .data.uwTickPrio
                0x0000000024000098        0x4 ./Drivers/STM32H7xx_HAL_Driver/Src/stm32h7xx_hal.o
                0x0000000024000098                uwTickPrio
 .data.uwTickFreq
                0x000000002400009c        0x1 ./Drivers/STM32H7xx_HAL_Driver/Src/stm32h7xx_hal.o
                0x000000002400009c                uwTickFreq
 *fill*         0x000000002400009d        0x3 
 .data._impure_ptr
                0x00000000240000a0        0x4 e:/stm32cubeide_1.7.0/stm32cubeide/plugins/com.st.stm32cube.ide.mcu.externaltools.gnu-tools-for-stm32.9-2020-q2-update.win32_2.0.0.202105311346/tools/bin/../lib/gcc/arm-none-eabi/9.3.1/../../../../arm-none-eabi/lib/thumb/v7e-m+dp/hard\libc_nano.a(lib_a-impure.o)
                0x00000000240000a0                _impure_ptr
 .data.impure_data
                0x00000000240000a4       0x60 e:/stm32cubeide_1.7.0/stm32cubeide/plugins/com.st.stm32cube.ide.mcu.externaltools.gnu-tools-for-stm32.9-2020-q2-update.win32_2.0.0.202105311346/tools/bin/../lib/gcc/arm-none-eabi/9.3.1/../../../../arm-none-eabi/lib/thumb/v7e-m+dp/hard\libc_nano.a(lib_a-impure.o)
 *(.RamFunc)
 *(.RamFunc*)
                0x0000000024000104                . = ALIGN (0x4)
                0x0000000024000104                _edata = .

.igot.plt       0x0000000024000104        0x0 load address 0x000000000800b6b4
 .igot.plt      0x0000000024000104        0x0 e:/stm32cubeide_1.7.0/stm32cubeide/plugins/com.st.stm32cube.ide.mcu.externaltools.gnu-tools-for-stm32.9-2020-q2-update.win32_2.0.0.202105311346/tools/bin/../lib/gcc/arm-none-eabi/9.3.1/thumb/v7e-m+dp/hard/crtbegin.o
                0x0000000024000104                . = ALIGN (0x4)

.bss            0x0000000024000104      0x6ec load address 0x000000000800b6b4
                0x0000000024000104                _sbss = .
                0x0000000024000104                __bss_start__ = _sbss
 *(.bss)
 .bss           0x0000000024000104       0x1c e:/stm32cubeide_1.7.0/stm32cubeide/plugins/com.st.stm32cube.ide.mcu.externaltools.gnu-tools-for-stm32.9-2020-q2-update.win32_2.0.0.202105311346/tools/bin/../lib/gcc/arm-none-eabi/9.3.1/thumb/v7e-m+dp/hard/crtbegin.o
 *(.bss*)
 .bss.__sbrk_heap_end
                0x0000000024000120        0x4 ./Core/Src/sysmem.o
 .bss.BACK_COLOR
                0x0000000024000124        0x2 ./Drivers/BSP/ST7735/lcd.o
                0x0000000024000124                BACK_COLOR
 *fill*         0x0000000024000126        0x2 
 .bss.pdata.5912
                0x0000000024000128      0x280 ./Drivers/BSP/ST7735/st7735.o
 .bss.pdata.5931
                0x00000000240003a8      0x280 ./Drivers/BSP/ST7735/st7735.o
 .bss.__malloc_free_list
                0x0000000024000628        0x4 e:/stm32cubeide_1.7.0/stm32cubeide/plugins/com.st.stm32cube.ide.mcu.externaltools.gnu-tools-for-stm32.9-2020-q2-update.win32_2.0.0.202105311346/tools/bin/../lib/gcc/arm-none-eabi/9.3.1/../../../../arm-none-eabi/lib/thumb/v7e-m+dp/hard\libc_nano.a(lib_a-nano-mallocr.o)
                0x0000000024000628                __malloc_free_list
 .bss.__malloc_sbrk_start
                0x000000002400062c        0x4 e:/stm32cubeide_1.7.0/stm32cubeide/plugins/com.st.stm32cube.ide.mcu.externaltools.gnu-tools-for-stm32.9-2020-q2-update.win32_2.0.0.202105311346/tools/bin/../lib/gcc/arm-none-eabi/9.3.1/../../../../arm-none-eabi/lib/thumb/v7e-m+dp/hard\libc_nano.a(lib_a-nano-mallocr.o)
                0x000000002400062c                __malloc_sbrk_start
 *(COMMON)
 COMMON         0x0000000024000630       0x64 ./Core/Src/adc.o
                0x0000000024000630                hadc3
 COMMON         0x0000000024000694       0x28 ./Core/Src/main.o
                0x0000000024000694                vrefint
                0x0000000024000698                tempsensor
                0x000000002400069c                uhADCxInputVoltage
                0x00000000240006ac                vbat
                0x00000000240006b0                adc3_inp0
                0x00000000240006b4                uhADCxConvertedValue
 COMMON         0x00000000240006bc       0x88 ./Core/Src/spi.o
                0x00000000240006bc                hspi4
 COMMON         0x0000000024000744       0x4c ./Core/Src/tim.o
                0x0000000024000744                htim1
 COMMON         0x0000000024000790       0x3c ./Drivers/BSP/ST7735/lcd.o
                0x0000000024000790                st7735_id
                0x0000000024000794                st7735_pObj
 COMMON         0x00000000240007cc       0x10 ./Drivers/BSP/ST7735/st7735.o
                0x00000000240007cc                ST7735Ctx
 COMMON         0x00000000240007dc        0x4 ./Drivers/STM32H7xx_HAL_Driver/Src/stm32h7xx_hal.o
                0x00000000240007dc                uwTick
 COMMON         0x00000000240007e0        0x4 e:/stm32cubeide_1.7.0/stm32cubeide/plugins/com.st.stm32cube.ide.mcu.externaltools.gnu-tools-for-stm32.9-2020-q2-update.win32_2.0.0.202105311346/tools/bin/../lib/gcc/arm-none-eabi/9.3.1/../../../../arm-none-eabi/lib/thumb/v7e-m+dp/hard\libc_nano.a(lib_a-reent.o)
                0x00000000240007e0                errno
 COMMON         0x00000000240007e4        0x9 e:/stm32cubeide_1.7.0/stm32cubeide/plugins/com.st.stm32cube.ide.mcu.externaltools.gnu-tools-for-stm32.9-2020-q2-update.win32_2.0.0.202105311346/tools/bin/../lib/gcc/arm-none-eabi/9.3.1/../../../../arm-none-eabi/lib/thumb/v7e-m+dp/hard\libc_nano.a(lib_a-lock.o)
                0x00000000240007e4                __lock___atexit_recursive_mutex
                0x00000000240007e5                __lock___arc4random_mutex
                0x00000000240007e6                __lock___env_recursive_mutex
                0x00000000240007e7                __lock___sinit_recursive_mutex
                0x00000000240007e8                __lock___malloc_recursive_mutex
                0x00000000240007e9                __lock___at_quick_exit_mutex
                0x00000000240007ea                __lock___dd_hash_mutex
                0x00000000240007eb                __lock___tz_mutex
                0x00000000240007ec                __lock___sfp_recursive_mutex
                0x00000000240007f0                . = ALIGN (0x4)
 *fill*         0x00000000240007ed        0x3 
                0x00000000240007f0                _ebss = .
                0x00000000240007f0                __bss_end__ = _ebss

._user_heap_stack
                0x00000000240007f0      0x600 load address 0x000000000800b6b4
                0x00000000240007f0                . = ALIGN (0x8)
                [!provide]                        PROVIDE (end = .)
                0x00000000240007f0                PROVIDE (_end = .)
                0x00000000240009f0                . = (. + _Min_Heap_Size)
 *fill*         0x00000000240007f0      0x200 
                0x0000000024000df0                . = (. + _Min_Stack_Size)
 *fill*         0x00000000240009f0      0x400 
                0x0000000024000df0                . = ALIGN (0x8)

/DISCARD/
 libc.a(*)
 libm.a(*)
 libgcc.a(*)

.ARM.attributes
                0x0000000000000000       0x2e
 *(.ARM.attributes)
 .ARM.attributes
                0x0000000000000000       0x1e e:/stm32cubeide_1.7.0/stm32cubeide/plugins/com.st.stm32cube.ide.mcu.externaltools.gnu-tools-for-stm32.9-2020-q2-update.win32_2.0.0.202105311346/tools/bin/../lib/gcc/arm-none-eabi/9.3.1/thumb/v7e-m+dp/hard/crti.o
 .ARM.attributes
                0x000000000000001e       0x32 e:/stm32cubeide_1.7.0/stm32cubeide/plugins/com.st.stm32cube.ide.mcu.externaltools.gnu-tools-for-stm32.9-2020-q2-update.win32_2.0.0.202105311346/tools/bin/../lib/gcc/arm-none-eabi/9.3.1/thumb/v7e-m+dp/hard/crtbegin.o
 .ARM.attributes
                0x0000000000000050       0x32 ./Core/Src/adc.o
 .ARM.attributes
                0x0000000000000082       0x32 ./Core/Src/gpio.o
 .ARM.attributes
                0x00000000000000b4       0x32 ./Core/Src/main.o
 .ARM.attributes
                0x00000000000000e6       0x32 ./Core/Src/spi.o
 .ARM.attributes
                0x0000000000000118       0x32 ./Core/Src/stm32h7xx_hal_msp.o
 .ARM.attributes
                0x000000000000014a       0x32 ./Core/Src/stm32h7xx_it.o
 .ARM.attributes
                0x000000000000017c       0x32 ./Core/Src/sysmem.o
 .ARM.attributes
                0x00000000000001ae       0x32 ./Core/Src/system_stm32h7xx.o
 .ARM.attributes
                0x00000000000001e0       0x32 ./Core/Src/tim.o
 .ARM.attributes
                0x0000000000000212       0x21 ./Core/Startup/startup_stm32h743vitx.o
 .ARM.attributes
                0x0000000000000233       0x32 ./Drivers/BSP/ST7735/lcd.o
 .ARM.attributes
                0x0000000000000265       0x32 ./Drivers/BSP/ST7735/st7735.o
 .ARM.attributes
                0x0000000000000297       0x32 ./Drivers/BSP/ST7735/st7735_reg.o
 .ARM.attributes
                0x00000000000002c9       0x32 ./Drivers/STM32H7xx_HAL_Driver/Src/stm32h7xx_hal.o
 .ARM.attributes
                0x00000000000002fb       0x32 ./Drivers/STM32H7xx_HAL_Driver/Src/stm32h7xx_hal_adc.o
 .ARM.attributes
                0x000000000000032d       0x32 ./Drivers/STM32H7xx_HAL_Driver/Src/stm32h7xx_hal_adc_ex.o
 .ARM.attributes
                0x000000000000035f       0x32 ./Drivers/STM32H7xx_HAL_Driver/Src/stm32h7xx_hal_cortex.o
 .ARM.attributes
                0x0000000000000391       0x32 ./Drivers/STM32H7xx_HAL_Driver/Src/stm32h7xx_hal_gpio.o
 .ARM.attributes
                0x00000000000003c3       0x32 ./Drivers/STM32H7xx_HAL_Driver/Src/stm32h7xx_hal_pwr_ex.o
 .ARM.attributes
                0x00000000000003f5       0x32 ./Drivers/STM32H7xx_HAL_Driver/Src/stm32h7xx_hal_rcc.o
 .ARM.attributes
                0x0000000000000427       0x32 ./Drivers/STM32H7xx_HAL_Driver/Src/stm32h7xx_hal_rcc_ex.o
 .ARM.attributes
                0x0000000000000459       0x32 ./Drivers/STM32H7xx_HAL_Driver/Src/stm32h7xx_hal_spi.o
 .ARM.attributes
                0x000000000000048b       0x32 ./Drivers/STM32H7xx_HAL_Driver/Src/stm32h7xx_hal_tim.o
 .ARM.attributes
                0x00000000000004bd       0x32 ./Drivers/STM32H7xx_HAL_Driver/Src/stm32h7xx_hal_tim_ex.o
 .ARM.attributes
                0x00000000000004ef       0x32 e:/stm32cubeide_1.7.0/stm32cubeide/plugins/com.st.stm32cube.ide.mcu.externaltools.gnu-tools-for-stm32.9-2020-q2-update.win32_2.0.0.202105311346/tools/bin/../lib/gcc/arm-none-eabi/9.3.1/../../../../arm-none-eabi/lib/thumb/v7e-m+dp/hard\libc_nano.a(lib_a-errno.o)
 .ARM.attributes
                0x0000000000000521       0x30 e:/stm32cubeide_1.7.0/stm32cubeide/plugins/com.st.stm32cube.ide.mcu.externaltools.gnu-tools-for-stm32.9-2020-q2-update.win32_2.0.0.202105311346/tools/bin/../lib/gcc/arm-none-eabi/9.3.1/../../../../arm-none-eabi/lib/thumb/v7e-m+dp/hard\libc_nano.a(lib_a-impure.o)
 .ARM.attributes
                0x0000000000000551       0x32 e:/stm32cubeide_1.7.0/stm32cubeide/plugins/com.st.stm32cube.ide.mcu.externaltools.gnu-tools-for-stm32.9-2020-q2-update.win32_2.0.0.202105311346/tools/bin/../lib/gcc/arm-none-eabi/9.3.1/../../../../arm-none-eabi/lib/thumb/v7e-m+dp/hard\libc_nano.a(lib_a-init.o)
 .ARM.attributes
                0x0000000000000583       0x32 e:/stm32cubeide_1.7.0/stm32cubeide/plugins/com.st.stm32cube.ide.mcu.externaltools.gnu-tools-for-stm32.9-2020-q2-update.win32_2.0.0.202105311346/tools/bin/../lib/gcc/arm-none-eabi/9.3.1/../../../../arm-none-eabi/lib/thumb/v7e-m+dp/hard\libc_nano.a(lib_a-memset.o)
 .ARM.attributes
                0x00000000000005b5       0x32 e:/stm32cubeide_1.7.0/stm32cubeide/plugins/com.st.stm32cube.ide.mcu.externaltools.gnu-tools-for-stm32.9-2020-q2-update.win32_2.0.0.202105311346/tools/bin/../lib/gcc/arm-none-eabi/9.3.1/../../../../arm-none-eabi/lib/thumb/v7e-m+dp/hard\libc_nano.a(lib_a-sprintf.o)
 .ARM.attributes
                0x00000000000005e7       0x32 e:/stm32cubeide_1.7.0/stm32cubeide/plugins/com.st.stm32cube.ide.mcu.externaltools.gnu-tools-for-stm32.9-2020-q2-update.win32_2.0.0.202105311346/tools/bin/../lib/gcc/arm-none-eabi/9.3.1/../../../../arm-none-eabi/lib/thumb/v7e-m+dp/hard\libc_nano.a(lib_a-nano-svfprintf.o)
 .ARM.attributes
                0x0000000000000619       0x32 e:/stm32cubeide_1.7.0/stm32cubeide/plugins/com.st.stm32cube.ide.mcu.externaltools.gnu-tools-for-stm32.9-2020-q2-update.win32_2.0.0.202105311346/tools/bin/../lib/gcc/arm-none-eabi/9.3.1/../../../../arm-none-eabi/lib/thumb/v7e-m+dp/hard\libc_nano.a(lib_a-nano-vfprintf_i.o)
 .ARM.attributes
                0x000000000000064b       0x1c e:/stm32cubeide_1.7.0/stm32cubeide/plugins/com.st.stm32cube.ide.mcu.externaltools.gnu-tools-for-stm32.9-2020-q2-update.win32_2.0.0.202105311346/tools/bin/../lib/gcc/arm-none-eabi/9.3.1/../../../../arm-none-eabi/lib/thumb/v7e-m+dp/hard\libc_nano.a(lib_a-memchr.o)
 .ARM.attributes
                0x0000000000000667       0x32 e:/stm32cubeide_1.7.0/stm32cubeide/plugins/com.st.stm32cube.ide.mcu.externaltools.gnu-tools-for-stm32.9-2020-q2-update.win32_2.0.0.202105311346/tools/bin/../lib/gcc/arm-none-eabi/9.3.1/../../../../arm-none-eabi/lib/thumb/v7e-m+dp/hard\libc_nano.a(lib_a-memcpy-stub.o)
 .ARM.attributes
                0x0000000000000699       0x32 e:/stm32cubeide_1.7.0/stm32cubeide/plugins/com.st.stm32cube.ide.mcu.externaltools.gnu-tools-for-stm32.9-2020-q2-update.win32_2.0.0.202105311346/tools/bin/../lib/gcc/arm-none-eabi/9.3.1/../../../../arm-none-eabi/lib/thumb/v7e-m+dp/hard\libc_nano.a(lib_a-memmove.o)
 .ARM.attributes
                0x00000000000006cb       0x32 e:/stm32cubeide_1.7.0/stm32cubeide/plugins/com.st.stm32cube.ide.mcu.externaltools.gnu-tools-for-stm32.9-2020-q2-update.win32_2.0.0.202105311346/tools/bin/../lib/gcc/arm-none-eabi/9.3.1/../../../../arm-none-eabi/lib/thumb/v7e-m+dp/hard\libc_nano.a(lib_a-nano-freer.o)
 .ARM.attributes
                0x00000000000006fd       0x32 e:/stm32cubeide_1.7.0/stm32cubeide/plugins/com.st.stm32cube.ide.mcu.externaltools.gnu-tools-for-stm32.9-2020-q2-update.win32_2.0.0.202105311346/tools/bin/../lib/gcc/arm-none-eabi/9.3.1/../../../../arm-none-eabi/lib/thumb/v7e-m+dp/hard\libc_nano.a(lib_a-nano-mallocr.o)
 .ARM.attributes
                0x000000000000072f       0x32 e:/stm32cubeide_1.7.0/stm32cubeide/plugins/com.st.stm32cube.ide.mcu.externaltools.gnu-tools-for-stm32.9-2020-q2-update.win32_2.0.0.202105311346/tools/bin/../lib/gcc/arm-none-eabi/9.3.1/../../../../arm-none-eabi/lib/thumb/v7e-m+dp/hard\libc_nano.a(lib_a-nano-reallocr.o)
 .ARM.attributes
                0x0000000000000761       0x32 e:/stm32cubeide_1.7.0/stm32cubeide/plugins/com.st.stm32cube.ide.mcu.externaltools.gnu-tools-for-stm32.9-2020-q2-update.win32_2.0.0.202105311346/tools/bin/../lib/gcc/arm-none-eabi/9.3.1/../../../../arm-none-eabi/lib/thumb/v7e-m+dp/hard\libc_nano.a(lib_a-sbrkr.o)
 .ARM.attributes
                0x0000000000000793       0x32 e:/stm32cubeide_1.7.0/stm32cubeide/plugins/com.st.stm32cube.ide.mcu.externaltools.gnu-tools-for-stm32.9-2020-q2-update.win32_2.0.0.202105311346/tools/bin/../lib/gcc/arm-none-eabi/9.3.1/../../../../arm-none-eabi/lib/thumb/v7e-m+dp/hard\libc_nano.a(lib_a-mlock.o)
 .ARM.attributes
                0x00000000000007c5       0x32 e:/stm32cubeide_1.7.0/stm32cubeide/plugins/com.st.stm32cube.ide.mcu.externaltools.gnu-tools-for-stm32.9-2020-q2-update.win32_2.0.0.202105311346/tools/bin/../lib/gcc/arm-none-eabi/9.3.1/../../../../arm-none-eabi/lib/thumb/v7e-m+dp/hard\libc_nano.a(lib_a-nano-msizer.o)
 .ARM.attributes
                0x00000000000007f7       0x32 e:/stm32cubeide_1.7.0/stm32cubeide/plugins/com.st.stm32cube.ide.mcu.externaltools.gnu-tools-for-stm32.9-2020-q2-update.win32_2.0.0.202105311346/tools/bin/../lib/gcc/arm-none-eabi/9.3.1/../../../../arm-none-eabi/lib/thumb/v7e-m+dp/hard\libc_nano.a(lib_a-reent.o)
 .ARM.attributes
                0x0000000000000829       0x32 e:/stm32cubeide_1.7.0/stm32cubeide/plugins/com.st.stm32cube.ide.mcu.externaltools.gnu-tools-for-stm32.9-2020-q2-update.win32_2.0.0.202105311346/tools/bin/../lib/gcc/arm-none-eabi/9.3.1/../../../../arm-none-eabi/lib/thumb/v7e-m+dp/hard\libc_nano.a(lib_a-lock.o)
 .ARM.attributes
                0x000000000000085b       0x1e e:/stm32cubeide_1.7.0/stm32cubeide/plugins/com.st.stm32cube.ide.mcu.externaltools.gnu-tools-for-stm32.9-2020-q2-update.win32_2.0.0.202105311346/tools/bin/../lib/gcc/arm-none-eabi/9.3.1/thumb/v7e-m+dp/hard/crtn.o
OUTPUT(743-7.elf elf32-littlearm)
LOAD linker stubs
LOAD e:/stm32cubeide_1.7.0/stm32cubeide/plugins/com.st.stm32cube.ide.mcu.externaltools.gnu-tools-for-stm32.9-2020-q2-update.win32_2.0.0.202105311346/tools/bin/../lib/gcc/arm-none-eabi/9.3.1/../../../../arm-none-eabi/lib/thumb/v7e-m+dp/hard\libc.a
LOAD e:/stm32cubeide_1.7.0/stm32cubeide/plugins/com.st.stm32cube.ide.mcu.externaltools.gnu-tools-for-stm32.9-2020-q2-update.win32_2.0.0.202105311346/tools/bin/../lib/gcc/arm-none-eabi/9.3.1/../../../../arm-none-eabi/lib/thumb/v7e-m+dp/hard\libm.a
LOAD e:/stm32cubeide_1.7.0/stm32cubeide/plugins/com.st.stm32cube.ide.mcu.externaltools.gnu-tools-for-stm32.9-2020-q2-update.win32_2.0.0.202105311346/tools/bin/../lib/gcc/arm-none-eabi/9.3.1/thumb/v7e-m+dp/hard\libgcc.a

.debug_info     0x0000000000000000    0x26e13
 .debug_info    0x0000000000000000     0x1ab0 ./Core/Src/adc.o
 .debug_info    0x0000000000001ab0     0x10d6 ./Core/Src/gpio.o
 .debug_info    0x0000000000002b86     0x301f ./Core/Src/main.o
 .debug_info    0x0000000000005ba5     0x1a90 ./Core/Src/spi.o
 .debug_info    0x0000000000007635      0xf58 ./Core/Src/stm32h7xx_hal_msp.o
 .debug_info    0x000000000000858d      0xbe2 ./Core/Src/stm32h7xx_it.o
 .debug_info    0x000000000000916f      0xa25 ./Core/Src/sysmem.o
 .debug_info    0x0000000000009b94     0x1468 ./Core/Src/system_stm32h7xx.o
 .debug_info    0x000000000000affc     0x1975 ./Core/Src/tim.o
 .debug_info    0x000000000000c971       0x22 ./Core/Startup/startup_stm32h743vitx.o
 .debug_info    0x000000000000c993     0x217d ./Drivers/BSP/ST7735/lcd.o
 .debug_info    0x000000000000eb10     0x1192 ./Drivers/BSP/ST7735/st7735.o
 .debug_info    0x000000000000fca2      0x2da ./Drivers/BSP/ST7735/st7735_reg.o
 .debug_info    0x000000000000ff7c     0x1f5e ./Drivers/STM32H7xx_HAL_Driver/Src/stm32h7xx_hal.o
 .debug_info    0x0000000000011eda     0x290d ./Drivers/STM32H7xx_HAL_Driver/Src/stm32h7xx_hal_adc.o
 .debug_info    0x00000000000147e7     0x2a4d ./Drivers/STM32H7xx_HAL_Driver/Src/stm32h7xx_hal_adc_ex.o
 .debug_info    0x0000000000017234     0x1bd4 ./Drivers/STM32H7xx_HAL_Driver/Src/stm32h7xx_hal_cortex.o
 .debug_info    0x0000000000018e08     0x17bf ./Drivers/STM32H7xx_HAL_Driver/Src/stm32h7xx_hal_gpio.o
 .debug_info    0x000000000001a5c7     0x1b06 ./Drivers/STM32H7xx_HAL_Driver/Src/stm32h7xx_hal_pwr_ex.o
 .debug_info    0x000000000001c0cd     0x192a ./Drivers/STM32H7xx_HAL_Driver/Src/stm32h7xx_hal_rcc.o
 .debug_info    0x000000000001d9f7     0x1cc2 ./Drivers/STM32H7xx_HAL_Driver/Src/stm32h7xx_hal_rcc_ex.o
 .debug_info    0x000000000001f6b9     0x1fa0 ./Drivers/STM32H7xx_HAL_Driver/Src/stm32h7xx_hal_spi.o
 .debug_info    0x0000000000021659     0x3612 ./Drivers/STM32H7xx_HAL_Driver/Src/stm32h7xx_hal_tim.o
 .debug_info    0x0000000000024c6b     0x21a8 ./Drivers/STM32H7xx_HAL_Driver/Src/stm32h7xx_hal_tim_ex.o

.debug_abbrev   0x0000000000000000     0x3e4b
 .debug_abbrev  0x0000000000000000      0x281 ./Core/Src/adc.o
 .debug_abbrev  0x0000000000000281      0x229 ./Core/Src/gpio.o
 .debug_abbrev  0x00000000000004aa      0x35f ./Core/Src/main.o
 .debug_abbrev  0x0000000000000809      0x265 ./Core/Src/spi.o
 .debug_abbrev  0x0000000000000a6e      0x21a ./Core/Src/stm32h7xx_hal_msp.o
 .debug_abbrev  0x0000000000000c88      0x1ef ./Core/Src/stm32h7xx_it.o
 .debug_abbrev  0x0000000000000e77      0x1bf ./Core/Src/sysmem.o
 .debug_abbrev  0x0000000000001036      0x251 ./Core/Src/system_stm32h7xx.o
 .debug_abbrev  0x0000000000001287      0x289 ./Core/Src/tim.o
 .debug_abbrev  0x0000000000001510       0x12 ./Core/Startup/startup_stm32h743vitx.o
 .debug_abbrev  0x0000000000001522      0x362 ./Drivers/BSP/ST7735/lcd.o
 .debug_abbrev  0x0000000000001884      0x1e6 ./Drivers/BSP/ST7735/st7735.o
 .debug_abbrev  0x0000000000001a6a       0xda ./Drivers/BSP/ST7735/st7735_reg.o
 .debug_abbrev  0x0000000000001b44      0x31b ./Drivers/STM32H7xx_HAL_Driver/Src/stm32h7xx_hal.o
 .debug_abbrev  0x0000000000001e5f      0x31b ./Drivers/STM32H7xx_HAL_Driver/Src/stm32h7xx_hal_adc.o
 .debug_abbrev  0x000000000000217a      0x361 ./Drivers/STM32H7xx_HAL_Driver/Src/stm32h7xx_hal_adc_ex.o
 .debug_abbrev  0x00000000000024db      0x409 ./Drivers/STM32H7xx_HAL_Driver/Src/stm32h7xx_hal_cortex.o
 .debug_abbrev  0x00000000000028e4      0x2cb ./Drivers/STM32H7xx_HAL_Driver/Src/stm32h7xx_hal_gpio.o
 .debug_abbrev  0x0000000000002baf      0x350 ./Drivers/STM32H7xx_HAL_Driver/Src/stm32h7xx_hal_pwr_ex.o
 .debug_abbrev  0x0000000000002eff      0x322 ./Drivers/STM32H7xx_HAL_Driver/Src/stm32h7xx_hal_rcc.o
 .debug_abbrev  0x0000000000003221      0x31d ./Drivers/STM32H7xx_HAL_Driver/Src/stm32h7xx_hal_rcc_ex.o
 .debug_abbrev  0x000000000000353e      0x313 ./Drivers/STM32H7xx_HAL_Driver/Src/stm32h7xx_hal_spi.o
 .debug_abbrev  0x0000000000003851      0x2f9 ./Drivers/STM32H7xx_HAL_Driver/Src/stm32h7xx_hal_tim.o
 .debug_abbrev  0x0000000000003b4a      0x301 ./Drivers/STM32H7xx_HAL_Driver/Src/stm32h7xx_hal_tim_ex.o

.debug_aranges  0x0000000000000000     0x1478
 .debug_aranges
                0x0000000000000000       0x30 ./Core/Src/adc.o
 .debug_aranges
                0x0000000000000030       0x20 ./Core/Src/gpio.o
 .debug_aranges
                0x0000000000000050       0x48 ./Core/Src/main.o
 .debug_aranges
                0x0000000000000098       0x30 ./Core/Src/spi.o
 .debug_aranges
                0x00000000000000c8       0x20 ./Core/Src/stm32h7xx_hal_msp.o
 .debug_aranges
                0x00000000000000e8       0x60 ./Core/Src/stm32h7xx_it.o
 .debug_aranges
                0x0000000000000148       0x20 ./Core/Src/sysmem.o
 .debug_aranges
                0x0000000000000168       0x28 ./Core/Src/system_stm32h7xx.o
 .debug_aranges
                0x0000000000000190       0x38 ./Core/Src/tim.o
 .debug_aranges
                0x00000000000001c8       0x28 ./Core/Startup/startup_stm32h743vitx.o
 .debug_aranges
                0x00000000000001f0       0x78 ./Drivers/BSP/ST7735/lcd.o
 .debug_aranges
                0x0000000000000268       0xe8 ./Drivers/BSP/ST7735/st7735.o
 .debug_aranges
                0x0000000000000350       0x38 ./Drivers/BSP/ST7735/st7735_reg.o
 .debug_aranges
                0x0000000000000388      0x198 ./Drivers/STM32H7xx_HAL_Driver/Src/stm32h7xx_hal.o
 .debug_aranges
                0x0000000000000520      0x228 ./Drivers/STM32H7xx_HAL_Driver/Src/stm32h7xx_hal_adc.o
 .debug_aranges
                0x0000000000000748      0x1d8 ./Drivers/STM32H7xx_HAL_Driver/Src/stm32h7xx_hal_adc_ex.o
 .debug_aranges
                0x0000000000000920      0x120 ./Drivers/STM32H7xx_HAL_Driver/Src/stm32h7xx_hal_cortex.o
 .debug_aranges
                0x0000000000000a40       0x58 ./Drivers/STM32H7xx_HAL_Driver/Src/stm32h7xx_hal_gpio.o
 .debug_aranges
                0x0000000000000a98      0x158 ./Drivers/STM32H7xx_HAL_Driver/Src/stm32h7xx_hal_pwr_ex.o
 .debug_aranges
                0x0000000000000bf0       0x88 ./Drivers/STM32H7xx_HAL_Driver/Src/stm32h7xx_hal_rcc.o
 .debug_aranges
                0x0000000000000c78       0xf8 ./Drivers/STM32H7xx_HAL_Driver/Src/stm32h7xx_hal_rcc_ex.o
 .debug_aranges
                0x0000000000000d70      0x1a0 ./Drivers/STM32H7xx_HAL_Driver/Src/stm32h7xx_hal_spi.o
 .debug_aranges
                0x0000000000000f10      0x3e0 ./Drivers/STM32H7xx_HAL_Driver/Src/stm32h7xx_hal_tim.o
 .debug_aranges
                0x00000000000012f0      0x188 ./Drivers/STM32H7xx_HAL_Driver/Src/stm32h7xx_hal_tim_ex.o

.debug_ranges   0x0000000000000000     0x1300
 .debug_ranges  0x0000000000000000       0x20 ./Core/Src/adc.o
 .debug_ranges  0x0000000000000020       0x10 ./Core/Src/gpio.o
 .debug_ranges  0x0000000000000030       0x38 ./Core/Src/main.o
 .debug_ranges  0x0000000000000068       0x20 ./Core/Src/spi.o
 .debug_ranges  0x0000000000000088       0x10 ./Core/Src/stm32h7xx_hal_msp.o
 .debug_ranges  0x0000000000000098       0x50 ./Core/Src/stm32h7xx_it.o
 .debug_ranges  0x00000000000000e8       0x10 ./Core/Src/sysmem.o
 .debug_ranges  0x00000000000000f8       0x18 ./Core/Src/system_stm32h7xx.o
 .debug_ranges  0x0000000000000110       0x28 ./Core/Src/tim.o
 .debug_ranges  0x0000000000000138       0x20 ./Core/Startup/startup_stm32h743vitx.o
 .debug_ranges  0x0000000000000158       0x68 ./Drivers/BSP/ST7735/lcd.o
 .debug_ranges  0x00000000000001c0       0xd8 ./Drivers/BSP/ST7735/st7735.o
 .debug_ranges  0x0000000000000298       0x28 ./Drivers/BSP/ST7735/st7735_reg.o
 .debug_ranges  0x00000000000002c0      0x188 ./Drivers/STM32H7xx_HAL_Driver/Src/stm32h7xx_hal.o
 .debug_ranges  0x0000000000000448      0x218 ./Drivers/STM32H7xx_HAL_Driver/Src/stm32h7xx_hal_adc.o
 .debug_ranges  0x0000000000000660      0x1c8 ./Drivers/STM32H7xx_HAL_Driver/Src/stm32h7xx_hal_adc_ex.o
 .debug_ranges  0x0000000000000828      0x110 ./Drivers/STM32H7xx_HAL_Driver/Src/stm32h7xx_hal_cortex.o
 .debug_ranges  0x0000000000000938       0x48 ./Drivers/STM32H7xx_HAL_Driver/Src/stm32h7xx_hal_gpio.o
 .debug_ranges  0x0000000000000980      0x148 ./Drivers/STM32H7xx_HAL_Driver/Src/stm32h7xx_hal_pwr_ex.o
 .debug_ranges  0x0000000000000ac8       0x78 ./Drivers/STM32H7xx_HAL_Driver/Src/stm32h7xx_hal_rcc.o
 .debug_ranges  0x0000000000000b40       0xe8 ./Drivers/STM32H7xx_HAL_Driver/Src/stm32h7xx_hal_rcc_ex.o
 .debug_ranges  0x0000000000000c28      0x190 ./Drivers/STM32H7xx_HAL_Driver/Src/stm32h7xx_hal_spi.o
 .debug_ranges  0x0000000000000db8      0x3d0 ./Drivers/STM32H7xx_HAL_Driver/Src/stm32h7xx_hal_tim.o
 .debug_ranges  0x0000000000001188      0x178 ./Drivers/STM32H7xx_HAL_Driver/Src/stm32h7xx_hal_tim_ex.o

.debug_macro    0x0000000000000000    0x39c5e
 .debug_macro   0x0000000000000000      0x2e9 ./Core/Src/adc.o
 .debug_macro   0x00000000000002e9      0xac0 ./Core/Src/adc.o
 .debug_macro   0x0000000000000da9      0x23e ./Core/Src/adc.o
 .debug_macro   0x0000000000000fe7       0x2e ./Core/Src/adc.o
 .debug_macro   0x0000000000001015       0x3b ./Core/Src/adc.o
 .debug_macro   0x0000000000001050       0x22 ./Core/Src/adc.o
 .debug_macro   0x0000000000001072       0x8e ./Core/Src/adc.o
 .debug_macro   0x0000000000001100       0x51 ./Core/Src/adc.o
 .debug_macro   0x0000000000001151      0x103 ./Core/Src/adc.o
 .debug_macro   0x0000000000001254       0x6a ./Core/Src/adc.o
 .debug_macro   0x00000000000012be      0x1df ./Core/Src/adc.o
 .debug_macro   0x000000000000149d       0x1c ./Core/Src/adc.o
 .debug_macro   0x00000000000014b9       0x22 ./Core/Src/adc.o
 .debug_macro   0x00000000000014db      0x101 ./Core/Src/adc.o
 .debug_macro   0x00000000000015dc     0x1305 ./Core/Src/adc.o
 .debug_macro   0x00000000000028e1      0x11f ./Core/Src/adc.o
 .debug_macro   0x0000000000002a00       0x27 ./Core/Src/adc.o
 .debug_macro   0x0000000000002a27    0x253d1 ./Core/Src/adc.o
 .debug_macro   0x0000000000027df8       0x43 ./Core/Src/adc.o
 .debug_macro   0x0000000000027e3b     0x3cd3 ./Core/Src/adc.o
 .debug_macro   0x000000000002bb0e      0x174 ./Core/Src/adc.o
 .debug_macro   0x000000000002bc82       0x52 ./Core/Src/adc.o
 .debug_macro   0x000000000002bcd4       0x17 ./Core/Src/adc.o
 .debug_macro   0x000000000002bceb       0x3c ./Core/Src/adc.o
 .debug_macro   0x000000000002bd27       0x34 ./Core/Src/adc.o
 .debug_macro   0x000000000002bd5b       0x16 ./Core/Src/adc.o
 .debug_macro   0x000000000002bd71       0x43 ./Core/Src/adc.o
 .debug_macro   0x000000000002bdb4       0x34 ./Core/Src/adc.o
 .debug_macro   0x000000000002bde8       0x10 ./Core/Src/adc.o
 .debug_macro   0x000000000002bdf8       0x58 ./Core/Src/adc.o
 .debug_macro   0x000000000002be50       0x71 ./Core/Src/adc.o
 .debug_macro   0x000000000002bec1       0x1c ./Core/Src/adc.o
 .debug_macro   0x000000000002bedd      0x12a ./Core/Src/adc.o
 .debug_macro   0x000000000002c007      0x333 ./Core/Src/adc.o
 .debug_macro   0x000000000002c33a      0x1a9 ./Core/Src/adc.o
 .debug_macro   0x000000000002c4e3       0x5d ./Core/Src/adc.o
 .debug_macro   0x000000000002c540     0x2382 ./Core/Src/adc.o
 .debug_macro   0x000000000002e8c2     0x1002 ./Core/Src/adc.o
 .debug_macro   0x000000000002f8c4      0x14d ./Core/Src/adc.o
 .debug_macro   0x000000000002fa11      0x117 ./Core/Src/adc.o
 .debug_macro   0x000000000002fb28      0x3b2 ./Core/Src/adc.o
 .debug_macro   0x000000000002feda       0x27 ./Core/Src/adc.o
 .debug_macro   0x000000000002ff01      0x72d ./Core/Src/adc.o
 .debug_macro   0x000000000003062e      0x229 ./Core/Src/adc.o
 .debug_macro   0x0000000000030857       0x66 ./Core/Src/adc.o
 .debug_macro   0x00000000000308bd      0x3bb ./Core/Src/adc.o
 .debug_macro   0x0000000000030c78      0x3e5 ./Core/Src/adc.o
 .debug_macro   0x000000000003105d      0x275 ./Core/Src/adc.o
 .debug_macro   0x00000000000312d2     0x1036 ./Core/Src/adc.o
 .debug_macro   0x0000000000032308      0x6c5 ./Core/Src/adc.o
 .debug_macro   0x00000000000329cd      0x36e ./Core/Src/adc.o
 .debug_macro   0x0000000000032d3b      0x3cb ./Core/Src/adc.o
 .debug_macro   0x0000000000033106      0x408 ./Core/Src/adc.o
 .debug_macro   0x000000000003350e       0x51 ./Core/Src/adc.o
 .debug_macro   0x000000000003355f       0x4a ./Core/Src/adc.o
 .debug_macro   0x00000000000335a9      0x22c ./Core/Src/adc.o
 .debug_macro   0x00000000000337d5       0x67 ./Core/Src/adc.o
 .debug_macro   0x000000000003383c       0xa5 ./Core/Src/adc.o
 .debug_macro   0x00000000000338e1      0x1c5 ./Core/Src/adc.o
 .debug_macro   0x0000000000033aa6      0x25f ./Core/Src/adc.o
 .debug_macro   0x0000000000033d05       0x35 ./Core/Src/adc.o
 .debug_macro   0x0000000000033d3a      0x5dd ./Core/Src/adc.o
 .debug_macro   0x0000000000034317       0x9e ./Core/Src/adc.o
 .debug_macro   0x00000000000343b5      0xad7 ./Core/Src/adc.o
 .debug_macro   0x0000000000034e8c      0x2a0 ./Core/Src/adc.o
 .debug_macro   0x000000000003512c      0x5a0 ./Core/Src/adc.o
 .debug_macro   0x00000000000356cc       0x34 ./Core/Src/adc.o
 .debug_macro   0x0000000000035700      0x2e9 ./Core/Src/gpio.o
 .debug_macro   0x00000000000359e9      0x405 ./Core/Src/main.o
 .debug_macro   0x0000000000035dee      0x154 ./Core/Src/main.o
 .debug_macro   0x0000000000035f42       0x9e ./Core/Src/main.o
 .debug_macro   0x0000000000035fe0       0x1c ./Core/Src/main.o
 .debug_macro   0x0000000000035ffc       0x35 ./Core/Src/main.o
 .debug_macro   0x0000000000036031       0x10 ./Core/Src/main.o
 .debug_macro   0x0000000000036041       0x10 ./Core/Src/main.o
 .debug_macro   0x0000000000036051       0x1c ./Core/Src/main.o
 .debug_macro   0x000000000003606d       0x52 ./Core/Src/main.o
 .debug_macro   0x00000000000360bf       0x22 ./Core/Src/main.o
 .debug_macro   0x00000000000360e1       0x10 ./Core/Src/main.o
 .debug_macro   0x00000000000360f1       0x40 ./Core/Src/main.o
 .debug_macro   0x0000000000036131       0xd5 ./Core/Src/main.o
 .debug_macro   0x0000000000036206       0x1c ./Core/Src/main.o
 .debug_macro   0x0000000000036222       0x3d ./Core/Src/main.o
 .debug_macro   0x000000000003625f       0x16 ./Core/Src/main.o
 .debug_macro   0x0000000000036275      0x145 ./Core/Src/main.o
 .debug_macro   0x00000000000363ba       0x6a ./Core/Src/main.o
 .debug_macro   0x0000000000036424      0x2e9 ./Core/Src/spi.o
 .debug_macro   0x000000000003670d      0x2df ./Core/Src/stm32h7xx_hal_msp.o
 .debug_macro   0x00000000000369ec      0x2e9 ./Core/Src/stm32h7xx_it.o
 .debug_macro   0x0000000000036cd5       0xff ./Core/Src/sysmem.o
 .debug_macro   0x0000000000036dd4      0x23b ./Core/Src/sysmem.o
 .debug_macro   0x000000000003700f      0x2d6 ./Core/Src/system_stm32h7xx.o
 .debug_macro   0x00000000000372e5      0x2e9 ./Core/Src/tim.o
 .debug_macro   0x00000000000375ce      0x435 ./Drivers/BSP/ST7735/lcd.o
 .debug_macro   0x0000000000037a03       0x8a ./Drivers/BSP/ST7735/st7735.o
 .debug_macro   0x0000000000037a8d      0x14e ./Drivers/BSP/ST7735/st7735.o
 .debug_macro   0x0000000000037bdb       0x72 ./Drivers/BSP/ST7735/st7735_reg.o
 .debug_macro   0x0000000000037c4d      0x2fa ./Drivers/STM32H7xx_HAL_Driver/Src/stm32h7xx_hal.o
 .debug_macro   0x0000000000037f47      0x2f4 ./Drivers/STM32H7xx_HAL_Driver/Src/stm32h7xx_hal_adc.o
 .debug_macro   0x000000000003823b      0x2dc ./Drivers/STM32H7xx_HAL_Driver/Src/stm32h7xx_hal_adc_ex.o
 .debug_macro   0x0000000000038517      0x2d0 ./Drivers/STM32H7xx_HAL_Driver/Src/stm32h7xx_hal_cortex.o
 .debug_macro   0x00000000000387e7      0x30c ./Drivers/STM32H7xx_HAL_Driver/Src/stm32h7xx_hal_gpio.o
 .debug_macro   0x0000000000038af3      0x309 ./Drivers/STM32H7xx_HAL_Driver/Src/stm32h7xx_hal_pwr_ex.o
 .debug_macro   0x0000000000038dfc      0x2f4 ./Drivers/STM32H7xx_HAL_Driver/Src/stm32h7xx_hal_rcc.o
 .debug_macro   0x00000000000390f0      0x2ee ./Drivers/STM32H7xx_HAL_Driver/Src/stm32h7xx_hal_rcc_ex.o
 .debug_macro   0x00000000000393de      0x2df ./Drivers/STM32H7xx_HAL_Driver/Src/stm32h7xx_hal_spi.o
 .debug_macro   0x00000000000396bd      0x2d1 ./Drivers/STM32H7xx_HAL_Driver/Src/stm32h7xx_hal_tim.o
 .debug_macro   0x000000000003998e      0x2d0 ./Drivers/STM32H7xx_HAL_Driver/Src/stm32h7xx_hal_tim_ex.o

.debug_line     0x0000000000000000    0x19a84
 .debug_line    0x0000000000000000      0x969 ./Core/Src/adc.o
 .debug_line    0x0000000000000969      0x8b7 ./Core/Src/gpio.o
 .debug_line    0x0000000000001220      0xbe2 ./Core/Src/main.o
 .debug_line    0x0000000000001e02      0x932 ./Core/Src/spi.o
 .debug_line    0x0000000000002734      0x892 ./Core/Src/stm32h7xx_hal_msp.o
 .debug_line    0x0000000000002fc6      0x94c ./Core/Src/stm32h7xx_it.o
 .debug_line    0x0000000000003912      0x4e9 ./Core/Src/sysmem.o
 .debug_line    0x0000000000003dfb      0xa18 ./Core/Src/system_stm32h7xx.o
 .debug_line    0x0000000000004813      0x96d ./Core/Src/tim.o
 .debug_line    0x0000000000005180       0x88 ./Core/Startup/startup_stm32h743vitx.o
 .debug_line    0x0000000000005208      0xdbd ./Drivers/BSP/ST7735/lcd.o
 .debug_line    0x0000000000005fc5      0xf0f ./Drivers/BSP/ST7735/st7735.o
 .debug_line    0x0000000000006ed4      0x3f0 ./Drivers/BSP/ST7735/st7735_reg.o
 .debug_line    0x00000000000072c4      0xe3d ./Drivers/STM32H7xx_HAL_Driver/Src/stm32h7xx_hal.o
 .debug_line    0x0000000000008101     0x2398 ./Drivers/STM32H7xx_HAL_Driver/Src/stm32h7xx_hal_adc.o
 .debug_line    0x000000000000a499     0x1f5b ./Drivers/STM32H7xx_HAL_Driver/Src/stm32h7xx_hal_adc_ex.o
 .debug_line    0x000000000000c3f4      0xe43 ./Drivers/STM32H7xx_HAL_Driver/Src/stm32h7xx_hal_cortex.o
 .debug_line    0x000000000000d237      0xd08 ./Drivers/STM32H7xx_HAL_Driver/Src/stm32h7xx_hal_gpio.o
 .debug_line    0x000000000000df3f      0xf57 ./Drivers/STM32H7xx_HAL_Driver/Src/stm32h7xx_hal_pwr_ex.o
 .debug_line    0x000000000000ee96     0x1389 ./Drivers/STM32H7xx_HAL_Driver/Src/stm32h7xx_hal_rcc.o
 .debug_line    0x000000000001021f     0x1b56 ./Drivers/STM32H7xx_HAL_Driver/Src/stm32h7xx_hal_rcc_ex.o
 .debug_line    0x0000000000011d75     0x2189 ./Drivers/STM32H7xx_HAL_Driver/Src/stm32h7xx_hal_spi.o
 .debug_line    0x0000000000013efe     0x3e0e ./Drivers/STM32H7xx_HAL_Driver/Src/stm32h7xx_hal_tim.o
 .debug_line    0x0000000000017d0c     0x1d78 ./Drivers/STM32H7xx_HAL_Driver/Src/stm32h7xx_hal_tim_ex.o

.debug_str      0x0000000000000000   0x1734b3
 .debug_str     0x0000000000000000   0x16b1ba ./Core/Src/adc.o
                                     0x16ba39 (size before relaxing)
 .debug_str     0x000000000016b1ba       0xb6 ./Core/Src/gpio.o
                                     0x16b141 (size before relaxing)
 .debug_str     0x000000000016b270     0x2358 ./Core/Src/main.o
                                     0x16dbbb (size before relaxing)
 .debug_str     0x000000000016d5c8       0x4b ./Core/Src/spi.o
                                     0x16ba56 (size before relaxing)
 .debug_str     0x000000000016d613       0x2c ./Core/Src/stm32h7xx_hal_msp.o
                                     0x16b0a4 (size before relaxing)
 .debug_str     0x000000000016d63f       0xbd ./Core/Src/stm32h7xx_it.o
                                     0x16af0b (size before relaxing)
 .debug_str     0x000000000016d6fc      0x4e9 ./Core/Src/sysmem.o