ov2640.c:109:16:OV2640_WR_Reg	16	static
ov2640.c:116:16:OV2640_RD_Reg	24	static
ov2640.c:124:13:wrSensorRegs	24	static
ov2640.c:132:12:reset	8	static
ov2640.c:147:12:set_special_effect	16	static
ov2640.c:161:12:set_exposure	32	static
ov2640.c:201:13:_set_framesize	32	static
ov2640.c:248:12:set_pixformat	16	static
ov2640.c:285:12:set_framesize	24	static
ov2640.c:306:5:ov2640_check_framesize	24	static
ov2640.c:317:12:set_contrast	24	static
ov2640.c:336:12:set_brightness	24	static
ov2640.c:353:12:set_saturation	24	static
ov2640.c:370:12:set_quality	16	static
ov2640.c:382:12:set_colorbar	24	static
ov2640.c:395:12:set_hmirror	24	static
ov2640.c:412:12:set_vflip	24	static
ov2640.c:429:12:read_id	24	static
ov2640.c:438:12:read_reg	16	static
ov2640.c:444:12:write_reg	16	static
ov2640.c:460:12:set_light_mode	16	static
ov2640.c:478:12:set_night_mode	16	static
ov2640.c:496:5:ov2640_init	16	static
