Archive member included to satisfy reference by file (symbol)

e:/stm32cubeide_1.7.0/stm32cubeide/plugins/com.st.stm32cube.ide.mcu.externaltools.gnu-tools-for-stm32.9-2020-q2-update.win32_2.0.0.202105311346/tools/bin/../lib/gcc/arm-none-eabi/9.3.1/../../../../arm-none-eabi/lib/thumb/v7e-m+dp/hard\libc_nano.a(lib_a-errno.o)
                              ./Src/syscalls.o (__errno)
e:/stm32cubeide_1.7.0/stm32cubeide/plugins/com.st.stm32cube.ide.mcu.externaltools.gnu-tools-for-stm32.9-2020-q2-update.win32_2.0.0.202105311346/tools/bin/../lib/gcc/arm-none-eabi/9.3.1/../../../../arm-none-eabi/lib/thumb/v7e-m+dp/hard\libc_nano.a(lib_a-exit.o)
                              e:/stm32cubeide_1.7.0/stm32cubeide/plugins/com.st.stm32cube.ide.mcu.externaltools.gnu-tools-for-stm32.9-2020-q2-update.win32_2.0.0.202105311346/tools/bin/../lib/gcc/arm-none-eabi/9.3.1/../../../../arm-none-eabi/lib/thumb/v7e-m+dp/hard/crt0.o (exit)
e:/stm32cubeide_1.7.0/stm32cubeide/plugins/com.st.stm32cube.ide.mcu.externaltools.gnu-tools-for-stm32.9-2020-q2-update.win32_2.0.0.202105311346/tools/bin/../lib/gcc/arm-none-eabi/9.3.1/../../../../arm-none-eabi/lib/thumb/v7e-m+dp/hard\libc_nano.a(lib_a-impure.o)
                              e:/stm32cubeide_1.7.0/stm32cubeide/plugins/com.st.stm32cube.ide.mcu.externaltools.gnu-tools-for-stm32.9-2020-q2-update.win32_2.0.0.202105311346/tools/bin/../lib/gcc/arm-none-eabi/9.3.1/../../../../arm-none-eabi/lib/thumb/v7e-m+dp/hard\libc_nano.a(lib_a-exit.o) (_global_impure_ptr)
e:/stm32cubeide_1.7.0/stm32cubeide/plugins/com.st.stm32cube.ide.mcu.externaltools.gnu-tools-for-stm32.9-2020-q2-update.win32_2.0.0.202105311346/tools/bin/../lib/gcc/arm-none-eabi/9.3.1/../../../../arm-none-eabi/lib/thumb/v7e-m+dp/hard\libc_nano.a(lib_a-init.o)
                              e:/stm32cubeide_1.7.0/stm32cubeide/plugins/com.st.stm32cube.ide.mcu.externaltools.gnu-tools-for-stm32.9-2020-q2-update.win32_2.0.0.202105311346/tools/bin/../lib/gcc/arm-none-eabi/9.3.1/../../../../arm-none-eabi/lib/thumb/v7e-m+dp/hard/crt0.o (__libc_init_array)
e:/stm32cubeide_1.7.0/stm32cubeide/plugins/com.st.stm32cube.ide.mcu.externaltools.gnu-tools-for-stm32.9-2020-q2-update.win32_2.0.0.202105311346/tools/bin/../lib/gcc/arm-none-eabi/9.3.1/../../../../arm-none-eabi/lib/thumb/v7e-m+dp/hard\libc_nano.a(lib_a-memset.o)
                              e:/stm32cubeide_1.7.0/stm32cubeide/plugins/com.st.stm32cube.ide.mcu.externaltools.gnu-tools-for-stm32.9-2020-q2-update.win32_2.0.0.202105311346/tools/bin/../lib/gcc/arm-none-eabi/9.3.1/../../../../arm-none-eabi/lib/thumb/v7e-m+dp/hard/crt0.o (memset)

Allocating common symbols
Common symbol       size              file

uwTick              0x4               ./Drivers/STM32H7xx_HAL_Driver/Src/stm32h7xx_hal.o
pFlash              0x1c              ./Drivers/STM32H7xx_HAL_Driver/Src/stm32h7xx_hal_flash.o

Discarded input sections

 .text          0x0000000000000000        0x0 e:/stm32cubeide_1.7.0/stm32cubeide/plugins/com.st.stm32cube.ide.mcu.externaltools.gnu-tools-for-stm32.9-2020-q2-update.win32_2.0.0.202105311346/tools/bin/../lib/gcc/arm-none-eabi/9.3.1/thumb/v7e-m+dp/hard/crti.o
 .data          0x0000000000000000        0x0 e:/stm32cubeide_1.7.0/stm32cubeide/plugins/com.st.stm32cube.ide.mcu.externaltools.gnu-tools-for-stm32.9-2020-q2-update.win32_2.0.0.202105311346/tools/bin/../lib/gcc/arm-none-eabi/9.3.1/thumb/v7e-m+dp/hard/crti.o
 .bss           0x0000000000000000        0x0 e:/stm32cubeide_1.7.0/stm32cubeide/plugins/com.st.stm32cube.ide.mcu.externaltools.gnu-tools-for-stm32.9-2020-q2-update.win32_2.0.0.202105311346/tools/bin/../lib/gcc/arm-none-eabi/9.3.1/thumb/v7e-m+dp/hard/crti.o
 .data          0x0000000000000000        0x4 e:/stm32cubeide_1.7.0/stm32cubeide/plugins/com.st.stm32cube.ide.mcu.externaltools.gnu-tools-for-stm32.9-2020-q2-update.win32_2.0.0.202105311346/tools/bin/../lib/gcc/arm-none-eabi/9.3.1/thumb/v7e-m+dp/hard/crtbegin.o
 .text          0x0000000000000000       0x7c e:/stm32cubeide_1.7.0/stm32cubeide/plugins/com.st.stm32cube.ide.mcu.externaltools.gnu-tools-for-stm32.9-2020-q2-update.win32_2.0.0.202105311346/tools/bin/../lib/gcc/arm-none-eabi/9.3.1/../../../../arm-none-eabi/lib/thumb/v7e-m+dp/hard/crt0.o
 .data          0x0000000000000000        0x0 e:/stm32cubeide_1.7.0/stm32cubeide/plugins/com.st.stm32cube.ide.mcu.externaltools.gnu-tools-for-stm32.9-2020-q2-update.win32_2.0.0.202105311346/tools/bin/../lib/gcc/arm-none-eabi/9.3.1/../../../../arm-none-eabi/lib/thumb/v7e-m+dp/hard/crt0.o
 .bss           0x0000000000000000        0x0 e:/stm32cubeide_1.7.0/stm32cubeide/plugins/com.st.stm32cube.ide.mcu.externaltools.gnu-tools-for-stm32.9-2020-q2-update.win32_2.0.0.202105311346/tools/bin/../lib/gcc/arm-none-eabi/9.3.1/../../../../arm-none-eabi/lib/thumb/v7e-m+dp/hard/crt0.o
[...]
Memory Configuration

Name             Origin             Length             Attributes
FLASH            0x0000000008000000 0x0000000000200000 xr
DTCMRAM          0x0000000020000000 0x0000000000020000 xrw
RAM_D1           0x0000000024000000 0x0000000000080000 xrw
RAM_D2           0x0000000030000000 0x0000000000048000 xrw
RAM_D3           0x0000000038000000 0x0000000000010000 xrw
ITCMRAM          0x0000000000000000 0x0000000000010000 xrw
*default*        0x0000000000000000 0xffffffffffffffff

Linker script and memory map

LOAD e:/stm32cubeide_1.7.0/stm32cubeide/plugins/com.st.stm32cube.ide.mcu.externaltools.gnu-tools-for-stm32.9-2020-q2-update.win32_2.0.0.202105311346/tools/bin/../lib/gcc/arm-none-eabi/9.3.1/thumb/v7e-m+dp/hard/crti.o
LOAD e:/stm32cubeide_1.7.0/stm32cubeide/plugins/com.st.stm32cube.ide.mcu.externaltools.gnu-tools-for-stm32.9-2020-q2-update.win32_2.0.0.202105311346/tools/bin/../lib/gcc/arm-none-eabi/9.3.1/thumb/v7e-m+dp/hard/crtbegin.o
LOAD e:/stm32cubeide_1.7.0/stm32cubeide/plugins/com.st.stm32cube.ide.mcu.externaltools.gnu-tools-for-stm32.9-2020-q2-update.win32_2.0.0.202105311346/tools/bin/../lib/gcc/arm-none-eabi/9.3.1/../../../../arm-none-eabi/lib/thumb/v7e-m+dp/hard/crt0.o
LOAD ./Drivers/STM32H7xx_HAL_Driver/Src/stm32h7xx_hal.o
LOAD ./Drivers/STM32H7xx_HAL_Driver/Src/stm32h7xx_hal_cortex.o
LOAD ./Drivers/STM32H7xx_HAL_Driver/Src/stm32h7xx_hal_dma.o
LOAD ./Drivers/STM32H7xx_HAL_Driver/Src/stm32h7xx_hal_dma_ex.o
LOAD ./Drivers/STM32H7xx_HAL_Driver/Src/stm32h7xx_hal_exti.o
LOAD ./Drivers/STM32H7xx_HAL_Driver/Src/stm32h7xx_hal_flash.o
LOAD ./Drivers/STM32H7xx_HAL_Driver/Src/stm32h7xx_hal_flash_ex.o
LOAD ./Drivers/STM32H7xx_HAL_Driver/Src/stm32h7xx_hal_gpio.o
LOAD ./Drivers/STM32H7xx_HAL_Driver/Src/stm32h7xx_hal_hsem.o
LOAD ./Drivers/STM32H7xx_HAL_Driver/Src/stm32h7xx_hal_i2c.o
LOAD ./Drivers/STM32H7xx_HAL_Driver/Src/stm32h7xx_hal_i2c_ex.o
LOAD ./Drivers/STM32H7xx_HAL_Driver/Src/stm32h7xx_hal_mdma.o
LOAD ./Drivers/STM32H7xx_HAL_Driver/Src/stm32h7xx_hal_pwr.o
LOAD ./Drivers/STM32H7xx_HAL_Driver/Src/stm32h7xx_hal_pwr_ex.o
LOAD ./Drivers/STM32H7xx_HAL_Driver/Src/stm32h7xx_hal_rcc.o
LOAD ./Drivers/STM32H7xx_HAL_Driver/Src/stm32h7xx_hal_rcc_ex.o
LOAD ./Drivers/STM32H7xx_HAL_Driver/Src/stm32h7xx_hal_tim.o
LOAD ./Drivers/STM32H7xx_HAL_Driver/Src/stm32h7xx_hal_tim_ex.o
LOAD ./Src/debug.o
LOAD ./Src/gpio.o
LOAD ./Src/main.o
LOAD ./Src/stm32h7xx_hal_msp.o
LOAD ./Src/stm32h7xx_it.o
LOAD ./Src/syscalls.o
LOAD ./Src/sysmem.o
LOAD ./Src/system_stm32h7xx.o
LOAD ./Startup/startup_stm32h743vitx.o
START GROUP
LOAD e:/stm32cubeide_1.7.0/stm32cubeide/plugins/com.st.stm32cube.ide.mcu.externaltools.gnu-tools-for-stm32.9-2020-q2-update.win32_2.0.0.202105311346/tools/bin/../lib/gcc/arm-none-eabi/9.3.1/../../../../arm-none-eabi/lib/thumb/v7e-m+dp/hard\libc_nano.a
LOAD e:/stm32cubeide_1.7.0/stm32cubeide/plugins/com.st.stm32cube.ide.mcu.externaltools.gnu-tools-for-stm32.9-2020-q2-update.win32_2.0.0.202105311346/tools/bin/../lib/gcc/arm-none-eabi/9.3.1/../../../../arm-none-eabi/lib/thumb/v7e-m+dp/hard\libm.a
END GROUP
START GROUP
LOAD e:/stm32cubeide_1.7.0/stm32cubeide/plugins/com.st.stm32cube.ide.mcu.externaltools.gnu-tools-for-stm32.9-2020-q2-update.win32_2.0.0.202105311346/tools/bin/../lib/gcc/arm-none-eabi/9.3.1/thumb/v7e-m+dp/hard\libgcc.a
LOAD e:/stm32cubeide_1.7.0/stm32cubeide/plugins/com.st.stm32cube.ide.mcu.externaltools.gnu-tools-for-stm32.9-2020-q2-update.win32_2.0.0.202105311346/tools/bin/../lib/gcc/arm-none-eabi/9.3.1/../../../../arm-none-eabi/lib/thumb/v7e-m+dp/hard\libc_nano.a
END GROUP
START GROUP
LOAD e:/stm32cubeide_1.7.0/stm32cubeide/plugins/com.st.stm32cube.ide.mcu.externaltools.gnu-tools-for-stm32.9-2020-q2-update.win32_2.0.0.202105311346/tools/bin/../lib/gcc/arm-none-eabi/9.3.1/thumb/v7e-m+dp/hard\libgcc.a
LOAD e:/stm32cubeide_1.7.0/stm32cubeide/plugins/com.st.stm32cube.ide.mcu.externaltools.gnu-tools-for-stm32.9-2020-q2-update.win32_2.0.0.202105311346/tools/bin/../lib/gcc/arm-none-eabi/9.3.1/../../../../arm-none-eabi/lib/thumb/v7e-m+dp/hard\libc_nano.a
LOAD e:/stm32cubeide_1.7.0/stm32cubeide/plugins/com.st.stm32cube.ide.mcu.externaltools.gnu-tools-for-stm32.9-2020-q2-update.win32_2.0.0.202105311346/tools/bin/../lib/gcc/arm-none-eabi/9.3.1/../../../../arm-none-eabi/lib/thumb/v7e-m+dp/hard\libnosys.a
END GROUP
START GROUP
LOAD e:/stm32cubeide_1.7.0/stm32cubeide/plugins/com.st.stm32cube.ide.mcu.externaltools.gnu-tools-for-stm32.9-2020-q2-update.win32_2.0.0.202105311346/tools/bin/../lib/gcc/arm-none-eabi/9.3.1/thumb/v7e-m+dp/hard\libgcc.a
LOAD e:/stm32cubeide_1.7.0/stm32cubeide/plugins/com.st.stm32cube.ide.mcu.externaltools.gnu-tools-for-stm32.9-2020-q2-update.win32_2.0.0.202105311346/tools/bin/../lib/gcc/arm-none-eabi/9.3.1/../../../../arm-none-eabi/lib/thumb/v7e-m+dp/hard\libc_nano.a
LOAD e:/stm32cubeide_1.7.0/stm32cubeide/plugins/com.st.stm32cube.ide.mcu.externaltools.gnu-tools-for-stm32.9-2020-q2-update.win32_2.0.0.202105311346/tools/bin/../lib/gcc/arm-none-eabi/9.3.1/../../../../arm-none-eabi/lib/thumb/v7e-m+dp/hard\libnosys.a
END GROUP
LOAD e:/stm32cubeide_1.7.0/stm32cubeide/plugins/com.st.stm32cube.ide.mcu.externaltools.gnu-tools-for-stm32.9-2020-q2-update.win32_2.0.0.202105311346/tools/bin/../lib/gcc/arm-none-eabi/9.3.1/thumb/v7e-m+dp/hard/crtend.o
LOAD e:/stm32cubeide_1.7.0/stm32cubeide/plugins/com.st.stm32cube.ide.mcu.externaltools.gnu-tools-for-stm32.9-2020-q2-update.win32_2.0.0.202105311346/tools/bin/../lib/gcc/arm-none-eabi/9.3.1/thumb/v7e-m+dp/hard/crtn.o
                0x0000000024080000                _estack = (ORIGIN (RAM_D1) + LENGTH (RAM_D1))
                0x0000000000000200                _Min_Heap_Size = 0x200
                0x0000000000000400                _Min_Stack_Size = 0x400

.isr_vector     0x0000000008000000      0x298
                0x0000000008000000                . = ALIGN (0x4)
 *(.isr_vector)
 .isr_vector    0x0000000008000000      0x298 ./Startup/startup_stm32h743vitx.o
                0x0000000008000000                g_pfnVectors
                0x0000000008000298                . = ALIGN (0x4)

.text           0x0000000008000298     0x2418
                0x0000000008000298                . = ALIGN (0x4)
 *(.text)
 .text          0x0000000008000298       0x40 e:/stm32cubeide_1.7.0/stm32cubeide/plugins/com.st.stm32cube.ide.mcu.externaltools.gnu-tools-for-stm32.9-2020-q2-update.win32_2.0.0.202105311346/tools/bin/../lib/gcc/arm-none-eabi/9.3.1/thumb/v7e-m+dp/hard/crtbegin.o
 *(.text*)
 .text.HAL_Init
                0x00000000080002d8       0x78 ./Drivers/STM32H7xx_HAL_Driver/Src/stm32h7xx_hal.o
                0x00000000080002d8                HAL_Init
 .text.HAL_InitTick
                0x0000000008000350       0x6c ./Drivers/STM32H7xx_HAL_Driver/Src/stm32h7xx_hal.o
                0x0000000008000350                HAL_InitTick
 .text.HAL_IncTick
                0x00000000080003bc       0x28 ./Drivers/STM32H7xx_HAL_Driver/Src/stm32h7xx_hal.o
                0x00000000080003bc                HAL_IncTick
 .text.HAL_GetTick
                0x00000000080003e4       0x18 ./Drivers/STM32H7xx_HAL_Driver/Src/stm32h7xx_hal.o
                0x00000000080003e4                HAL_GetTick
 .text.HAL_Delay
                0x00000000080003fc       0x48 ./Drivers/STM32H7xx_HAL_Driver/Src/stm32h7xx_hal.o
                0x00000000080003fc                HAL_Delay
 .text.HAL_GetREVID
                0x0000000008000444       0x18 ./Drivers/STM32H7xx_HAL_Driver/Src/stm32h7xx_hal.o
                0x0000000008000444                HAL_GetREVID
 .text.__NVIC_SetPriorityGrouping
                0x000000000800045c       0x48 ./Drivers/STM32H7xx_HAL_Driver/Src/stm32h7xx_hal_cortex.o
 .text.__NVIC_GetPriorityGrouping
                0x00000000080004a4       0x1c ./Drivers/STM32H7xx_HAL_Driver/Src/stm32h7xx_hal_cortex.o
 .text.__NVIC_SetPriority
                0x00000000080004c0       0x54 ./Drivers/STM32H7xx_HAL_Driver/Src/stm32h7xx_hal_cortex.o
 .text.NVIC_EncodePriority
                0x0000000008000514       0x66 ./Drivers/STM32H7xx_HAL_Driver/Src/stm32h7xx_hal_cortex.o
 *fill*         0x000000000800057a        0x2 
 .text.SysTick_Config
                0x000000000800057c       0x44 ./Drivers/STM32H7xx_HAL_Driver/Src/stm32h7xx_hal_cortex.o
 .text.HAL_NVIC_SetPriorityGrouping
                0x00000000080005c0       0x16 ./Drivers/STM32H7xx_HAL_Driver/Src/stm32h7xx_hal_cortex.o
                0x00000000080005c0                HAL_NVIC_SetPriorityGrouping
 .text.HAL_NVIC_SetPriority
                0x00000000080005d6       0x34 ./Drivers/STM32H7xx_HAL_Driver/Src/stm32h7xx_hal_cortex.o
                0x00000000080005d6                HAL_NVIC_SetPriority
 .text.HAL_SYSTICK_Config
                0x000000000800060a       0x18 ./Drivers/STM32H7xx_HAL_Driver/Src/stm32h7xx_hal_cortex.o
                0x000000000800060a                HAL_SYSTICK_Config
 *fill*         0x0000000008000622        0x2 
 .text.HAL_FLASH_Program
                0x0000000008000624      0x124 ./Drivers/STM32H7xx_HAL_Driver/Src/stm32h7xx_hal_flash.o
                0x0000000008000624                HAL_FLASH_Program
 .text.HAL_FLASH_Unlock
                0x0000000008000748       0x74 ./Drivers/STM32H7xx_HAL_Driver/Src/stm32h7xx_hal_flash.o
                0x0000000008000748                HAL_FLASH_Unlock
 .text.HAL_FLASH_Lock
                0x00000000080007bc       0x54 ./Drivers/STM32H7xx_HAL_Driver/Src/stm32h7xx_hal_flash.o
                0x00000000080007bc                HAL_FLASH_Lock
 .text.FLASH_WaitForLastOperation
                0x0000000008000810      0x12c ./Drivers/STM32H7xx_HAL_Driver/Src/stm32h7xx_hal_flash.o
                0x0000000008000810                FLASH_WaitForLastOperation
 .text.HAL_FLASHEx_Erase
                0x000000000800093c      0x194 ./Drivers/STM32H7xx_HAL_Driver/Src/stm32h7xx_hal_flash_ex.o
                0x000000000800093c                HAL_FLASHEx_Erase
 .text.FLASH_MassErase
                0x0000000008000ad0       0xd4 ./Drivers/STM32H7xx_HAL_Driver/Src/stm32h7xx_hal_flash_ex.o
 .text.FLASH_Erase_Sector
                0x0000000008000ba4       0x7c ./Drivers/STM32H7xx_HAL_Driver/Src/stm32h7xx_hal_flash_ex.o
                0x0000000008000ba4                FLASH_Erase_Sector
 .text.HAL_GPIO_Init
                0x0000000008000c20      0x360 ./Drivers/STM32H7xx_HAL_Driver/Src/stm32h7xx_hal_gpio.o
                0x0000000008000c20                HAL_GPIO_Init
 .text.HAL_GPIO_WritePin
                0x0000000008000f80       0x32 ./Drivers/STM32H7xx_HAL_Driver/Src/stm32h7xx_hal_gpio.o
                0x0000000008000f80                HAL_GPIO_WritePin
 *fill*         0x0000000008000fb2        0x2 
 .text.HAL_PWREx_ConfigSupply
                0x0000000008000fb4       0x74 ./Drivers/STM32H7xx_HAL_Driver/Src/stm32h7xx_hal_pwr_ex.o
                0x0000000008000fb4                HAL_PWREx_ConfigSupply
 .text.HAL_RCC_OscConfig
                0x0000000008001028      0x820 ./Drivers/STM32H7xx_HAL_Driver/Src/stm32h7xx_hal_rcc.o
                0x0000000008001028                HAL_RCC_OscConfig
 .text.HAL_RCC_ClockConfig
                0x0000000008001848      0x36c ./Drivers/STM32H7xx_HAL_Driver/Src/stm32h7xx_hal_rcc.o
                0x0000000008001848                HAL_RCC_ClockConfig
 .text.HAL_RCC_GetSysClockFreq
                0x0000000008001bb4      0x2f4 ./Drivers/STM32H7xx_HAL_Driver/Src/stm32h7xx_hal_rcc.o
                0x0000000008001bb4                HAL_RCC_GetSysClockFreq
 .text.MX_GPIO_Init
                0x0000000008001ea8       0xa8 ./Src/gpio.o
                0x0000000008001ea8                MX_GPIO_Init
 .text.SCB_EnableICache
                0x0000000008001f50       0x4c ./Src/main.o
 .text.SCB_EnableDCache
                0x0000000008001f9c       0x88 ./Src/main.o
 .text.CPU_CACHE_Enable
                0x0000000008002024       0x10 ./Src/main.o
 .text.LED_Blink
                0x0000000008002034       0x40 ./Src/main.o
                0x0000000008002034                LED_Blink
 .text.main     0x0000000008002074      0x190 ./Src/main.o
                0x0000000008002074                main
 .text.SystemClock_Config
                0x0000000008002204       0xf8 ./Src/main.o
                0x0000000008002204                SystemClock_Config
 .text.GetSector
                0x00000000080022fc      0x18c ./Src/main.o
 .text.Error_Handler
                0x0000000008002488        0xe ./Src/main.o
                0x0000000008002488                Error_Handler
 *fill*         0x0000000008002496        0x2 
 .text.HAL_MspInit
                0x0000000008002498       0x34 ./Src/stm32h7xx_hal_msp.o
                0x0000000008002498                HAL_MspInit
 .text.NMI_Handler
                0x00000000080024cc        0xe ./Src/stm32h7xx_it.o
                0x00000000080024cc                NMI_Handler
 .text.HardFault_Handler
                0x00000000080024da        0x6 ./Src/stm32h7xx_it.o
                0x00000000080024da                HardFault_Handler
 .text.MemManage_Handler
                0x00000000080024e0        0x6 ./Src/stm32h7xx_it.o
                0x00000000080024e0                MemManage_Handler
 .text.BusFault_Handler
                0x00000000080024e6        0x6 ./Src/stm32h7xx_it.o
                0x00000000080024e6                BusFault_Handler
 .text.UsageFault_Handler
                0x00000000080024ec        0x6 ./Src/stm32h7xx_it.o
                0x00000000080024ec                UsageFault_Handler
 .text.SVC_Handler
                0x00000000080024f2        0xe ./Src/stm32h7xx_it.o
                0x00000000080024f2                SVC_Handler
 .text.DebugMon_Handler
                0x0000000008002500        0xe ./Src/stm32h7xx_it.o
                0x0000000008002500                DebugMon_Handler
 .text.PendSV_Handler
                0x000000000800250e        0xe ./Src/stm32h7xx_it.o
                0x000000000800250e                PendSV_Handler
 .text.SysTick_Handler
                0x000000000800251c        0xc ./Src/stm32h7xx_it.o
                0x000000000800251c                SysTick_Handler
 .text.SystemInit
                0x0000000008002528       0xc4 ./Src/system_stm32h7xx.o
                0x0000000008002528                SystemInit
 .text.Reset_Handler
                0x00000000080025ec       0x50 ./Startup/startup_stm32h743vitx.o
                0x00000000080025ec                Reset_Handler
 .text.Default_Handler
                0x000000000800263c        0x2 ./Startup/startup_stm32h743vitx.o
                0x000000000800263c                RTC_Alarm_IRQHandler
                0x000000000800263c                EXTI2_IRQHandler
                0x000000000800263c                TIM8_CC_IRQHandler
                0x000000000800263c                HRTIM1_Master_IRQHandler
                0x000000000800263c                UART8_IRQHandler
                0x000000000800263c                SPI4_IRQHandler
                0x000000000800263c                TIM1_CC_IRQHandler
                0x000000000800263c                BDMA_Channel6_IRQHandler
                0x000000000800263c                DMA2_Stream5_IRQHandler
                0x000000000800263c                HRTIM1_FLT_IRQHandler
                0x000000000800263c                JPEG_IRQHandler
                0x000000000800263c                DMA1_Stream5_IRQHandler
                0x000000000800263c                BDMA_Channel1_IRQHandler
                0x000000000800263c                HRTIM1_TIMD_IRQHandler
                0x000000000800263c                TAMP_STAMP_IRQHandler
                0x000000000800263c                EXTI3_IRQHandler
                0x000000000800263c                LPTIM4_IRQHandler
                0x000000000800263c                TIM8_TRG_COM_TIM14_IRQHandler
                0x000000000800263c                LPTIM2_IRQHandler
                0x000000000800263c                DFSDM1_FLT1_IRQHandler
                0x000000000800263c                DMAMUX2_OVR_IRQHandler
                0x000000000800263c                TIM8_UP_TIM13_IRQHandler
                0x000000000800263c                I2C3_ER_IRQHandler
                0x000000000800263c                DFSDM1_FLT2_IRQHandler
                0x000000000800263c                MDMA_IRQHandler
                0x000000000800263c                LPTIM3_IRQHandler
                0x000000000800263c                HSEM1_IRQHandler
                0x000000000800263c                EXTI0_IRQHandler
                0x000000000800263c                I2C2_EV_IRQHandler
                0x000000000800263c                DMA1_Stream2_IRQHandler
                0x000000000800263c                FPU_IRQHandler
                0x000000000800263c                OTG_HS_WKUP_IRQHandler
                0x000000000800263c                FDCAN1_IT1_IRQHandler
                0x000000000800263c                LTDC_ER_IRQHandler
                0x000000000800263c                DMA2_Stream2_IRQHandler
                0x000000000800263c                HRTIM1_TIME_IRQHandler
                0x000000000800263c                SPI1_IRQHandler
                0x000000000800263c                TIM6_DAC_IRQHandler
                0x000000000800263c                DCMI_IRQHandler
                0x000000000800263c                HRTIM1_TIMC_IRQHandler
                0x000000000800263c                DMA2_Stream3_IRQHandler
                0x000000000800263c                SAI2_IRQHandler
                0x000000000800263c                DFSDM1_FLT3_IRQHandler
                0x000000000800263c                USART6_IRQHandler
                0x000000000800263c                TIM17_IRQHandler
                0x000000000800263c                USART3_IRQHandler
                0x000000000800263c                BDMA_Channel7_IRQHandler
                0x000000000800263c                LPTIM5_IRQHandler
                0x000000000800263c                UART5_IRQHandler
                0x000000000800263c                ADC3_IRQHandler
                0x000000000800263c                DMA2_Stream0_IRQHandler
                0x000000000800263c                TIM4_IRQHandler
                0x000000000800263c                BDMA_Channel2_IRQHandler
                0x000000000800263c                QUADSPI_IRQHandler
                0x000000000800263c                I2C1_EV_IRQHandler
                0x000000000800263c                DMA1_Stream6_IRQHandler
                0x000000000800263c                DMAMUX1_OVR_IRQHandler
                0x000000000800263c                DMA1_Stream1_IRQHandler
                0x000000000800263c                TIM16_IRQHandler
                0x000000000800263c                UART4_IRQHandler
                0x000000000800263c                BDMA_Channel5_IRQHandler
                0x000000000800263c                TIM3_IRQHandler
                0x000000000800263c                RCC_IRQHandler
                0x000000000800263c                TIM8_BRK_TIM12_IRQHandler
                0x000000000800263c                TIM1_TRG_COM_IRQHandler
                0x000000000800263c                Default_Handler
                0x000000000800263c                ECC_IRQHandler
                0x000000000800263c                CEC_IRQHandler
                0x000000000800263c                EXTI15_10_IRQHandler
                0x000000000800263c                BDMA_Channel0_IRQHandler
                0x000000000800263c                ADC_IRQHandler
                0x000000000800263c                DMA1_Stream7_IRQHandler
                0x000000000800263c                HRTIM1_TIMA_IRQHandler
                0x000000000800263c                SPI5_IRQHandler
                0x000000000800263c                TIM7_IRQHandler
                0x000000000800263c                SDMMC1_IRQHandler
                0x000000000800263c                TIM5_IRQHandler
                0x000000000800263c                DMA2_Stream7_IRQHandler
                0x000000000800263c                TIM15_IRQHandler
                0x000000000800263c                PVD_AVD_IRQHandler
                0x000000000800263c                I2C3_EV_IRQHandler
                0x000000000800263c                EXTI9_5_IRQHandler
                0x000000000800263c                RTC_WKUP_IRQHandler
                0x000000000800263c                LTDC_IRQHandler
                0x000000000800263c                SAI3_IRQHandler
                0x000000000800263c                ETH_WKUP_IRQHandler
                0x000000000800263c                SPDIF_RX_IRQHandler
                0x000000000800263c                SPI2_IRQHandler
                0x000000000800263c                OTG_HS_EP1_IN_IRQHandler
                0x000000000800263c                DMA1_Stream0_IRQHandler
                0x000000000800263c                CRS_IRQHandler
                0x000000000800263c                EXTI4_IRQHandler
                0x000000000800263c                RNG_IRQHandler
                0x000000000800263c                HRTIM1_TIMB_IRQHandler
                0x000000000800263c                FDCAN2_IT1_IRQHandler
                0x000000000800263c                ETH_IRQHandler
                0x000000000800263c                TIM1_UP_IRQHandler
                0x000000000800263c                BDMA_Channel4_IRQHandler
                0x000000000800263c                OTG_HS_EP1_OUT_IRQHandler
                0x000000000800263c                WWDG_IRQHandler
                0x000000000800263c                SPI6_IRQHandler
                0x000000000800263c                MDIOS_IRQHandler
                0x000000000800263c                I2C4_EV_IRQHandler
                0x000000000800263c                FDCAN2_IT0_IRQHandler
                0x000000000800263c                LPUART1_IRQHandler
                0x000000000800263c                FDCAN1_IT0_IRQHandler
                0x000000000800263c                TIM2_IRQHandler
                0x000000000800263c                OTG_FS_WKUP_IRQHandler
                0x000000000800263c                OTG_HS_IRQHandler
                0x000000000800263c                DMA2D_IRQHandler
                0x000000000800263c                TIM1_BRK_IRQHandler
                0x000000000800263c                EXTI1_IRQHandler
                0x000000000800263c                SDMMC2_IRQHandler
                0x000000000800263c                OTG_FS_EP1_OUT_IRQHandler
                0x000000000800263c                BDMA_Channel3_IRQHandler
                0x000000000800263c                UART7_IRQHandler
                0x000000000800263c                MDIOS_WKUP_IRQHandler
                0x000000000800263c                USART2_IRQHandler
                0x000000000800263c                DFSDM1_FLT0_IRQHandler
                0x000000000800263c                SAI4_IRQHandler
                0x000000000800263c                I2C2_ER_IRQHandler
                0x000000000800263c                DMA2_Stream1_IRQHandler
                0x000000000800263c                FLASH_IRQHandler
                0x000000000800263c                DMA2_Stream4_IRQHandler
                0x000000000800263c                USART1_IRQHandler
                0x000000000800263c                OTG_FS_IRQHandler
                0x000000000800263c                SPI3_IRQHandler
                0x000000000800263c                WAKEUP_PIN_IRQHandler
                0x000000000800263c                DMA1_Stream4_IRQHandler
                0x000000000800263c                OTG_FS_EP1_IN_IRQHandler
                0x000000000800263c                I2C1_ER_IRQHandler
                0x000000000800263c                FMC_IRQHandler
                0x000000000800263c                FDCAN_CAL_IRQHandler
                0x000000000800263c                SWPMI1_IRQHandler
                0x000000000800263c                COMP1_IRQHandler
                0x000000000800263c                LPTIM1_IRQHandler
                0x000000000800263c                I2C4_ER_IRQHandler
                0x000000000800263c                DMA2_Stream6_IRQHandler
                0x000000000800263c                SAI1_IRQHandler
                0x000000000800263c                DMA1_Stream3_IRQHandler
 *fill*         0x000000000800263e        0x2 
 .text.__libc_init_array
                0x0000000008002640       0x48 e:/stm32cubeide_1.7.0/stm32cubeide/plugins/com.st.stm32cube.ide.mcu.externaltools.gnu-tools-for-stm32.9-2020-q2-update.win32_2.0.0.202105311346/tools/bin/../lib/gcc/arm-none-eabi/9.3.1/../../../../arm-none-eabi/lib/thumb/v7e-m+dp/hard\libc_nano.a(lib_a-init.o)
                0x0000000008002640                __libc_init_array
 .text.memset   0x0000000008002688       0x10 e:/stm32cubeide_1.7.0/stm32cubeide/plugins/com.st.stm32cube.ide.mcu.externaltools.gnu-tools-for-stm32.9-2020-q2-update.win32_2.0.0.202105311346/tools/bin/../lib/gcc/arm-none-eabi/9.3.1/../../../../arm-none-eabi/lib/thumb/v7e-m+dp/hard\libc_nano.a(lib_a-memset.o)
                0x0000000008002688                memset
 *(.glue_7)
 .glue_7        0x0000000008002698        0x0 linker stubs
 *(.glue_7t)
 .glue_7t       0x0000000008002698        0x0 linker stubs
 *(.eh_frame)
 .eh_frame      0x0000000008002698        0x0 e:/stm32cubeide_1.7.0/stm32cubeide/plugins/com.st.stm32cube.ide.mcu.externaltools.gnu-tools-for-stm32.9-2020-q2-update.win32_2.0.0.202105311346/tools/bin/../lib/gcc/arm-none-eabi/9.3.1/thumb/v7e-m+dp/hard/crtbegin.o
 *(.init)
 .init          0x0000000008002698        0x4 e:/stm32cubeide_1.7.0/stm32cubeide/plugins/com.st.stm32cube.ide.mcu.externaltools.gnu-tools-for-stm32.9-2020-q2-update.win32_2.0.0.202105311346/tools/bin/../lib/gcc/arm-none-eabi/9.3.1/thumb/v7e-m+dp/hard/crti.o
                0x0000000008002698                _init
 .init          0x000000000800269c        0x8 e:/stm32cubeide_1.7.0/stm32cubeide/plugins/com.st.stm32cube.ide.mcu.externaltools.gnu-tools-for-stm32.9-2020-q2-update.win32_2.0.0.202105311346/tools/bin/../lib/gcc/arm-none-eabi/9.3.1/thumb/v7e-m+dp/hard/crtn.o
 *(.fini)
 .fini          0x00000000080026a4        0x4 e:/stm32cubeide_1.7.0/stm32cubeide/plugins/com.st.stm32cube.ide.mcu.externaltools.gnu-tools-for-stm32.9-2020-q2-update.win32_2.0.0.202105311346/tools/bin/../lib/gcc/arm-none-eabi/9.3.1/thumb/v7e-m+dp/hard/crti.o
                0x00000000080026a4                _fini
 .fini          0x00000000080026a8        0x8 e:/stm32cubeide_1.7.0/stm32cubeide/plugins/com.st.stm32cube.ide.mcu.externaltools.gnu-tools-for-stm32.9-2020-q2-update.win32_2.0.0.202105311346/tools/bin/../lib/gcc/arm-none-eabi/9.3.1/thumb/v7e-m+dp/hard/crtn.o
                0x00000000080026b0                . = ALIGN (0x4)
                0x00000000080026b0                _etext = .

.vfp11_veneer   0x00000000080026b0        0x0
 .vfp11_veneer  0x00000000080026b0        0x0 linker stubs

.v4_bx          0x00000000080026b0        0x0
 .v4_bx         0x00000000080026b0        0x0 linker stubs

.iplt           0x00000000080026b0        0x0
 .iplt          0x00000000080026b0        0x0 e:/stm32cubeide_1.7.0/stm32cubeide/plugins/com.st.stm32cube.ide.mcu.externaltools.gnu-tools-for-stm32.9-2020-q2-update.win32_2.0.0.202105311346/tools/bin/../lib/gcc/arm-none-eabi/9.3.1/thumb/v7e-m+dp/hard/crtbegin.o

.rodata         0x00000000080026b0       0x10
                0x00000000080026b0                . = ALIGN (0x4)
 *(.rodata)
 *(.rodata*)
 .rodata.D1CorePrescTable
                0x00000000080026b0       0x10 ./Src/system_stm32h7xx.o
                0x00000000080026b0                D1CorePrescTable
                0x00000000080026c0                . = ALIGN (0x4)

.rel.dyn        0x00000000080026c0        0x0
 .rel.iplt      0x00000000080026c0        0x0 e:/stm32cubeide_1.7.0/stm32cubeide/plugins/com.st.stm32cube.ide.mcu.externaltools.gnu-tools-for-stm32.9-2020-q2-update.win32_2.0.0.202105311346/tools/bin/../lib/gcc/arm-none-eabi/9.3.1/thumb/v7e-m+dp/hard/crtbegin.o

.ARM.extab
 *(.ARM.extab* .gnu.linkonce.armextab.*)

.ARM            0x00000000080026c0        0x0
                0x00000000080026c0                __exidx_start = .
 *(.ARM.exidx*)
                0x00000000080026c0                __exidx_end = .

.preinit_array  0x00000000080026c0        0x0
                0x00000000080026c0                PROVIDE (__preinit_array_start = .)
 *(.preinit_array*)
                0x00000000080026c0                PROVIDE (__preinit_array_end = .)

.init_array     0x00000000080026c0        0x4
                0x00000000080026c0                PROVIDE (__init_array_start = .)
 *(SORT_BY_NAME(.init_array.*))
 *(.init_array*)
 .init_array    0x00000000080026c0        0x4 e:/stm32cubeide_1.7.0/stm32cubeide/plugins/com.st.stm32cube.ide.mcu.externaltools.gnu-tools-for-stm32.9-2020-q2-update.win32_2.0.0.202105311346/tools/bin/../lib/gcc/arm-none-eabi/9.3.1/thumb/v7e-m+dp/hard/crtbegin.o
                0x00000000080026c4                PROVIDE (__init_array_end = .)

.fini_array     0x00000000080026c4        0x4
                [!provide]                        PROVIDE (__fini_array_start = .)
 *(SORT_BY_NAME(.fini_array.*))
 *(.fini_array*)
 .fini_array    0x00000000080026c4        0x4 e:/stm32cubeide_1.7.0/stm32cubeide/plugins/com.st.stm32cube.ide.mcu.externaltools.gnu-tools-for-stm32.9-2020-q2-update.win32_2.0.0.202105311346/tools/bin/../lib/gcc/arm-none-eabi/9.3.1/thumb/v7e-m+dp/hard/crtbegin.o
                [!provide]                        PROVIDE (__fini_array_end = .)
                0x00000000080026c8                _sidata = LOADADDR (.data)

.data           0x0000000024000000       0x30 load address 0x00000000080026c8
                0x0000000024000000                . = ALIGN (0x4)
                0x0000000024000000                _sdata = .
 *(.data)
 *(.data*)
 .data.uwTickPrio
                0x0000000024000000        0x4 ./Drivers/STM32H7xx_HAL_Driver/Src/stm32h7xx_hal.o
                0x0000000024000000                uwTickPrio
 .data.uwTickFreq
                0x0000000024000004        0x1 ./Drivers/STM32H7xx_HAL_Driver/Src/stm32h7xx_hal.o
                0x0000000024000004                uwTickFreq
 *fill*         0x0000000024000005        0x3 
 .data.FlashWord
                0x0000000024000008       0x20 ./Src/main.o
                0x0000000024000008                FlashWord
 .data.SystemCoreClock
                0x0000000024000028        0x4 ./Src/system_stm32h7xx.o
                0x0000000024000028                SystemCoreClock
 .data.SystemD2Clock
                0x000000002400002c        0x4 ./Src/system_stm32h7xx.o
                0x000000002400002c                SystemD2Clock
 *(.RamFunc)
 *(.RamFunc*)
                0x0000000024000030                . = ALIGN (0x4)
                0x0000000024000030                _edata = .

.igot.plt       0x0000000024000030        0x0 load address 0x00000000080026f8
 .igot.plt      0x0000000024000030        0x0 e:/stm32cubeide_1.7.0/stm32cubeide/plugins/com.st.stm32cube.ide.mcu.externaltools.gnu-tools-for-stm32.9-2020-q2-update.win32_2.0.0.202105311346/tools/bin/../lib/gcc/arm-none-eabi/9.3.1/thumb/v7e-m+dp/hard/crtbegin.o
                0x0000000024000030                . = ALIGN (0x4)

.bss            0x0000000024000030       0x74 load address 0x00000000080026f8
                0x0000000024000030                _sbss = .
                0x0000000024000030                __bss_start__ = _sbss
 *(.bss)
 .bss           0x0000000024000030       0x1c e:/stm32cubeide_1.7.0/stm32cubeide/plugins/com.st.stm32cube.ide.mcu.externaltools.gnu-tools-for-stm32.9-2020-q2-update.win32_2.0.0.202105311346/tools/bin/../lib/gcc/arm-none-eabi/9.3.1/thumb/v7e-m+dp/hard/crtbegin.o
 *(.bss*)
 .bss.FirstSector
                0x000000002400004c        0x4 ./Src/main.o
                0x000000002400004c                FirstSector
 .bss.NbOfSectors
                0x0000000024000050        0x4 ./Src/main.o
                0x0000000024000050                NbOfSectors
 .bss.Address   0x0000000024000054        0x4 ./Src/main.o
                0x0000000024000054                Address
 .bss.SECTORError
                0x0000000024000058        0x4 ./Src/main.o
                0x0000000024000058                SECTORError
 .bss.Index     0x000000002400005c        0x4 ./Src/main.o
                0x000000002400005c                Index
 .bss.MemoryProgramStatus
                0x0000000024000060        0x4 ./Src/main.o
                0x0000000024000060                MemoryProgramStatus
 *fill*         0x0000000024000064        0x4 
 .bss.data64    0x0000000024000068        0x8 ./Src/main.o
                0x0000000024000068                data64
 .bss.EraseInitStruct
                0x0000000024000070       0x14 ./Src/main.o
 *(COMMON)
 COMMON         0x0000000024000084        0x4 ./Drivers/STM32H7xx_HAL_Driver/Src/stm32h7xx_hal.o
                0x0000000024000084                uwTick
 COMMON         0x0000000024000088       0x1c ./Drivers/STM32H7xx_HAL_Driver/Src/stm32h7xx_hal_flash.o
                0x0000000024000088                pFlash
                0x00000000240000a4                . = ALIGN (0x4)
                0x00000000240000a4                _ebss = .
                0x00000000240000a4                __bss_end__ = _ebss

._user_heap_stack
                0x00000000240000a4      0x604 load address 0x00000000080026f8
                0x00000000240000a8                . = ALIGN (0x8)
 *fill*         0x00000000240000a4        0x4 
                [!provide]                        PROVIDE (end = .)
                0x00000000240000a8                PROVIDE (_end = .)
                0x00000000240002a8                . = (. + _Min_Heap_Size)
 *fill*         0x00000000240000a8      0x200 
                0x00000000240006a8                . = (. + _Min_Stack_Size)
 *fill*         0x00000000240002a8      0x400 
                0x00000000240006a8                . = ALIGN (0x8)

/DISCARD/
 libc.a(*)
 libm.a(*)
 libgcc.a(*)

.ARM.attributes
                0x0000000000000000       0x2e
 *(.ARM.attributes)
 .ARM.attributes
                0x0000000000000000       0x1e e:/stm32cubeide_1.7.0/stm32cubeide/plugins/com.st.stm32cube.ide.mcu.externaltools.gnu-tools-for-stm32.9-2020-q2-update.win32_2.0.0.202105311346/tools/bin/../lib/gcc/arm-none-eabi/9.3.1/thumb/v7e-m+dp/hard/crti.o
 .ARM.attributes
                0x000000000000001e       0x32 e:/stm32cubeide_1.7.0/stm32cubeide/plugins/com.st.stm32cube.ide.mcu.externaltools.gnu-tools-for-stm32.9-2020-q2-update.win32_2.0.0.202105311346/tools/bin/../lib/gcc/arm-none-eabi/9.3.1/thumb/v7e-m+dp/hard/crtbegin.o
 .ARM.attributes
                0x0000000000000050       0x32 ./Drivers/STM32H7xx_HAL_Driver/Src/stm32h7xx_hal.o
 .ARM.attributes
                0x0000000000000082       0x32 ./Drivers/STM32H7xx_HAL_Driver/Src/stm32h7xx_hal_cortex.o
 .ARM.attributes
                0x00000000000000b4       0x32 ./Drivers/STM32H7xx_HAL_Driver/Src/stm32h7xx_hal_flash.o
 .ARM.attributes
                0x00000000000000e6       0x32 ./Drivers/STM32H7xx_HAL_Driver/Src/stm32h7xx_hal_flash_ex.o
 .ARM.attributes
                0x0000000000000118       0x32 ./Drivers/STM32H7xx_HAL_Driver/Src/stm32h7xx_hal_gpio.o
 .ARM.attributes
                0x000000000000014a       0x32 ./Drivers/STM32H7xx_HAL_Driver/Src/stm32h7xx_hal_pwr_ex.o
 .ARM.attributes
                0x000000000000017c       0x32 ./Drivers/STM32H7xx_HAL_Driver/Src/stm32h7xx_hal_rcc.o
 .ARM.attributes
                0x00000000000001ae       0x32 ./Src/gpio.o
 .ARM.attributes
                0x00000000000001e0       0x32 ./Src/main.o
 .ARM.attributes
                0x0000000000000212       0x32 ./Src/stm32h7xx_hal_msp.o
 .ARM.attributes
                0x0000000000000244       0x32 ./Src/stm32h7xx_it.o
 .ARM.attributes
                0x0000000000000276       0x32 ./Src/system_stm32h7xx.o
 .ARM.attributes
                0x00000000000002a8       0x21 ./Startup/startup_stm32h743vitx.o
 .ARM.attributes
                0x00000000000002c9       0x32 e:/stm32cubeide_1.7.0/stm32cubeide/plugins/com.st.stm32cube.ide.mcu.externaltools.gnu-tools-for-stm32.9-2020-q2-update.win32_2.0.0.202105311346/tools/bin/../lib/gcc/arm-none-eabi/9.3.1/../../../../arm-none-eabi/lib/thumb/v7e-m+dp/hard\libc_nano.a(lib_a-init.o)
 .ARM.attributes
                0x00000000000002fb       0x32 e:/stm32cubeide_1.7.0/stm32cubeide/plugins/com.st.stm32cube.ide.mcu.externaltools.gnu-tools-for-stm32.9-2020-q2-update.win32_2.0.0.202105311346/tools/bin/../lib/gcc/arm-none-eabi/9.3.1/../../../../arm-none-eabi/lib/thumb/v7e-m+dp/hard\libc_nano.a(lib_a-memset.o)
 .ARM.attributes
                0x000000000000032d       0x1e e:/stm32cubeide_1.7.0/stm32cubeide/plugins/com.st.stm32cube.ide.mcu.externaltools.gnu-tools-for-stm32.9-2020-q2-update.win32_2.0.0.202105311346/tools/bin/../lib/gcc/arm-none-eabi/9.3.1/thumb/v7e-m+dp/hard/crtn.o
OUTPUT(743-10.elf elf32-littlearm)
LOAD linker stubs
LOAD e:/stm32cubeide_1.7.0/stm32cubeide/plugins/com.st.stm32cube.ide.mcu.externaltools.gnu-tools-for-stm32.9-2020-q2-update.win32_2.0.0.202105311346/tools/bin/../lib/gcc/arm-none-eabi/9.3.1/../../../../arm-none-eabi/lib/thumb/v7e-m+dp/hard\libc.a
LOAD e:/stm32cubeide_1.7.0/stm32cubeide/plugins/com.st.stm32cube.ide.mcu.externaltools.gnu-tools-for-stm32.9-2020-q2-update.win32_2.0.0.202105311346/tools/bin/../lib/gcc/arm-none-eabi/9.3.1/../../../../arm-none-eabi/lib/thumb/v7e-m+dp/hard\libm.a
LOAD e:/stm32cubeide_1.7.0/stm32cubeide/plugins/com.st.stm32cube.ide.mcu.externaltools.gnu-tools-for-stm32.9-2020-q2-update.win32_2.0.0.202105311346/tools/bin/../lib/gcc/arm-none-eabi/9.3.1/thumb/v7e-m+dp/hard\libgcc.a

.debug_info     0x0000000000000000    0x107cc
 .debug_info    0x0000000000000000     0x1faa ./Drivers/STM32H7xx_HAL_Driver/Src/stm32h7xx_hal.o
 .debug_info    0x0000000000001faa     0x1bd4 ./Drivers/STM32H7xx_HAL_Driver/Src/stm32h7xx_hal_cortex.o
 .debug_info    0x0000000000003b7e     0x1259 ./Drivers/STM32H7xx_HAL_Driver/Src/stm32h7xx_hal_flash.o
 .debug_info    0x0000000000004dd7     0x16b5 ./Drivers/STM32H7xx_HAL_Driver/Src/stm32h7xx_hal_flash_ex.o
 .debug_info    0x000000000000648c     0x17af ./Drivers/STM32H7xx_HAL_Driver/Src/stm32h7xx_hal_gpio.o
 .debug_info    0x0000000000007c3b     0x1a6c ./Drivers/STM32H7xx_HAL_Driver/Src/stm32h7xx_hal_pwr_ex.o
 .debug_info    0x00000000000096a7     0x192a ./Drivers/STM32H7xx_HAL_Driver/Src/stm32h7xx_hal_rcc.o
 .debug_info    0x000000000000afd1     0x10b9 ./Src/gpio.o
 .debug_info    0x000000000000c08a     0x179b ./Src/main.o
 .debug_info    0x000000000000d825      0xf3b ./Src/stm32h7xx_hal_msp.o
 .debug_info    0x000000000000e760      0xbe2 ./Src/stm32h7xx_it.o
 .debug_info    0x000000000000f342     0x1468 ./Src/system_stm32h7xx.o
 .debug_info    0x00000000000107aa       0x22 ./Startup/startup_stm32h743vitx.o

.debug_abbrev   0x0000000000000000     0x2234
 .debug_abbrev  0x0000000000000000      0x31b ./Drivers/STM32H7xx_HAL_Driver/Src/stm32h7xx_hal.o
 .debug_abbrev  0x000000000000031b      0x409 ./Drivers/STM32H7xx_HAL_Driver/Src/stm32h7xx_hal_cortex.o
 .debug_abbrev  0x0000000000000724      0x30b ./Drivers/STM32H7xx_HAL_Driver/Src/stm32h7xx_hal_flash.o
 .debug_abbrev  0x0000000000000a2f      0x30e ./Drivers/STM32H7xx_HAL_Driver/Src/stm32h7xx_hal_flash_ex.o
 .debug_abbrev  0x0000000000000d3d      0x2cb ./Drivers/STM32H7xx_HAL_Driver/Src/stm32h7xx_hal_gpio.o
 .debug_abbrev  0x0000000000001008      0x350 ./Drivers/STM32H7xx_HAL_Driver/Src/stm32h7xx_hal_pwr_ex.o
 .debug_abbrev  0x0000000000001358      0x322 ./Drivers/STM32H7xx_HAL_Driver/Src/stm32h7xx_hal_rcc.o
 .debug_abbrev  0x000000000000167a      0x229 ./Src/gpio.o
 .debug_abbrev  0x00000000000018a3      0x330 ./Src/main.o
 .debug_abbrev  0x0000000000001bd3      0x20f ./Src/stm32h7xx_hal_msp.o
 .debug_abbrev  0x0000000000001de2      0x1ef ./Src/stm32h7xx_it.o
 .debug_abbrev  0x0000000000001fd1      0x251 ./Src/system_stm32h7xx.o
 .debug_abbrev  0x0000000000002222       0x12 ./Startup/startup_stm32h743vitx.o

.debug_aranges  0x0000000000000000      0x7d8
 .debug_aranges
                0x0000000000000000      0x1b8 ./Drivers/STM32H7xx_HAL_Driver/Src/stm32h7xx_hal.o
 .debug_aranges
                0x00000000000001b8      0x120 ./Drivers/STM32H7xx_HAL_Driver/Src/stm32h7xx_hal_cortex.o
 .debug_aranges
                0x00000000000002d8       0x88 ./Drivers/STM32H7xx_HAL_Driver/Src/stm32h7xx_hal_flash.o
 .debug_aranges
                0x0000000000000360       0xf8 ./Drivers/STM32H7xx_HAL_Driver/Src/stm32h7xx_hal_flash_ex.o
 .debug_aranges
                0x0000000000000458       0x58 ./Drivers/STM32H7xx_HAL_Driver/Src/stm32h7xx_hal_gpio.o
 .debug_aranges
                0x00000000000004b0      0x158 ./Drivers/STM32H7xx_HAL_Driver/Src/stm32h7xx_hal_pwr_ex.o
 .debug_aranges
                0x0000000000000608       0x88 ./Drivers/STM32H7xx_HAL_Driver/Src/stm32h7xx_hal_rcc.o
 .debug_aranges
                0x0000000000000690       0x20 ./Src/gpio.o
 .debug_aranges
                0x00000000000006b0       0x58 ./Src/main.o
 .debug_aranges
                0x0000000000000708       0x20 ./Src/stm32h7xx_hal_msp.o
 .debug_aranges
                0x0000000000000728       0x60 ./Src/stm32h7xx_it.o
 .debug_aranges
                0x0000000000000788       0x28 ./Src/system_stm32h7xx.o
 .debug_aranges
                0x00000000000007b0       0x28 ./Startup/startup_stm32h743vitx.o

.debug_ranges   0x0000000000000000      0x710
 .debug_ranges  0x0000000000000000      0x1a8 ./Drivers/STM32H7xx_HAL_Driver/Src/stm32h7xx_hal.o
 .debug_ranges  0x00000000000001a8      0x110 ./Drivers/STM32H7xx_HAL_Driver/Src/stm32h7xx_hal_cortex.o
 .debug_ranges  0x00000000000002b8       0x78 ./Drivers/STM32H7xx_HAL_Driver/Src/stm32h7xx_hal_flash.o
 .debug_ranges  0x0000000000000330       0xe8 ./Drivers/STM32H7xx_HAL_Driver/Src/stm32h7xx_hal_flash_ex.o
 .debug_ranges  0x0000000000000418       0x48 ./Drivers/STM32H7xx_HAL_Driver/Src/stm32h7xx_hal_gpio.o
 .debug_ranges  0x0000000000000460      0x148 ./Drivers/STM32H7xx_HAL_Driver/Src/stm32h7xx_hal_pwr_ex.o
 .debug_ranges  0x00000000000005a8       0x78 ./Drivers/STM32H7xx_HAL_Driver/Src/stm32h7xx_hal_rcc.o
 .debug_ranges  0x0000000000000620       0x10 ./Src/gpio.o
 .debug_ranges  0x0000000000000630       0x48 ./Src/main.o
 .debug_ranges  0x0000000000000678       0x10 ./Src/stm32h7xx_hal_msp.o
 .debug_ranges  0x0000000000000688       0x50 ./Src/stm32h7xx_it.o
 .debug_ranges  0x00000000000006d8       0x18 ./Src/system_stm32h7xx.o
 .debug_ranges  0x00000000000006f0       0x20 ./Startup/startup_stm32h743vitx.o

.debug_macro    0x0000000000000000    0x343f6
 .debug_macro   0x0000000000000000      0x2a9 ./Drivers/STM32H7xx_HAL_Driver/Src/stm32h7xx_hal.o
 .debug_macro   0x00000000000002a9      0xac0 ./Drivers/STM32H7xx_HAL_Driver/Src/stm32h7xx_hal.o
 .debug_macro   0x0000000000000d69      0x22c ./Drivers/STM32H7xx_HAL_Driver/Src/stm32h7xx_hal.o
 .debug_macro   0x0000000000000f95       0x2e ./Drivers/STM32H7xx_HAL_Driver/Src/stm32h7xx_hal.o
 .debug_macro   0x0000000000000fc3       0x3b ./Drivers/STM32H7xx_HAL_Driver/Src/stm32h7xx_hal.o
 .debug_macro   0x0000000000000ffe       0x22 ./Drivers/STM32H7xx_HAL_Driver/Src/stm32h7xx_hal.o
 .debug_macro   0x0000000000001020       0x8e ./Drivers/STM32H7xx_HAL_Driver/Src/stm32h7xx_hal.o
 .debug_macro   0x00000000000010ae       0x51 ./Drivers/STM32H7xx_HAL_Driver/Src/stm32h7xx_hal.o
 .debug_macro   0x00000000000010ff      0x103 ./Drivers/STM32H7xx_HAL_Driver/Src/stm32h7xx_hal.o
 .debug_macro   0x0000000000001202       0x6a ./Drivers/STM32H7xx_HAL_Driver/Src/stm32h7xx_hal.o
 .debug_macro   0x000000000000126c      0x1df ./Drivers/STM32H7xx_HAL_Driver/Src/stm32h7xx_hal.o
 .debug_macro   0x000000000000144b       0x1c ./Drivers/STM32H7xx_HAL_Driver/Src/stm32h7xx_hal.o
 .debug_macro   0x0000000000001467       0x22 ./Drivers/STM32H7xx_HAL_Driver/Src/stm32h7xx_hal.o
 .debug_macro   0x0000000000001489       0xdf ./Drivers/STM32H7xx_HAL_Driver/Src/stm32h7xx_hal.o
 .debug_macro   0x0000000000001568     0x12cd ./Drivers/STM32H7xx_HAL_Driver/Src/stm32h7xx_hal.o
 .debug_macro   0x0000000000002835      0x11f ./Drivers/STM32H7xx_HAL_Driver/Src/stm32h7xx_hal.o
 .debug_macro   0x0000000000002954       0x19 ./Drivers/STM32H7xx_HAL_Driver/Src/stm32h7xx_hal.o
 .debug_macro   0x000000000000296d    0x2538b ./Drivers/STM32H7xx_HAL_Driver/Src/stm32h7xx_hal.o
 .debug_macro   0x0000000000027cf8       0x43 ./Drivers/STM32H7xx_HAL_Driver/Src/stm32h7xx_hal.o
 .debug_macro   0x0000000000027d3b     0x3cd3 ./Drivers/STM32H7xx_HAL_Driver/Src/stm32h7xx_hal.o
 .debug_macro   0x000000000002ba0e      0x174 ./Drivers/STM32H7xx_HAL_Driver/Src/stm32h7xx_hal.o
 .debug_macro   0x000000000002bb82       0x52 ./Drivers/STM32H7xx_HAL_Driver/Src/stm32h7xx_hal.o
 .debug_macro   0x000000000002bbd4       0x17 ./Drivers/STM32H7xx_HAL_Driver/Src/stm32h7xx_hal.o
 .debug_macro   0x000000000002bbeb       0x3c ./Drivers/STM32H7xx_HAL_Driver/Src/stm32h7xx_hal.o
 .debug_macro   0x000000000002bc27       0x34 ./Drivers/STM32H7xx_HAL_Driver/Src/stm32h7xx_hal.o
 .debug_macro   0x000000000002bc5b       0x16 ./Drivers/STM32H7xx_HAL_Driver/Src/stm32h7xx_hal.o
 .debug_macro   0x000000000002bc71       0x43 ./Drivers/STM32H7xx_HAL_Driver/Src/stm32h7xx_hal.o
 .debug_macro   0x000000000002bcb4       0x34 ./Drivers/STM32H7xx_HAL_Driver/Src/stm32h7xx_hal.o
 .debug_macro   0x000000000002bce8       0x10 ./Drivers/STM32H7xx_HAL_Driver/Src/stm32h7xx_hal.o
 .debug_macro   0x000000000002bcf8       0x58 ./Drivers/STM32H7xx_HAL_Driver/Src/stm32h7xx_hal.o
 .debug_macro   0x000000000002bd50       0x71 ./Drivers/STM32H7xx_HAL_Driver/Src/stm32h7xx_hal.o
 .debug_macro   0x000000000002bdc1       0x1c ./Drivers/STM32H7xx_HAL_Driver/Src/stm32h7xx_hal.o
 .debug_macro   0x000000000002bddd      0x12a ./Drivers/STM32H7xx_HAL_Driver/Src/stm32h7xx_hal.o
 .debug_macro   0x000000000002bf07      0x333 ./Drivers/STM32H7xx_HAL_Driver/Src/stm32h7xx_hal.o
 .debug_macro   0x000000000002c23a      0x1a9 ./Drivers/STM32H7xx_HAL_Driver/Src/stm32h7xx_hal.o
 .debug_macro   0x000000000002c3e3       0x54 ./Drivers/STM32H7xx_HAL_Driver/Src/stm32h7xx_hal.o
 .debug_macro   0x000000000002c437     0x2382 ./Drivers/STM32H7xx_HAL_Driver/Src/stm32h7xx_hal.o
 .debug_macro   0x000000000002e7b9     0x1009 ./Drivers/STM32H7xx_HAL_Driver/Src/stm32h7xx_hal.o
 .debug_macro   0x000000000002f7c2      0x138 ./Drivers/STM32H7xx_HAL_Driver/Src/stm32h7xx_hal.o
 .debug_macro   0x000000000002f8fa      0x117 ./Drivers/STM32H7xx_HAL_Driver/Src/stm32h7xx_hal.o
 .debug_macro   0x000000000002fa11      0x3b2 ./Drivers/STM32H7xx_HAL_Driver/Src/stm32h7xx_hal.o
 .debug_macro   0x000000000002fdc3       0x27 ./Drivers/STM32H7xx_HAL_Driver/Src/stm32h7xx_hal.o
 .debug_macro   0x000000000002fdea      0x72d ./Drivers/STM32H7xx_HAL_Driver/Src/stm32h7xx_hal.o
 .debug_macro   0x0000000000030517      0x229 ./Drivers/STM32H7xx_HAL_Driver/Src/stm32h7xx_hal.o
 .debug_macro   0x0000000000030740       0x66 ./Drivers/STM32H7xx_HAL_Driver/Src/stm32h7xx_hal.o
 .debug_macro   0x00000000000307a6      0x3bb ./Drivers/STM32H7xx_HAL_Driver/Src/stm32h7xx_hal.o
 .debug_macro   0x0000000000030b61      0x3e5 ./Drivers/STM32H7xx_HAL_Driver/Src/stm32h7xx_hal.o
 .debug_macro   0x0000000000030f46      0x275 ./Drivers/STM32H7xx_HAL_Driver/Src/stm32h7xx_hal.o
 .debug_macro   0x00000000000311bb      0x3cb ./Drivers/STM32H7xx_HAL_Driver/Src/stm32h7xx_hal.o
 .debug_macro   0x0000000000031586      0x41d ./Drivers/STM32H7xx_HAL_Driver/Src/stm32h7xx_hal.o
 .debug_macro   0x00000000000319a3       0x51 ./Drivers/STM32H7xx_HAL_Driver/Src/stm32h7xx_hal.o
 .debug_macro   0x00000000000319f4       0x4a ./Drivers/STM32H7xx_HAL_Driver/Src/stm32h7xx_hal.o
 .debug_macro   0x0000000000031a3e      0x22c ./Drivers/STM32H7xx_HAL_Driver/Src/stm32h7xx_hal.o
 .debug_macro   0x0000000000031c6a       0x64 ./Drivers/STM32H7xx_HAL_Driver/Src/stm32h7xx_hal.o
 .debug_macro   0x0000000000031cce       0xa5 ./Drivers/STM32H7xx_HAL_Driver/Src/stm32h7xx_hal.o
 .debug_macro   0x0000000000031d73      0x1c5 ./Drivers/STM32H7xx_HAL_Driver/Src/stm32h7xx_hal.o
 .debug_macro   0x0000000000031f38      0x25f ./Drivers/STM32H7xx_HAL_Driver/Src/stm32h7xx_hal.o
 .debug_macro   0x0000000000032197       0x35 ./Drivers/STM32H7xx_HAL_Driver/Src/stm32h7xx_hal.o
 .debug_macro   0x00000000000321cc      0x5a0 ./Drivers/STM32H7xx_HAL_Driver/Src/stm32h7xx_hal.o
 .debug_macro   0x000000000003276c      0x27f ./Drivers/STM32H7xx_HAL_Driver/Src/stm32h7xx_hal_cortex.o
 .debug_macro   0x00000000000329eb      0x285 ./Drivers/STM32H7xx_HAL_Driver/Src/stm32h7xx_hal_flash.o
 .debug_macro   0x0000000000032c70      0x285 ./Drivers/STM32H7xx_HAL_Driver/Src/stm32h7xx_hal_flash_ex.o
 .debug_macro   0x0000000000032ef5      0x2bb ./Drivers/STM32H7xx_HAL_Driver/Src/stm32h7xx_hal_gpio.o
 .debug_macro   0x00000000000331b0      0x2b8 ./Drivers/STM32H7xx_HAL_Driver/Src/stm32h7xx_hal_pwr_ex.o
 .debug_macro   0x0000000000033468      0x2a3 ./Drivers/STM32H7xx_HAL_Driver/Src/stm32h7xx_hal_rcc.o
 .debug_macro   0x000000000003370b      0x298 ./Src/gpio.o
 .debug_macro   0x00000000000339a3      0x2a8 ./Src/main.o
 .debug_macro   0x0000000000033c4b      0x28e ./Src/stm32h7xx_hal_msp.o
 .debug_macro   0x0000000000033ed9      0x298 ./Src/stm32h7xx_it.o
 .debug_macro   0x0000000000034171      0x285 ./Src/system_stm32h7xx.o

.debug_line     0x0000000000000000     0x9437
 .debug_line    0x0000000000000000      0xdef ./Drivers/STM32H7xx_HAL_Driver/Src/stm32h7xx_hal.o
 .debug_line    0x0000000000000def      0xd8f ./Drivers/STM32H7xx_HAL_Driver/Src/stm32h7xx_hal_cortex.o
 .debug_line    0x0000000000001b7e      0xd1a ./Drivers/STM32H7xx_HAL_Driver/Src/stm32h7xx_hal_flash.o
 .debug_line    0x0000000000002898     0x1060 ./Drivers/STM32H7xx_HAL_Driver/Src/stm32h7xx_hal_flash_ex.o
 .debug_line    0x00000000000038f8      0xc60 ./Drivers/STM32H7xx_HAL_Driver/Src/stm32h7xx_hal_gpio.o
 .debug_line    0x0000000000004558      0xe87 ./Drivers/STM32H7xx_HAL_Driver/Src/stm32h7xx_hal_pwr_ex.o
 .debug_line    0x00000000000053df     0x12db ./Drivers/STM32H7xx_HAL_Driver/Src/stm32h7xx_hal_rcc.o
 .debug_line    0x00000000000066ba      0x7eb ./Src/gpio.o
 .debug_line    0x0000000000006ea5      0xb35 ./Src/main.o
 .debug_line    0x00000000000079da      0x7dc ./Src/stm32h7xx_hal_msp.o
 .debug_line    0x00000000000081b6      0x899 ./Src/stm32h7xx_it.o
 .debug_line    0x0000000000008a4f      0x965 ./Src/system_stm32h7xx.o
 .debug_line    0x00000000000093b4       0x83 ./Startup/startup_stm32h743vitx.o

.debug_str      0x0000000000000000   0x14c076
 .debug_str     0x0000000000000000   0x14a081 ./Drivers/STM32H7xx_HAL_Driver/Src/stm32h7xx_hal.o
                                     0x14a6d5 (size before relaxing)
 .debug_str     0x000000000014a081      0x4c1 ./Drivers/STM32H7xx_HAL_Driver/Src/stm32h7xx_hal_cortex.o
                                     0x14a160 (size before relaxing)
 .debug_str     0x000000000014a542      0x339 ./Drivers/STM32H7xx_HAL_Driver/Src/stm32h7xx_hal_flash.o
                                     0x1496a9 (size before relaxing)
 .debug_str     0x000000000014a87b      0x463 ./Drivers/STM32H7xx_HAL_Driver/Src/stm32h7xx_hal_flash_ex.o
                                     0x149932 (size before relaxing)
 .debug_str     0x000000000014acde      0x280 ./Drivers/STM32H7xx_HAL_Driver/Src/stm32h7xx_hal_gpio.o
                                     0x1498f8 (size before relaxing)
 .debug_str     0x000000000014af5e      0x66a ./Drivers/STM32H7xx_HAL_Driver/Src/stm32h7xx_hal_pwr_ex.o
                                     0x149cac (size before relaxing)
 .debug_str     0x000000000014b5c8      0x435 ./Drivers/STM32H7xx_HAL_Driver/Src/stm32h7xx_hal_rcc.o
                                     0x149b87 (size before relaxing)
 .debug_str     0x000000000014b9fd      0x3b3 ./Src/gpio.o
                                     0x149953 (size before relaxing)
 .debug_str     0x000000000014bdb0      0x16a ./Src/main.o
                                     0x149c3b (size before relaxing)
 .debug_str     0x000000000014bf1a       0x1b ./Src/stm32h7xx_hal_msp.o
                                     0x1498b8 (size before relaxing)
 .debug_str     0x000000000014bf35       0xb8 ./Src/stm32h7xx_it.o
                                     0x14971f (size before relaxing)
 .debug_str     0x000000000014bfed       0x58 ./Src/system_stm32h7xx.o
                                     0x149702 (size before relaxing)
 .debug_str     0x000000000014c045       0x31 ./Startup/startup_stm32h743vitx.o
                                         0x46 (size before relaxing)

.comment        0x0000000000000000       0x53
 .comment       0x0000000000000000       0x53 ./Drivers/STM32H7xx_HAL_Driver/Src/stm32h7xx_hal.o
                                         0x54 (size before relaxing)
 .comment       0x0000000000000053       0x54 ./Drivers/STM32H7xx_HAL_Driver/Src/stm32h7xx_hal_cortex.o
 .comment       0x0000000000000053       0x54 ./Drivers/STM32H7xx_HAL_Driver/Src/stm32h7xx_hal_flash.o
 .comment       0x0000000000000053       0x54 ./Drivers/STM32H7xx_HAL_Driver/Src/stm32h7xx_hal_flash_ex.o
 .comment       0x0000000000000053       0x54 ./Drivers/STM32H7xx_HAL_Driver/Src/stm32h7xx_hal_gpio.o
 .comment       0x0000000000000053       0x54 ./Drivers/STM32H7xx_HAL_Driver/Src/stm32h7xx_hal_pwr_ex.o
 .comment       0x0000000000000053       0x54 ./Drivers/STM32H7xx_HAL_Driver/Src/stm32h7xx_hal_rcc.o
 .comment       0x0000000000000053       0x54 ./Src/gpio.o
 .comment       0x0000000000000053       0x54 ./Src/main.o
 .comment       0x0000000000000053       0x54 ./Src/stm32h7xx_hal_msp.o
 .comment       0x0000000000000053       0x54 ./Src/stm32h7xx_it.o
 .comment       0x0000000000000053       0x54 ./Src/system_stm32h7xx.o

.debug_frame    0x0000000000000000     0x1dfc
 .debug_frame   0x0000000000000000      0x710 ./Drivers/STM32H7xx_HAL_Driver/Src/stm32h7xx_hal.o
 .debug_frame   0x0000000000000710      0x4b8 ./Drivers/STM32H7xx_HAL_Driver/Src/stm32h7xx_hal_cortex.o
 .debug_frame   0x0000000000000bc8      0x200 ./Drivers/STM32H7xx_HAL_Driver/Src/stm32h7xx_hal_flash.o
 .debug_frame   0x0000000000000dc8      0x434 ./Drivers/STM32H7xx_HAL_Driver/Src/stm32h7xx_hal_flash_ex.o
 .debug_frame   0x00000000000011fc      0x14c ./Drivers/STM32H7xx_HAL_Driver/Src/stm32h7xx_hal_gpio.o
 .debug_frame   0x0000000000001348      0x580 ./Drivers/STM32H7xx_HAL_Driver/Src/stm32h7xx_hal_pwr_ex.o
 .debug_frame   0x00000000000018c8      0x1f8 ./Drivers/STM32H7xx_HAL_Driver/Src/stm32h7xx_hal_rcc.o
 .debug_frame   0x0000000000001ac0       0x34 ./Src/gpio.o
 .debug_frame   0x0000000000001af4      0x120 ./Src/main.o
 .debug_frame   0x0000000000001c14       0x38 ./Src/stm32h7xx_hal_msp.o
 .debug_frame   0x0000000000001c4c      0x10c ./Src/stm32h7xx_it.o
 .debug_frame   0x0000000000001d58       0x58 ./Src/system_stm32h7xx.o
 .debug_frame   0x0000000000001db0       0x2c e:/stm32cubeide_1.7.0/stm32cubeide/plugins/com.st.stm32cube.ide.mcu.externaltools.gnu-tools-for-stm32.9-2020-q2-update.win32_2.0.0.202105311346/tools/bin/../lib/gcc/arm-none-eabi/9.3.1/../../../../arm-none-eabi/lib/thumb/v7e-m+dp/hard\libc_nano.a(lib_a-init.o)
 .debug_frame   0x0000000000001ddc       0x20 e:/stm32cubeide_1.7.0/stm32cubeide/plugins/com.st.stm32cube.ide.mcu.externaltools.gnu-tools-for-stm32.9-2020-q2-update.win32_2.0.0.202105311346/tools/bin/../lib/gcc/arm-none-eabi/9.3.1/../../../../arm-none-eabi/lib/thumb/v7e-m+dp/hard\libc_nano.a(lib_a-memset.o)
