lcd.c:46:6:LCD_Test	48	static
lcd.c:113:6:LCD_SetBrightness	16	static
lcd.c:120:10:LCD_GetBrightness	4	static
lcd.c:128:6:LCD_SoftPWMEnable	16	static
lcd.c:136:9:LCD_SoftPWMIsEnable	4	static
lcd.c:141:6:LCD_SoftPWMCtrlInit	32	static
lcd.c:158:6:LCD_SoftPWMCtrlDeInit	8	static
lcd.c:164:6:LCD_SoftPWMCtrlRun	8	static
lcd.c:180:6:HAL_TIM_PeriodElapsedCallback	16	static
lcd.c:191:6:LCD_Light	48	static
lcd.c:239:6:LCD_ShowChar	72	dynamic
lcd.c:323:6:LCD_ShowString	40	static
lcd.c:338:16:lcd_init	16	static
lcd.c:345:16:lcd_gettick	8	static
lcd.c:350:16:lcd_writereg	32	static
lcd.c:364:16:lcd_readreg	24	static
lcd.c:378:16:lcd_senddata	24	static
lcd.c:389:16:lcd_recvdata	24	static
